 :-) GROMACS - gmx mdrun, 2025.2-2025_HIP_ENABLEMENT-dev-20250710-d7d179dcd8-unknown (-:

Copyright 1991-2025 The GROMACS Authors.
GROMACS is free software; you can redistribute it and/or modify it
under the terms of the GNU Lesser General Public License
as published by the Free Software Foundation; either version 2.1
of the License, or (at your option) any later version.

                         Current GROMACS contributors:
       Mark Abraham           Andrey Alekseenko           Brian Andrews       
      Vladimir Basov              Paul Bauer                Hugh Bird         
      Eliane Briand               Ania Brown              Mahesh Doijade      
      Giacomo Fiorin          Stefan Fleischmann          Sergey Gorelov      
   Gilles Gouaillardet            Alan Gray              M. Eric Irrgang      
   Farzaneh Jalalypour         Petter Johansson          Carsten Kutzner      
    Grzegorz Łazarski         Justin A. Lemkul          Magnus Lundborg      
       Pascal Merz             Vedran Miletić            Dmitry Morozov      
     Lukas Müllender            Julien Nabet             Szilárd Páll      
 Andrea Pasquadibisceglie     Michele Pellegrino         Nicola Piasentin     
     Daniele Rapetti         Muhammad Umair Sadiq         Hubert Santuz       
      Roland Schulz             Michael Shirts           Tatiana Shugaeva     
     Alexey Shvetsov            Philip Turner            Alessandra Villa     
 Sebastian Wingbermühle  

                         Previous GROMACS contributors:
        Emile Apol             Rossen Apostolov           James Barnett       
  Herman J.C. Berendsen         Cathrine Bergh             Par Bjelkmar       
      Christian Blau          Viacheslav Bolnykh            Kevin Boyd        
    Aldert van Buuren          Carlo Camilloni           Rudi van Drunen      
      Anton Feenstra           Oliver Fleetwood            Vytas Gapsys       
       Gaurav Garg             Gerrit Groenhof            Bert de Groot       
      Anca Hamuraru           Vincent Hindriksen          Victor Holanda      
     Aleksei Iupinov              Joe Jordan            Christoph Junghans    
    Prashanth Kanduri        Dimitrios Karkoulis           Peter Kasson       
      Sebastian Kehl           Sebastian Keller             Jiri Kraus        
       Per Larsson              Viveca Lindahl            Erik Marklund       
    Pieter Meulenhoff           Teemu Murtola              Sander Pronk       
      Alfons Sijbers            Balint Soproni         David van der Spoel    
      Peter Tieleman            Carsten Uphoff             Jon Vincent        
     Teemu Virolainen         Christian Wennberg           Maarten Wolf       
      Artem Zhmurov       

                  Coordinated by the GROMACS project leaders:
                           Berk Hess and Erik Lindahl

GROMACS:      gmx mdrun, version 2025.2-2025_HIP_ENABLEMENT-dev-20250710-d7d179dcd8-unknown
Executable:   /home/bagus/SC2025_additional_experiment/SC25_ROCM_GROMACS_2025.2/apps/gromacs/bin/gmx_mpi
Data prefix:  /home/bagus/SC2025_additional_experiment/SC25_ROCM_GROMACS_2025.2/apps/gromacs
Working dir:  /home/bagus/SC2025_additional_experiment/SC25_ROCM_GROMACS_2025.2/batch
Process ID:   3462955
Command line:
  gmx_mpi mdrun -g run_stmv_8GPU_2xPME_20250816_032040.log -e run_stmv_8GPU_2xPME_20250816_032040.edr -ntomp 10 -npme 2 -dlb no -pin on -nb gpu -pme gpu -pmefft gpu -update gpu -bonded gpu -gpu_id 01234567 -noconfout -notunepme -s /home/bagus/SC2025_additional_experiment/SC25_ROCM_GROMACS_2025.2/dataset/stmv/pme_nvt_2025.tpr -nstlist 300 -nsteps 100000 -resetstep 90000 -v

GROMACS version:     2025.2-2025_HIP_ENABLEMENT-dev-20250710-d7d179dcd8-unknown
GIT SHA1 hash:       d7d179dcd87438f4f54f33e6a00c3fba2440c2e1
Branched from:       unknown
Precision:           mixed
Memory model:        64 bit
MPI library:         MPI (GPU-aware: HIP)
MPI library version: Open MPI v5.0.8rc3, package: Open MPI bagus@xe9680-waco2 Distribution, ident: 5.0.8rc3, repo rev: v5.0.8, 30 May 2025
OpenMP support:      enabled (GMX_OPENMP_MAX_THREADS = 128)
GPU support:         HIP
SIMD instructions:   AVX_512
CPU FFT library:     fftw-3.3.10-sse2-avx-avx2-avx2_128
GPU FFT library:     rocFFT 1.0.31
Multi-GPU FFT:       HeFFTe 2.4.1 with rocFFT backend
RDTSCP usage:        enabled
TNG support:         enabled
Hwloc support:       disabled
Tracing support:     disabled
C compiler:          /opt/rocm/llvm/bin/clang Clang 18.0.0
C compiler flags:    -march=skylake-avx512 -Wall -Wno-unused -Wunused-value -Wunused-parameter -Wno-missing-field-initializers -O3 -DNDEBUG
C++ compiler:        /opt/rocm/llvm/bin/clang++ Clang 18.0.0
C++ compiler flags:  -march=skylake-avx512 -Wall -Wextra -Wpointer-arith -Wmissing-prototypes -Wpedantic -Wdeprecated -Wno-unused-function -Wno-reserved-identifier -Wno-missing-field-initializers -Weverything -Wno-c++98-compat -Wno-c++98-compat-pedantic -Wno-source-uses-openmp -Wno-c++17-extensions -Wno-documentation-unknown-command -Wno-covered-switch-default -Wno-switch-enum -Wno-switch-default -Wno-extra-semi-stmt -Wno-weak-vtables -Wno-shadow -Wno-padded -Wno-reserved-id-macro -Wno-double-promotion -Wno-exit-time-destructors -Wno-global-constructors -Wno-documentation -Wno-format-nonliteral -Wno-used-but-marked-unused -Wno-float-equal -Wno-conditional-uninitialized -Wno-conversion -Wno-disabled-macro-expansion -Wno-unused-macros -Wno-unsafe-buffer-usage -Wno-old-style-cast -Wno-cast-qual -Wno-suggest-override -Wno-suggest-destructor-override -Wno-zero-as-null-pointer-constant -Wno-cast-function-type-strict SHELL:-fopenmp=libomp -O3 -DNDEBUG
BLAS library:        External - detected on the system
LAPACK library:      External - detected on the system
HIP compiler:        /opt/rocm/bin/hipcc 6.3.42134-a9a80e791
HIP compiler flags:  --offload-arch=gfx942;-fPIC;-fno-gpu-rdc;-ffast-math;-munsafe-fp-atomics;-fdenormal-fp-math=ieee;-fcuda-flush-denormals-to-zero;-fno-slp-vectorize;-Wno-unused-command-line-argument;-Wno-pass-failed;-DNDEBUG -O3 -DNDEBUG
HIP driver/runtime:  6.3.42134


Running on 1 node with total 80 cores, 80 processing units, 8 compatible GPUs
Hardware detected on host xe9680-waco2 (the node of MPI rank 0):
  CPU info:
    Vendor: Intel
    Brand:  Intel(R) Xeon(R) Platinum 8460Y+
    Family: 6   Model: 143   Stepping: 8
    Features: aes apic avx avx2 avx512f avx512cd avx512bw avx512vl avx512bf16 avx512secondFMA clfsh cmov cx8 cx16 f16c fma htt intel lahf mmx msr nonstop_tsc pcid pclmuldq pdcm pdpe1gb popcnt pse rdrnd rdtscp sha sse2 sse3 sse4.1 sse4.2 ssse3 tdt x2apic
    Number of AVX-512 FMA units: 2
  Hardware topology: Basic
    Packages, cores, and logical processors:
    [indices refer to OS logical processors]
      Package  0: [   0] [   1] [   2] [   3] [   4] [   5] [   6] [   7] [   8] [   9] [  10] [  11] [  12] [  13] [  14] [  15] [  16] [  17] [  18] [  19] [  20] [  21] [  22] [  23] [  24] [  25] [  26] [  27] [  28] [  29] [  30] [  31] [  32] [  33] [  34] [  35] [  36] [  37] [  38] [  39]
      Package  1: [  40] [  41] [  42] [  43] [  44] [  45] [  46] [  47] [  48] [  49] [  50] [  51] [  52] [  53] [  54] [  55] [  56] [  57] [  58] [  59] [  60] [  61] [  62] [  63] [  64] [  65] [  66] [  67] [  68] [  69] [  70] [  71] [  72] [  73] [  74] [  75] [  76] [  77] [  78] [  79]
    CPU limit set by OS: -1   Recommended max number of threads: 80
  GPU info:
    Number of GPUs detected: 8
    #0: AMD AMD Instinct MI300X, gcn: gfx942:sramecc+:xnack-, largeRegisterPool:  no, ECC:  no, stat: compatible
    #1: AMD AMD Instinct MI300X, gcn: gfx942:sramecc+:xnack-, largeRegisterPool:  no, ECC:  no, stat: compatible
    #2: AMD AMD Instinct MI300X, gcn: gfx942:sramecc+:xnack-, largeRegisterPool:  no, ECC:  no, stat: compatible
    #3: AMD AMD Instinct MI300X, gcn: gfx942:sramecc+:xnack-, largeRegisterPool:  no, ECC:  no, stat: compatible
    #4: AMD AMD Instinct MI300X, gcn: gfx942:sramecc+:xnack-, largeRegisterPool:  no, ECC:  no, stat: compatible
    #5: AMD AMD Instinct MI300X, gcn: gfx942:sramecc+:xnack-, largeRegisterPool:  no, ECC:  no, stat: compatible
    #6: AMD AMD Instinct MI300X, gcn: gfx942:sramecc+:xnack-, largeRegisterPool:  no, ECC:  no, stat: compatible
    #7: AMD AMD Instinct MI300X, gcn: gfx942:sramecc+:xnack-, largeRegisterPool:  no, ECC:  no, stat: compatible


++++ PLEASE READ AND CITE THE FOLLOWING REFERENCE ++++
M. J. Abraham, T. Murtola, R. Schulz, S. Páll, J. C. Smith, B. Hess, E.
Lindahl
GROMACS: High performance molecular simulations through multi-level
parallelism from laptops to supercomputers
SoftwareX (2015)
DOI: 10.1016/j.softx.2015.06.001
-------- -------- --- Thank You --- -------- --------


++++ PLEASE READ AND CITE THE FOLLOWING REFERENCE ++++
S. Páll, M. J. Abraham, C. Kutzner, B. Hess, E. Lindahl
Tackling Exascale Software Challenges in Molecular Dynamics Simulations with
GROMACS
In S. Markidis & E. Laure (Eds.), Solving Software Challenges for Exascale (2015)
DOI: 10.1007/978-3-319-15976-8_1
-------- -------- --- Thank You --- -------- --------


++++ PLEASE READ AND CITE THE FOLLOWING REFERENCE ++++
S. Pronk, S. Páll, R. Schulz, P. Larsson, P. Bjelkmar, R. Apostolov, M. R.
Shirts, J. C. Smith, P. M. Kasson, D. van der Spoel, B. Hess, E. Lindahl
GROMACS 4.5: a high-throughput and highly parallel open source molecular
simulation toolkit
Bioinformatics (2013)
DOI: 10.1093/bioinformatics/btt055
-------- -------- --- Thank You --- -------- --------


++++ PLEASE READ AND CITE THE FOLLOWING REFERENCE ++++
B. Hess, C. Kutzner, D. van der Spoel, E. Lindahl
GROMACS 4: Algorithms for highly efficient, load-balanced, and scalable
molecular simulation
J. Chem. Theory Comput. (2008)
DOI: 10.1021/ct700301q
-------- -------- --- Thank You --- -------- --------


++++ PLEASE READ AND CITE THE FOLLOWING REFERENCE ++++
D. van der Spoel, E. Lindahl, B. Hess, G. Groenhof, A. E. Mark, H. J. C.
Berendsen
GROMACS: Fast, Flexible and Free
J. Comp. Chem. (2005)
DOI: 10.1002/jcc.20291
-------- -------- --- Thank You --- -------- --------


++++ PLEASE READ AND CITE THE FOLLOWING REFERENCE ++++
E. Lindahl, B. Hess, D. van der Spoel
GROMACS 3.0: A package for molecular simulation and trajectory analysis
J. Mol. Mod. (2001)
DOI: 10.1007/s008940100045
-------- -------- --- Thank You --- -------- --------


++++ PLEASE READ AND CITE THE FOLLOWING REFERENCE ++++
H. J. C. Berendsen, D. van der Spoel and R. van Drunen
GROMACS: A message-passing parallel molecular dynamics implementation
Comp. Phys. Comm. (1995)
DOI: 10.1016/0010-4655(95)00042-E
-------- -------- --- Thank You --- -------- --------

Input Parameters:
   integrator                     = md
   tinit                          = 0
   dt                             = 0.002
   nsteps                         = -1
   init-step                      = 0
   simulation-part                = 1
   mts                            = false
   mass-repartition-factor        = 1
   comm-mode                      = Linear
   nstcomm                        = 1000
   bd-fric                        = 0
   ld-seed                        = 603619038
   emtol                          = 10
   emstep                         = 0.01
   niter                          = 20
   fcstep                         = 0
   nstcgsteep                     = 1000
   nbfgscorr                      = 10
   rtpi                           = 0.05
   nstxout                        = 0
   nstvout                        = 0
   nstfout                        = 0
   nstlog                         = 0
   nstcalcenergy                  = 1000
   nstenergy                      = 0
   nstxout-compressed             = 0
   compressed-x-precision         = 1000
   cutoff-scheme                  = Verlet
   nstlist                        = 10
   pbc                            = xyz
   periodic-molecules             = false
   verlet-buffer-tolerance        = 0.005
   verlet-buffer-pressure-tolerance = 0.5
   rlist                          = 1.2
   coulombtype                    = PME
   coulomb-modifier               = Potential-shift
   rcoulomb-switch                = 0
   rcoulomb                       = 1.2
   epsilon-r                      = 1
   epsilon-rf                     = inf
   vdw-type                       = Cut-off
   vdw-modifier                   = Force-switch
   rvdw-switch                    = 1
   rvdw                           = 1.2
   DispCorr                       = No
   table-extension                = 1
   fourierspacing                 = 0.15
   fourier-nx                     = 160
   fourier-ny                     = 160
   fourier-nz                     = 160
   pme-order                      = 4
   ewald-rtol                     = 1e-05
   ewald-rtol-lj                  = 0.001
   lj-pme-comb-rule               = Geometric
   ewald-geometry                 = 3d
   epsilon-surface                = 0
   ensemble-temperature-setting   = constant
   ensemble-temperature           = 298
   tcoupl                         = V-rescale
   nsttcouple                     = 100
   nh-chain-length                = 0
   print-nose-hoover-chain-variables = false
   pcoupl                         = No
   refcoord-scaling               = No
   posres-com: not available
   posres-comB: not available
   QMMM                           = false
qm-opts:
   ngQM                           = 0
   constraint-algorithm           = Lincs
   continuation                   = false
   Shake-SOR                      = false
   shake-tol                      = 0.0001
   lincs-order                    = 4
   lincs-iter                     = 1
   lincs-warnangle                = 30
   nwall                          = 0
   wall-type                      = 9-3
   wall-r-linpot                  = -1
   wall-atomtype[0]               = -1
   wall-atomtype[1]               = -1
   wall-density[0]                = 0
   wall-density[1]                = 0
   wall-ewald-zfac                = 3
   pull                           = false
   awh                            = false
   rotation                       = false
   interactiveMD                  = false
   disre                          = No
   disre-weighting                = Conservative
   disre-mixed                    = false
   dr-fc                          = 1000
   dr-tau                         = 0
   nstdisreout                    = 100
   orire-fc                       = 0
   orire-tau                      = 0
   nstorireout                    = 100
   free-energy                    = no
   cos-acceleration               = 0
   deform (3x3):
      deform[    0]={ 0.00000e+00,  0.00000e+00,  0.00000e+00}
      deform[    1]={ 0.00000e+00,  0.00000e+00,  0.00000e+00}
      deform[    2]={ 0.00000e+00,  0.00000e+00,  0.00000e+00}
   simulated-tempering            = false
   swapcoords                     = no
   userint1                       = 0
   userint2                       = 0
   userint3                       = 0
   userint4                       = 0
   userreal1                      = 0
   userreal2                      = 0
   userreal3                      = 0
   userreal4                      = 0
   applied-forces:
     electric-field:
       x:
         E0                       = 0
         omega                    = 0
         t0                       = 0
         sigma                    = 0
       y:
         E0                       = 0
         omega                    = 0
         t0                       = 0
         sigma                    = 0
       z:
         E0                       = 0
         omega                    = 0
         t0                       = 0
         sigma                    = 0
     density-guided-simulation:
       active                     = false
       group                      = protein
       similarity-measure         = inner-product
       atom-spreading-weight      = unity
       force-constant             = 1e+09
       gaussian-transform-spreading-width = 0.2
       gaussian-transform-spreading-range-in-multiples-of-width = 4
       reference-density-filename = reference.mrc
       nst                        = 1
       normalize-densities        = true
       adaptive-force-scaling     = false
       adaptive-force-scaling-time-constant = 4
       shift-vector               = 
       transformation-matrix      = 
     qmmm-cp2k:
       active                     = false
       qmgroup                    = System
       qmmethod                   = PBE
       qmfilenames                = 
       qmcharge                   = 0
       qmmultiplicity             = 1
     colvars:
       active                     = false
       configfile                 = 
       seed                       = -1
     nnpot:
       active                     = false
       modelfile                  = model.pt
       input-group                = System
       model-input1               = 
       model-input2               = 
       model-input3               = 
       model-input4               = 
grpopts:
   nrdf:  2.22246e+06
   ref-t:         298
   tau-t:           1
annealing:          No
annealing-npoints:           0
   acc:	           0           0           0
   nfreeze:           N           N           N
   energygrp-flags[  0]: 0

The -nsteps functionality is deprecated, and may be removed in a future version. Consider using gmx convert-tpr -nsteps or changing the appropriate .mdp file field.

Overriding nsteps with value passed on the command line: 100000 steps, 200 ps
Changing nstlist from 10 to 300, rlist from 1.2 to 2.076


GPU-aware MPI detected, enabling direct GPU communication. If GROMACS crashes at the beginning of the run, try fixing your MPI installation, or set the GMX_DISABLE_DIRECT_GPU_COMM environment variable as a workaround.

This run has requested the 'GPU PME decomposition' feature, enabled by the GMX_GPU_PME_DECOMPOSITION environment variable. PME decomposition lacks substantial testing and should be used with caution.

Initializing Domain Decomposition on 8 ranks
Dynamic load balancing: off
Using update groups, nr 389067, average size 2.7 atoms, max. radius 0.139 nm
Minimum cell size due to atom displacement: 1.848 nm
Initial maximum distances in bonded interactions:
    two-body bonded interactions: 0.442 nm, LJ-14, atoms 106625 106633
  multi-body bonded interactions: 0.442 nm, Proper Dih., atoms 106625 106633
Minimum cell size due to bonded interactions: 0.486 nm
Using 2 separate PME ranks, as requested with -npme option
Optimizing the DD grid for 6 cells with a minimum initial size of 1.848 nm
The maximum allowed number of cells is: X 11 Y 11 Z 11
Domain decomposition grid 2 x 3 x 1, separate PME ranks 2
PME domain decomposition: 2 x 1 x 1
Interleaving PP and PME ranks
This rank does only particle-particle work.
Domain decomposition rank 0, coordinates 0 0 0

The initial number of communication pulses is: X 1 Y 1
The initial domain decomposition cell size is: X 10.84 nm Y 7.23 nm

The maximum allowed distance for atom groups involved in interactions is:
                 non-bonded interactions           2.354 nm
            two-body bonded interactions  (-rdd)   2.354 nm
          multi-body bonded interactions  (-rdd)   2.354 nm

Local state does not use filler particles

On host xe9680-waco2 8 GPUs selected for this run.
Mapping of GPU IDs to the 8 GPU tasks in the 8 ranks on this node:
  PP:0,PP:1,PP:2,PME:3,PP:4,PP:5,PP:6,PME:7
PP tasks will do (non-perturbed) short-ranged and most bonded interactions on the GPU
PP task will update and constrain coordinates on the GPU
PME tasks will do all aspects on the GPU
GPU direct communication will be used between MPI ranks.
Using 8 MPI processes
Using 10 OpenMP threads per MPI process


The -resetstep functionality is deprecated, and may be removed in a future version.
System total charge: 0.000
Will do PME sum in reciprocal space for electrostatic interactions.

++++ PLEASE READ AND CITE THE FOLLOWING REFERENCE ++++
U. Essmann, L. Perera, M. L. Berkowitz, T. Darden, H. Lee, L. G. Pedersen 
A smooth particle mesh Ewald method
J. Chem. Phys. (1995)
DOI: 10.1063/1.470117
-------- -------- --- Thank You --- -------- --------

Using a Gaussian width (1/beta) of 0.384195 nm for Ewald
Potential shift: LJ r^-12: -2.648e-01 r^-6: -5.349e-01, Ewald -8.333e-06
Initialized non-bonded Coulomb Ewald tables, spacing: 1.02e-03 size: 1176

Generated table with 1538 data points for 1-4 COUL.
Tabscale = 500 points/nm
Generated table with 1538 data points for 1-4 LJ6.
Tabscale = 500 points/nm
Generated table with 1538 data points for 1-4 LJ12.
Tabscale = 500 points/nm


Using GPU 8x8 nonbonded short-range kernels

NBNxM GPU setup: super-cluster 2x2x2

Using a dual 8x8 pair-list setup updated with dynamic, rolling pruning:
  outer list: updated every 300 steps, buffer 0.876 nm, rlist 2.076 nm
  inner list: updated every  12 steps, buffer 0.002 nm, rlist 1.202 nm
At tolerance 0.005 kJ/mol/ps per atom, equivalent classical 1x1 list would be:
  outer list: updated every 300 steps, buffer 1.039 nm, rlist 2.239 nm
  inner list: updated every  12 steps, buffer 0.051 nm, rlist 1.251 nm

The average pressure is off by at most 0.24 bar due to missing LJ interactions
Removing pbc first time

Linking all bonded interactions to atoms


Pinning threads with an auto-selected logical cpu stride of 1

Initializing LINear Constraint Solver

++++ PLEASE READ AND CITE THE FOLLOWING REFERENCE ++++
B. Hess, H. Bekker, H. J. C. Berendsen, J. G. E. M. Fraaije
LINCS: A Linear Constraint Solver for molecular simulations
J. Comp. Chem. (1997)
DOI: 10.1002/(sici)1096-987x(199709)18:12<1463::aid-jcc4>3.0.co;2-h
-------- -------- --- Thank You --- -------- --------

The number of constraints is 77851

++++ PLEASE READ AND CITE THE FOLLOWING REFERENCE ++++
S. Miyamoto, P. A. Kollman
SETTLE: An Analytical Version of the SHAKE and RATTLE Algorithms for Rigid
Water Models
J. Comp. Chem. (1992)
DOI: 10.1002/jcc.540130805
-------- -------- --- Thank You --- -------- --------


The -noconfout functionality is deprecated, and may be removed in a future version.

Intra-simulation communication will occur every 100 steps.

++++ PLEASE READ AND CITE THE FOLLOWING REFERENCE ++++
G. Bussi, D. Donadio, M. Parrinello
Canonical sampling through velocity rescaling
J. Chem. Phys. (2007)
DOI: 10.1063/1.2408420
-------- -------- --- Thank You --- -------- --------

There are: 1066628 Atoms
Atom distribution over 6 domains: av 177771 stddev 484 min 177502 max 178465

Updating coordinates and applying constraints on the GPU.

Constraining the starting coordinates (step 0)

Constraining the coordinates at t0-dt (step 0)
Center of mass motion removal mode is Linear
We have the following groups for center of mass motion removal:
  0:  rest
RMS relative constraint deviation after constraining: 4.28e-06
Initial temperature: 13.2162 K

Started mdrun on rank 0 Sat Aug 16 03:20:58 2025

           Step           Time
              0        0.00000

   Energies (kJ/mol)
           Bond            U-B    Proper Dih.  Improper Dih.          LJ-14
    1.24978e+05    3.68292e+05    3.37658e+05    1.81847e+04    1.68965e+05
     Coulomb-14        LJ (SR)   Coulomb (SR)   Coul. recip.      Potential
    1.53250e+06    1.45100e+06   -1.89764e+07    5.94811e+04   -1.49153e+07
    Kinetic En.   Total Energy  Conserved En.    Temperature Pressure (bar)
    2.66206e+05   -1.46491e+07   -1.46491e+07    2.88124e+01    7.55833e+02
   Constr. rmsd
    4.28433e-06


DD  step 299 load imb.: force  5.7%  pme mesh/force 4.642

step 90000: resetting all time and cycle counters
Restarted time on rank 0 Sat Aug 16 03:23:36 2025


DD  step 99899 load imb.: force  3.7%  pme mesh/force 3.009
           Step           Time
         100000      200.00000

   Energies (kJ/mol)
           Bond            U-B    Proper Dih.  Improper Dih.          LJ-14
    1.59473e+05    4.44615e+05    3.42904e+05    2.13392e+04    1.71922e+05
     Coulomb-14        LJ (SR)   Coulomb (SR)   Coul. recip.      Potential
    1.53098e+06    1.08674e+06   -1.83136e+07    6.11649e+04   -1.44945e+07
    Kinetic En.   Total Energy  Conserved En.    Temperature Pressure (bar)
    2.75535e+06   -1.17391e+07   -1.45451e+07    2.98220e+02    5.25294e+02
   Constr. rmsd
    4.28433e-06


Energy conservation over simulation part #1 of length 200 ps, time 0 to 200 ps
  Conserved energy drift: 4.88e-04 kJ/mol/ps per atom


	<======  ###############  ==>
	<====  A V E R A G E S  ====>
	<==  ###############  ======>

	Statistics over 100001 steps using 101 frames

   Energies (kJ/mol)
           Bond            U-B    Proper Dih.  Improper Dih.          LJ-14
    1.63629e+05    4.51571e+05    3.44970e+05    2.17662e+04    1.72348e+05
     Coulomb-14        LJ (SR)   Coulomb (SR)   Coul. recip.      Potential
    1.53104e+06    1.10753e+06   -1.83851e+07    6.11277e+04   -1.45311e+07
    Kinetic En.   Total Energy  Conserved En.    Temperature Pressure (bar)
    2.71970e+06   -1.18114e+07   -1.45695e+07    2.94362e+02    4.94741e+02
   Constr. rmsd
    0.00000e+00

   Total Virial (kJ/mol)
    7.55952e+05    2.63746e+01   -1.12229e+03
    2.62668e+01    7.55191e+05    4.54546e+02
   -1.12260e+03    4.54744e+02    7.52946e+05

   Pressure (bar)
    4.90559e+02   -7.81978e-01    3.72437e+00
   -7.81626e-01    4.92625e+02   -1.68390e+00
    3.72539e+00   -1.68454e+00    5.01038e+02


	M E G A - F L O P S   A C C O U N T I N G

 NB=Group-cutoff nonbonded kernels    NxN=N-by-N cluster Verlet kernels
 RF=Reaction-Field  VdW=Van der Waals  QSTab=quadratic-spline table
 W3=SPC/TIP3p  W4=TIP4p (single or pairs)
 V&F=Potential and force  V=Potential only  F=Force only

 Computing:                               M-Number         M-Flops  % Flops
-----------------------------------------------------------------------------
 Pair Search distance check           11393.726496      102543.538     0.0
 NxN QSTab Elec. + LJ [F]          40043627.605120  2122312263.071    99.8
 NxN QSTab Elec. + LJ [V&F]           44094.981312     3571693.486     0.2
 Reset In Box                            36.265352         108.796     0.0
 CG-CoM                                  36.265352         108.796     0.0
 Virial                                  11.735878         211.246     0.0
 Stop-CM                                 11.732908         117.329     0.0
 Calc-Ekin                              214.392228        5788.590     0.0
-----------------------------------------------------------------------------
 Total                                              2125992834.853   100.0
-----------------------------------------------------------------------------


    D O M A I N   D E C O M P O S I T I O N   S T A T I S T I C S

 av. #atoms communicated per step for force:  2 x 597144.6


Dynamic load balancing report:
 DLB got disabled because it was unsuitable to use.
 Average load imbalance: 3.6%.
 The balanceable part of the MD step is 29%, load imbalance is computed from this.
 Part of the total run time spent waiting due to load imbalance: 1.1%.
 Average PME mesh/force load: 3.724
 Part of the total run time spent waiting due to PP/PME imbalance: 43.6 %

NOTE: 43.6 % performance was lost because the PME ranks
      had more work to do than the PP ranks.
      You might want to increase the number of PME ranks
      or increase the cut-off and the grid spacing.


      R E A L   C Y C L E   A N D   T I M E   A C C O U N T I N G

On 6 MPI ranks doing PP, each using 10 OpenMP threads, and
on 2 MPI ranks doing PME, each using 10 OpenMP threads

 Activity:              Num   Num      Call    Wall time         Giga-Cycles
                        Ranks Threads  Count      (s)         total sum    %
--------------------------------------------------------------------------------
 Domain decomp.            6   10        102       0.696         83.369   3.0
 DD comm. load             6   10         34       0.000          0.048   0.0
 Send X to PME             6   10      10001       0.035          4.221   0.2
 Neighbor search           6   10         34       0.566         67.776   2.5
 Launch PP GPU ops.        6   10      49903       1.597        191.314   7.0
 Comm. coord.              6   10      19934       1.906        228.379   8.3
 Force                     6   10      10001       0.003          0.383   0.0
 Wait + Comm. F            6   10      19991       3.284        393.374  14.3
 PME GPU mesh *            2   10      10001      13.536        540.531  19.7
 PME wait for PP *                                 3.696        147.613   5.4
 Wait + Recv. PME F        6   10      10001       8.661       1037.633  37.8
 Wait Bonded GPU           6   10         11       0.000          0.001   0.0
 Wait GPU NB nonloc.       6   10      10001       0.004          0.535   0.0
 Wait GPU NB local         6   10      10001       0.001          0.099   0.0
 Wait GPU state copy       6   10        298       0.031          3.765   0.1
 NB X/F buffer ops.        6   10         56       0.002          0.223   0.0
 GPU constr. setup         6   10         34       0.064          7.653   0.3
 Kinetic energy            6   10        201       0.016          1.955   0.1
 Comm. energies            6   10        101       0.029          3.519   0.1
 Rest                                              0.307         36.733   1.3
--------------------------------------------------------------------------------
 Total                                            17.204       2747.975 100.0
--------------------------------------------------------------------------------
(*) Note that with separate PME ranks, the walltime column actually sums to
    twice the total reported, but the cycle count total and % are correct.
--------------------------------------------------------------------------------
 Breakdown of PME mesh activities
--------------------------------------------------------------------------------
 Wait PME GPU gather       2   10      10001       0.001          0.028   0.0
 Launch PME GPU ops.       2   10     120012       7.110        283.932  10.3
 Wait PME Recv. PP X       2   10      30003       0.652         26.048   0.9
 Wait PME GPU spread       2   10      10001       4.065        162.311   5.9
 Wait GPU FFT to PME       2   10      10001       0.472         18.868   0.7
 PME Halo exch comm        2   10      20002       1.325         52.929   1.9
--------------------------------------------------------------------------------
 Note that the cycle count and % columns are weighted by the number of ranks,
 while walltimes are not. Hence, with separate PME ranks, the fraction of each
 activity's walltime does not correspond to the cycle %.
--------------------------------------------------------------------------------

               Core t (s)   Wall t (s)        (%)
       Time:     1373.585       17.204     7984.3
                 (ns/day)    (hour/ns)
Performance:      100.454        0.239
Finished mdrun on rank 0 Sat Aug 16 03:23:53 2025

