 :-) GROMACS - gmx mdrun, 2025.2-2025_HIP_ENABLEMENT-dev-20250710-d7d179dcd8-unknown (-:

Copyright 1991-2025 The GROMACS Authors.
GROMACS is free software; you can redistribute it and/or modify it
under the terms of the GNU Lesser General Public License
as published by the Free Software Foundation; either version 2.1
of the License, or (at your option) any later version.

                         Current GROMACS contributors:
       Mark Abraham           Andrey Alekseenko           Brian Andrews       
      Vladimir Basov              Paul Bauer                Hugh Bird         
      Eliane Briand               Ania Brown              Mahesh Doijade      
      Giacomo Fiorin          Stefan Fleischmann          Sergey Gorelov      
   Gilles Gouaillardet            Alan Gray              M. Eric Irrgang      
   Farzaneh Jalalypour         Petter Johansson          Carsten Kutzner      
    Grzegorz Łazarski         Justin A. Lemkul          Magnus Lundborg      
       Pascal Merz             Vedran Miletić            Dmitry Morozov      
     Lukas Müllender            Julien Nabet             Szilárd Páll      
 Andrea Pasquadibisceglie     Michele Pellegrino         Nicola Piasentin     
     Daniele Rapetti         Muhammad Umair Sadiq         Hubert Santuz       
      Roland Schulz             Michael Shirts           Tatiana Shugaeva     
     Alexey Shvetsov            Philip Turner            Alessandra Villa     
 Sebastian Wingbermühle  

                         Previous GROMACS contributors:
        Emile Apol             Rossen Apostolov           James Barnett       
  Herman J.C. Berendsen         Cathrine Bergh             Par Bjelkmar       
      Christian Blau          Viacheslav Bolnykh            Kevin Boyd        
    Aldert van Buuren          Carlo Camilloni           Rudi van Drunen      
      Anton Feenstra           Oliver Fleetwood            Vytas Gapsys       
       Gaurav Garg             Gerrit Groenhof            Bert de Groot       
      Anca Hamuraru           Vincent Hindriksen          Victor Holanda      
     Aleksei Iupinov              Joe Jordan            Christoph Junghans    
    Prashanth Kanduri        Dimitrios Karkoulis           Peter Kasson       
      Sebastian Kehl           Sebastian Keller             Jiri Kraus        
       Per Larsson              Viveca Lindahl            Erik Marklund       
    Pieter Meulenhoff           Teemu Murtola              Sander Pronk       
      Alfons Sijbers            Balint Soproni         David van der Spoel    
      Peter Tieleman            Carsten Uphoff             Jon Vincent        
     Teemu Virolainen         Christian Wennberg           Maarten Wolf       
      Artem Zhmurov       

                  Coordinated by the GROMACS project leaders:
                           Berk Hess and Erik Lindahl

GROMACS:      gmx mdrun, version 2025.2-2025_HIP_ENABLEMENT-dev-20250710-d7d179dcd8-unknown
Executable:   /home/bagus/SC2025_additional_experiment/SC25_ROCM_GROMACS_2025.2/apps/gromacs/bin/gmx_mpi
Data prefix:  /home/bagus/SC2025_additional_experiment/SC25_ROCM_GROMACS_2025.2/apps/gromacs
Working dir:  /home/bagus/SC2025_additional_experiment/SC25_ROCM_GROMACS_2025.2/batch
Process ID:   3143755
Command line:
  gmx_mpi mdrun -g run_stmv_8GPU_0xPME_20250816_030755.log -e run_stmv_8GPU_0xPME_20250816_030755.edr -ntomp 10 -npme 0 -dlb no -pin on -nb gpu -pme gpu -pmefft gpu -update gpu -bonded gpu -gpu_id 01234567 -noconfout -notunepme -s /home/bagus/SC2025_additional_experiment/SC25_ROCM_GROMACS_2025.2/dataset/stmv/pme_nvt_2025.tpr -nstlist 300 -nsteps 100000 -resetstep 90000 -v

GROMACS version:     2025.2-2025_HIP_ENABLEMENT-dev-20250710-d7d179dcd8-unknown
GIT SHA1 hash:       d7d179dcd87438f4f54f33e6a00c3fba2440c2e1
Branched from:       unknown
Precision:           mixed
Memory model:        64 bit
MPI library:         MPI (GPU-aware: HIP)
MPI library version: Open MPI v5.0.8rc3, package: Open MPI bagus@xe9680-waco2 Distribution, ident: 5.0.8rc3, repo rev: v5.0.8, 30 May 2025
OpenMP support:      enabled (GMX_OPENMP_MAX_THREADS = 128)
GPU support:         HIP
SIMD instructions:   AVX_512
CPU FFT library:     fftw-3.3.10-sse2-avx-avx2-avx2_128
GPU FFT library:     rocFFT 1.0.31
Multi-GPU FFT:       HeFFTe 2.4.1 with rocFFT backend
RDTSCP usage:        enabled
TNG support:         enabled
Hwloc support:       disabled
Tracing support:     disabled
C compiler:          /opt/rocm/llvm/bin/clang Clang 18.0.0
C compiler flags:    -march=skylake-avx512 -Wall -Wno-unused -Wunused-value -Wunused-parameter -Wno-missing-field-initializers -O3 -DNDEBUG
C++ compiler:        /opt/rocm/llvm/bin/clang++ Clang 18.0.0
C++ compiler flags:  -march=skylake-avx512 -Wall -Wextra -Wpointer-arith -Wmissing-prototypes -Wpedantic -Wdeprecated -Wno-unused-function -Wno-reserved-identifier -Wno-missing-field-initializers -Weverything -Wno-c++98-compat -Wno-c++98-compat-pedantic -Wno-source-uses-openmp -Wno-c++17-extensions -Wno-documentation-unknown-command -Wno-covered-switch-default -Wno-switch-enum -Wno-switch-default -Wno-extra-semi-stmt -Wno-weak-vtables -Wno-shadow -Wno-padded -Wno-reserved-id-macro -Wno-double-promotion -Wno-exit-time-destructors -Wno-global-constructors -Wno-documentation -Wno-format-nonliteral -Wno-used-but-marked-unused -Wno-float-equal -Wno-conditional-uninitialized -Wno-conversion -Wno-disabled-macro-expansion -Wno-unused-macros -Wno-unsafe-buffer-usage -Wno-old-style-cast -Wno-cast-qual -Wno-suggest-override -Wno-suggest-destructor-override -Wno-zero-as-null-pointer-constant -Wno-cast-function-type-strict SHELL:-fopenmp=libomp -O3 -DNDEBUG
BLAS library:        External - detected on the system
LAPACK library:      External - detected on the system
HIP compiler:        /opt/rocm/bin/hipcc 6.3.42134-a9a80e791
HIP compiler flags:  --offload-arch=gfx942;-fPIC;-fno-gpu-rdc;-ffast-math;-munsafe-fp-atomics;-fdenormal-fp-math=ieee;-fcuda-flush-denormals-to-zero;-fno-slp-vectorize;-Wno-unused-command-line-argument;-Wno-pass-failed;-DNDEBUG -O3 -DNDEBUG
HIP driver/runtime:  6.3.42134


Running on 1 node with total 80 cores, 80 processing units, 8 compatible GPUs
Hardware detected on host xe9680-waco2 (the node of MPI rank 0):
  CPU info:
    Vendor: Intel
    Brand:  Intel(R) Xeon(R) Platinum 8460Y+
    Family: 6   Model: 143   Stepping: 8
    Features: aes apic avx avx2 avx512f avx512cd avx512bw avx512vl avx512bf16 avx512secondFMA clfsh cmov cx8 cx16 f16c fma htt intel lahf mmx msr nonstop_tsc pcid pclmuldq pdcm pdpe1gb popcnt pse rdrnd rdtscp sha sse2 sse3 sse4.1 sse4.2 ssse3 tdt x2apic
    Number of AVX-512 FMA units: 2
  Hardware topology: Basic
    Packages, cores, and logical processors:
    [indices refer to OS logical processors]
      Package  0: [   0] [   1] [   2] [   3] [   4] [   5] [   6] [   7] [   8] [   9] [  10] [  11] [  12] [  13] [  14] [  15] [  16] [  17] [  18] [  19] [  20] [  21] [  22] [  23] [  24] [  25] [  26] [  27] [  28] [  29] [  30] [  31] [  32] [  33] [  34] [  35] [  36] [  37] [  38] [  39]
      Package  1: [  40] [  41] [  42] [  43] [  44] [  45] [  46] [  47] [  48] [  49] [  50] [  51] [  52] [  53] [  54] [  55] [  56] [  57] [  58] [  59] [  60] [  61] [  62] [  63] [  64] [  65] [  66] [  67] [  68] [  69] [  70] [  71] [  72] [  73] [  74] [  75] [  76] [  77] [  78] [  79]
    CPU limit set by OS: -1   Recommended max number of threads: 80
  GPU info:
    Number of GPUs detected: 8
    #0: AMD AMD Instinct MI300X, gcn: gfx942:sramecc+:xnack-, largeRegisterPool:  no, ECC:  no, stat: compatible
    #1: AMD AMD Instinct MI300X, gcn: gfx942:sramecc+:xnack-, largeRegisterPool:  no, ECC:  no, stat: compatible
    #2: AMD AMD Instinct MI300X, gcn: gfx942:sramecc+:xnack-, largeRegisterPool:  no, ECC:  no, stat: compatible
    #3: AMD AMD Instinct MI300X, gcn: gfx942:sramecc+:xnack-, largeRegisterPool:  no, ECC:  no, stat: compatible
    #4: AMD AMD Instinct MI300X, gcn: gfx942:sramecc+:xnack-, largeRegisterPool:  no, ECC:  no, stat: compatible
    #5: AMD AMD Instinct MI300X, gcn: gfx942:sramecc+:xnack-, largeRegisterPool:  no, ECC:  no, stat: compatible
    #6: AMD AMD Instinct MI300X, gcn: gfx942:sramecc+:xnack-, largeRegisterPool:  no, ECC:  no, stat: compatible
    #7: AMD AMD Instinct MI300X, gcn: gfx942:sramecc+:xnack-, largeRegisterPool:  no, ECC:  no, stat: compatible


++++ PLEASE READ AND CITE THE FOLLOWING REFERENCE ++++
M. J. Abraham, T. Murtola, R. Schulz, S. Páll, J. C. Smith, B. Hess, E.
Lindahl
GROMACS: High performance molecular simulations through multi-level
parallelism from laptops to supercomputers
SoftwareX (2015)
DOI: 10.1016/j.softx.2015.06.001
-------- -------- --- Thank You --- -------- --------


++++ PLEASE READ AND CITE THE FOLLOWING REFERENCE ++++
S. Páll, M. J. Abraham, C. Kutzner, B. Hess, E. Lindahl
Tackling Exascale Software Challenges in Molecular Dynamics Simulations with
GROMACS
In S. Markidis & E. Laure (Eds.), Solving Software Challenges for Exascale (2015)
DOI: 10.1007/978-3-319-15976-8_1
-------- -------- --- Thank You --- -------- --------


++++ PLEASE READ AND CITE THE FOLLOWING REFERENCE ++++
S. Pronk, S. Páll, R. Schulz, P. Larsson, P. Bjelkmar, R. Apostolov, M. R.
Shirts, J. C. Smith, P. M. Kasson, D. van der Spoel, B. Hess, E. Lindahl
GROMACS 4.5: a high-throughput and highly parallel open source molecular
simulation toolkit
Bioinformatics (2013)
DOI: 10.1093/bioinformatics/btt055
-------- -------- --- Thank You --- -------- --------


++++ PLEASE READ AND CITE THE FOLLOWING REFERENCE ++++
B. Hess, C. Kutzner, D. van der Spoel, E. Lindahl
GROMACS 4: Algorithms for highly efficient, load-balanced, and scalable
molecular simulation
J. Chem. Theory Comput. (2008)
DOI: 10.1021/ct700301q
-------- -------- --- Thank You --- -------- --------


++++ PLEASE READ AND CITE THE FOLLOWING REFERENCE ++++
D. van der Spoel, E. Lindahl, B. Hess, G. Groenhof, A. E. Mark, H. J. C.
Berendsen
GROMACS: Fast, Flexible and Free
J. Comp. Chem. (2005)
DOI: 10.1002/jcc.20291
-------- -------- --- Thank You --- -------- --------


++++ PLEASE READ AND CITE THE FOLLOWING REFERENCE ++++
E. Lindahl, B. Hess, D. van der Spoel
GROMACS 3.0: A package for molecular simulation and trajectory analysis
J. Mol. Mod. (2001)
DOI: 10.1007/s008940100045
-------- -------- --- Thank You --- -------- --------


++++ PLEASE READ AND CITE THE FOLLOWING REFERENCE ++++
H. J. C. Berendsen, D. van der Spoel and R. van Drunen
GROMACS: A message-passing parallel molecular dynamics implementation
Comp. Phys. Comm. (1995)
DOI: 10.1016/0010-4655(95)00042-E
-------- -------- --- Thank You --- -------- --------

Input Parameters:
   integrator                     = md
   tinit                          = 0
   dt                             = 0.002
   nsteps                         = -1
   init-step                      = 0
   simulation-part                = 1
   mts                            = false
   mass-repartition-factor        = 1
   comm-mode                      = Linear
   nstcomm                        = 1000
   bd-fric                        = 0
   ld-seed                        = 603619038
   emtol                          = 10
   emstep                         = 0.01
   niter                          = 20
   fcstep                         = 0
   nstcgsteep                     = 1000
   nbfgscorr                      = 10
   rtpi                           = 0.05
   nstxout                        = 0
   nstvout                        = 0
   nstfout                        = 0
   nstlog                         = 0
   nstcalcenergy                  = 1000
   nstenergy                      = 0
   nstxout-compressed             = 0
   compressed-x-precision         = 1000
   cutoff-scheme                  = Verlet
   nstlist                        = 10
   pbc                            = xyz
   periodic-molecules             = false
   verlet-buffer-tolerance        = 0.005
   verlet-buffer-pressure-tolerance = 0.5
   rlist                          = 1.2
   coulombtype                    = PME
   coulomb-modifier               = Potential-shift
   rcoulomb-switch                = 0
   rcoulomb                       = 1.2
   epsilon-r                      = 1
   epsilon-rf                     = inf
   vdw-type                       = Cut-off
   vdw-modifier                   = Force-switch
   rvdw-switch                    = 1
   rvdw                           = 1.2
   DispCorr                       = No
   table-extension                = 1
   fourierspacing                 = 0.15
   fourier-nx                     = 160
   fourier-ny                     = 160
   fourier-nz                     = 160
   pme-order                      = 4
   ewald-rtol                     = 1e-05
   ewald-rtol-lj                  = 0.001
   lj-pme-comb-rule               = Geometric
   ewald-geometry                 = 3d
   epsilon-surface                = 0
   ensemble-temperature-setting   = constant
   ensemble-temperature           = 298
   tcoupl                         = V-rescale
   nsttcouple                     = 100
   nh-chain-length                = 0
   print-nose-hoover-chain-variables = false
   pcoupl                         = No
   refcoord-scaling               = No
   posres-com: not available
   posres-comB: not available
   QMMM                           = false
qm-opts:
   ngQM                           = 0
   constraint-algorithm           = Lincs
   continuation                   = false
   Shake-SOR                      = false
   shake-tol                      = 0.0001
   lincs-order                    = 4
   lincs-iter                     = 1
   lincs-warnangle                = 30
   nwall                          = 0
   wall-type                      = 9-3
   wall-r-linpot                  = -1
   wall-atomtype[0]               = -1
   wall-atomtype[1]               = -1
   wall-density[0]                = 0
   wall-density[1]                = 0
   wall-ewald-zfac                = 3
   pull                           = false
   awh                            = false
   rotation                       = false
   interactiveMD                  = false
   disre                          = No
   disre-weighting                = Conservative
   disre-mixed                    = false
   dr-fc                          = 1000
   dr-tau                         = 0
   nstdisreout                    = 100
   orire-fc                       = 0
   orire-tau                      = 0
   nstorireout                    = 100
   free-energy                    = no
   cos-acceleration               = 0
   deform (3x3):
      deform[    0]={ 0.00000e+00,  0.00000e+00,  0.00000e+00}
      deform[    1]={ 0.00000e+00,  0.00000e+00,  0.00000e+00}
      deform[    2]={ 0.00000e+00,  0.00000e+00,  0.00000e+00}
   simulated-tempering            = false
   swapcoords                     = no
   userint1                       = 0
   userint2                       = 0
   userint3                       = 0
   userint4                       = 0
   userreal1                      = 0
   userreal2                      = 0
   userreal3                      = 0
   userreal4                      = 0
   applied-forces:
     electric-field:
       x:
         E0                       = 0
         omega                    = 0
         t0                       = 0
         sigma                    = 0
       y:
         E0                       = 0
         omega                    = 0
         t0                       = 0
         sigma                    = 0
       z:
         E0                       = 0
         omega                    = 0
         t0                       = 0
         sigma                    = 0
     density-guided-simulation:
       active                     = false
       group                      = protein
       similarity-measure         = inner-product
       atom-spreading-weight      = unity
       force-constant             = 1e+09
       gaussian-transform-spreading-width = 0.2
       gaussian-transform-spreading-range-in-multiples-of-width = 4
       reference-density-filename = reference.mrc
       nst                        = 1
       normalize-densities        = true
       adaptive-force-scaling     = false
       adaptive-force-scaling-time-constant = 4
       shift-vector               = 
       transformation-matrix      = 
     qmmm-cp2k:
       active                     = false
       qmgroup                    = System
       qmmethod                   = PBE
       qmfilenames                = 
       qmcharge                   = 0
       qmmultiplicity             = 1
     colvars:
       active                     = false
       configfile                 = 
       seed                       = -1
     nnpot:
       active                     = false
       modelfile                  = model.pt
       input-group                = System
       model-input1               = 
       model-input2               = 
       model-input3               = 
       model-input4               = 
grpopts:
   nrdf:  2.22246e+06
   ref-t:         298
   tau-t:           1
annealing:          No
annealing-npoints:           0
   acc:	           0           0           0
   nfreeze:           N           N           N
   energygrp-flags[  0]: 0

The -nsteps functionality is deprecated, and may be removed in a future version. Consider using gmx convert-tpr -nsteps or changing the appropriate .mdp file field.

Overriding nsteps with value passed on the command line: 100000 steps, 200 ps
Changing nstlist from 10 to 300, rlist from 1.2 to 2.076


GPU-aware MPI detected, enabling direct GPU communication. If GROMACS crashes at the beginning of the run, try fixing your MPI installation, or set the GMX_DISABLE_DIRECT_GPU_COMM environment variable as a workaround.

This run has requested the 'GPU PME decomposition' feature, enabled by the GMX_GPU_PME_DECOMPOSITION environment variable. PME decomposition lacks substantial testing and should be used with caution.

Initializing Domain Decomposition on 8 ranks
Dynamic load balancing: off
Using update groups, nr 389067, average size 2.7 atoms, max. radius 0.139 nm
Minimum cell size due to atom displacement: 1.848 nm
Initial maximum distances in bonded interactions:
    two-body bonded interactions: 0.442 nm, LJ-14, atoms 106625 106633
  multi-body bonded interactions: 0.442 nm, Proper Dih., atoms 106625 106633
Minimum cell size due to bonded interactions: 0.486 nm
Using 0 separate PME ranks, as requested with -npme option
Optimizing the DD grid for 8 cells with a minimum initial size of 1.848 nm
The maximum allowed number of cells is: X 11 Y 11 Z 11
Domain decomposition grid 8 x 1 x 1, separate PME ranks 0
PME domain decomposition: 8 x 1 x 1
Domain decomposition rank 0, coordinates 0 0 0

The initial number of communication pulses is: X 1
The initial domain decomposition cell size is: X 2.71 nm

The maximum allowed distance for atom groups involved in interactions is:
                 non-bonded interactions           2.354 nm
            two-body bonded interactions  (-rdd)   2.354 nm
          multi-body bonded interactions  (-rdd)   2.354 nm

Local state does not use filler particles

On host xe9680-waco2 8 GPUs selected for this run.
Mapping of GPU IDs to the 16 GPU tasks in the 8 ranks on this node:
  PP:0,PME:0,PP:1,PME:1,PP:2,PME:2,PP:3,PME:3,PP:4,PME:4,PP:5,PME:5,PP:6,PME:6,PP:7,PME:7
PP tasks will do (non-perturbed) short-ranged and most bonded interactions on the GPU
PP task will update and constrain coordinates on the GPU
PME tasks will do all aspects on the GPU
GPU direct communication will be used between MPI ranks.
Using 8 MPI processes
Using 10 OpenMP threads per MPI process


The -resetstep functionality is deprecated, and may be removed in a future version.
System total charge: 0.000
Will do PME sum in reciprocal space for electrostatic interactions.

++++ PLEASE READ AND CITE THE FOLLOWING REFERENCE ++++
U. Essmann, L. Perera, M. L. Berkowitz, T. Darden, H. Lee, L. G. Pedersen 
A smooth particle mesh Ewald method
J. Chem. Phys. (1995)
DOI: 10.1063/1.470117
-------- -------- --- Thank You --- -------- --------

Using a Gaussian width (1/beta) of 0.384195 nm for Ewald
Potential shift: LJ r^-12: -2.648e-01 r^-6: -5.349e-01, Ewald -8.333e-06
Initialized non-bonded Coulomb Ewald tables, spacing: 1.02e-03 size: 1176

Generated table with 1538 data points for 1-4 COUL.
Tabscale = 500 points/nm
Generated table with 1538 data points for 1-4 LJ6.
Tabscale = 500 points/nm
Generated table with 1538 data points for 1-4 LJ12.
Tabscale = 500 points/nm


Using GPU 8x8 nonbonded short-range kernels

NBNxM GPU setup: super-cluster 2x2x2

Using a dual 8x8 pair-list setup updated with dynamic, rolling pruning:
  outer list: updated every 300 steps, buffer 0.876 nm, rlist 2.076 nm
  inner list: updated every  12 steps, buffer 0.002 nm, rlist 1.202 nm
At tolerance 0.005 kJ/mol/ps per atom, equivalent classical 1x1 list would be:
  outer list: updated every 300 steps, buffer 1.039 nm, rlist 2.239 nm
  inner list: updated every  12 steps, buffer 0.051 nm, rlist 1.251 nm

The average pressure is off by at most 0.24 bar due to missing LJ interactions
Removing pbc first time

Linking all bonded interactions to atoms


Pinning threads with an auto-selected logical cpu stride of 1

Initializing LINear Constraint Solver

++++ PLEASE READ AND CITE THE FOLLOWING REFERENCE ++++
B. Hess, H. Bekker, H. J. C. Berendsen, J. G. E. M. Fraaije
LINCS: A Linear Constraint Solver for molecular simulations
J. Comp. Chem. (1997)
DOI: 10.1002/(sici)1096-987x(199709)18:12<1463::aid-jcc4>3.0.co;2-h
-------- -------- --- Thank You --- -------- --------

The number of constraints is 77851

++++ PLEASE READ AND CITE THE FOLLOWING REFERENCE ++++
S. Miyamoto, P. A. Kollman
SETTLE: An Analytical Version of the SHAKE and RATTLE Algorithms for Rigid
Water Models
J. Comp. Chem. (1992)
DOI: 10.1002/jcc.540130805
-------- -------- --- Thank You --- -------- --------


The -noconfout functionality is deprecated, and may be removed in a future version.

Intra-simulation communication will occur every 100 steps.

++++ PLEASE READ AND CITE THE FOLLOWING REFERENCE ++++
G. Bussi, D. Donadio, M. Parrinello
Canonical sampling through velocity rescaling
J. Chem. Phys. (2007)
DOI: 10.1063/1.2408420
-------- -------- --- Thank You --- -------- --------

There are: 1066628 Atoms
Atom distribution over 8 domains: av 133328 stddev 582 min 132497 max 133934

Updating coordinates and applying constraints on the GPU.

Constraining the starting coordinates (step 0)

Constraining the coordinates at t0-dt (step 0)
Center of mass motion removal mode is Linear
We have the following groups for center of mass motion removal:
  0:  rest
RMS relative constraint deviation after constraining: 4.28e-06
Initial temperature: 13.2162 K

Started mdrun on rank 0 Sat Aug 16 03:08:25 2025

           Step           Time
              0        0.00000

   Energies (kJ/mol)
           Bond            U-B    Proper Dih.  Improper Dih.          LJ-14
    1.24978e+05    3.68292e+05    3.37658e+05    1.81847e+04    1.68965e+05
     Coulomb-14        LJ (SR)   Coulomb (SR)   Coul. recip.      Potential
    1.53250e+06    1.45100e+06   -1.89764e+07    5.94812e+04   -1.49153e+07
    Kinetic En.   Total Energy  Conserved En.    Temperature Pressure (bar)
    2.66207e+05   -1.46491e+07   -1.46491e+07    2.88124e+01    7.55839e+02
   Constr. rmsd
    4.28435e-06


DD  step 299 load imb.: force  2.4%

step 90000: resetting all time and cycle counters
Restarted time on rank 0 Sat Aug 16 03:14:20 2025


DD  step 99899 load imb.: force  1.8%
           Step           Time
         100000      200.00000

   Energies (kJ/mol)
           Bond            U-B    Proper Dih.  Improper Dih.          LJ-14
    1.60182e+05    4.42548e+05    3.43593e+05    2.14569e+04    1.71627e+05
     Coulomb-14        LJ (SR)   Coulomb (SR)   Coul. recip.      Potential
    1.52932e+06    1.08481e+06   -1.83059e+07    6.11182e+04   -1.44912e+07
    Kinetic En.   Total Energy  Conserved En.    Temperature Pressure (bar)
    2.75328e+06   -1.17380e+07   -1.45449e+07    2.97997e+02    4.75091e+02
   Constr. rmsd
    4.28435e-06


Energy conservation over simulation part #1 of length 200 ps, time 0 to 200 ps
  Conserved energy drift: 4.89e-04 kJ/mol/ps per atom


	<======  ###############  ==>
	<====  A V E R A G E S  ====>
	<==  ###############  ======>

	Statistics over 100001 steps using 101 frames

   Energies (kJ/mol)
           Bond            U-B    Proper Dih.  Improper Dih.          LJ-14
    1.63632e+05    4.51143e+05    3.44803e+05    2.17531e+04    1.72551e+05
     Coulomb-14        LJ (SR)   Coulomb (SR)   Coul. recip.      Potential
    1.53157e+06    1.10747e+06   -1.83854e+07    6.11520e+04   -1.45313e+07
    Kinetic En.   Total Energy  Conserved En.    Temperature Pressure (bar)
    2.71988e+06   -1.18114e+07   -1.45693e+07    2.94381e+02    4.96069e+02
   Constr. rmsd
    0.00000e+00

   Total Virial (kJ/mol)
    7.53855e+05    3.71578e+02   -4.16480e+02
    3.71746e+02    7.52849e+05   -3.79122e+02
   -4.16298e+02   -3.79048e+02    7.56341e+05

   Pressure (bar)
    4.97148e+02   -1.56716e+00    1.78580e+00
   -1.56771e+00    5.00335e+02    7.14320e-01
    1.78520e+00    7.14077e-01    4.90725e+02


	M E G A - F L O P S   A C C O U N T I N G

 NB=Group-cutoff nonbonded kernels    NxN=N-by-N cluster Verlet kernels
 RF=Reaction-Field  VdW=Van der Waals  QSTab=quadratic-spline table
 W3=SPC/TIP3p  W4=TIP4p (single or pairs)
 V&F=Potential and force  V=Potential only  F=Force only

 Computing:                               M-Number         M-Flops  % Flops
-----------------------------------------------------------------------------
 Pair Search distance check           10636.765216       95730.887     0.0
 NxN QSTab Elec. + LJ [F]          40041119.854784  2122179352.304    99.8
 NxN QSTab Elec. + LJ [V&F]           44087.860864     3571116.730     0.2
 Reset In Box                            36.265352         108.796     0.0
 CG-CoM                                  36.265352         108.796     0.0
 Virial                                  11.736868         211.264     0.0
 Stop-CM                                 11.732908         117.329     0.0
 Calc-Ekin                              214.392228        5788.590     0.0
-----------------------------------------------------------------------------
 Total                                              2125852534.695   100.0
-----------------------------------------------------------------------------


    D O M A I N   D E C O M P O S I T I O N   S T A T I S T I C S

 av. #atoms communicated per step for force:  2 x 871891.1


Dynamic load balancing report:
 DLB got disabled because it was unsuitable to use.
 Average load imbalance: 1.7%.
 The balanceable part of the MD step is 86%, load imbalance is computed from this.
 Part of the total run time spent waiting due to load imbalance: 1.5%.


      R E A L   C Y C L E   A N D   T I M E   A C C O U N T I N G

On 8 MPI ranks, each using 10 OpenMP threads

 Activity:              Num   Num      Call    Wall time         Giga-Cycles
                        Ranks Threads  Count      (s)         total sum    %
--------------------------------------------------------------------------------
 Domain decomp.            8   10         68       0.774        123.821   2.0
 DD comm. load             8   10         34       0.002          0.366   0.0
 Neighbor search           8   10         34       0.509         81.467   1.3
 Launch PP GPU ops.        8   10      39936       1.185        189.653   3.1
 Comm. coord.              8   10       9967       1.682        269.161   4.3
 Force                     8   10      10001       0.013          2.010   0.0
 Wait + Comm. F            8   10      10001       3.325        531.960   8.6
 PME GPU mesh              8   10      10001      30.833       4933.255  79.4
 Wait Bonded GPU           8   10         11       0.000          0.002   0.0
 Wait GPU NB nonloc.       8   10      10001       0.003          0.504   0.0
 Wait GPU NB local         8   10      10001       0.001          0.119   0.0
 Wait GPU state copy       8   10        298       0.038          6.130   0.1
 NB X/F buffer ops.        8   10         56       0.010          1.578   0.0
 GPU constr. setup         8   10         34       0.049          7.848   0.1
 Kinetic energy            8   10        201       0.040          6.416   0.1
 Comm. energies            8   10        101       0.163         26.079   0.4
 Rest                                              0.216         34.506   0.6
--------------------------------------------------------------------------------
 Total                                            38.843       6214.876 100.0
--------------------------------------------------------------------------------
 Breakdown of PME mesh activities
--------------------------------------------------------------------------------
 Wait PME GPU gather       8   10      10001       0.000          0.075   0.0
 Reduce GPU PME F          8   10      10001       0.001          0.167   0.0
 Launch PME GPU ops.       8   10      90009      25.993       4158.865  66.9
 Wait PME GPU spread       8   10      10001       1.238        198.155   3.2
 Wait GPU FFT to PME       8   10      10001       0.161         25.821   0.4
 PME Halo exch comm        8   10      20002       3.344        535.073   8.6
--------------------------------------------------------------------------------

               Core t (s)   Wall t (s)        (%)
       Time:     3107.019       38.843     7998.9
                 (ns/day)    (hour/ns)
Performance:       44.491        0.539
Finished mdrun on rank 0 Sat Aug 16 03:14:59 2025

