rocHPCG version: 0.8.6-0c708bb (based on hpcg-3.1)
Using HIP device (0): AMD Instinct MI325X (262128 MB global memory)

Setup Phase took 0.35 sec

Copying GPU assembled data to host for reference computations

Checking assembled data ...

Starting Reference CG Phase ...

REFERENCE Initial Residual = 2.999889e+04
REFERENCE Iteration = 1   Scaled Residual = 1.861141e-01
REFERENCE Iteration = 2   Scaled Residual = 1.021790e-01
REFERENCE Iteration = 3   Scaled Residual = 7.052241e-02
REFERENCE Iteration = 4   Scaled Residual = 5.387056e-02
REFERENCE Iteration = 5   Scaled Residual = 4.355986e-02
REFERENCE Iteration = 6   Scaled Residual = 3.654496e-02
REFERENCE Iteration = 7   Scaled Residual = 3.147317e-02
REFERENCE Iteration = 8   Scaled Residual = 2.765092e-02
REFERENCE Iteration = 9   Scaled Residual = 2.467924e-02
REFERENCE Iteration = 10   Scaled Residual = 2.230516e-02
REFERENCE Iteration = 11   Scaled Residual = 2.035916e-02
REFERENCE Iteration = 12   Scaled Residual = 1.872473e-02
REFERENCE Iteration = 13   Scaled Residual = 1.732155e-02
REFERENCE Iteration = 14   Scaled Residual = 1.609898e-02
REFERENCE Iteration = 15   Scaled Residual = 1.502639e-02
REFERENCE Iteration = 16   Scaled Residual = 1.408383e-02
REFERENCE Iteration = 17   Scaled Residual = 1.325728e-02
REFERENCE Iteration = 18   Scaled Residual = 1.253314e-02
REFERENCE Iteration = 19   Scaled Residual = 1.189555e-02
REFERENCE Iteration = 20   Scaled Residual = 1.132811e-02
REFERENCE Iteration = 21   Scaled Residual = 1.081476e-02
REFERENCE Iteration = 22   Scaled Residual = 1.034202e-02
REFERENCE Iteration = 23   Scaled Residual = 9.902631e-03
REFERENCE Iteration = 24   Scaled Residual = 9.494735e-03
REFERENCE Iteration = 25   Scaled Residual = 9.119599e-03
REFERENCE Iteration = 26   Scaled Residual = 8.780064e-03
REFERENCE Iteration = 27   Scaled Residual = 8.477097e-03
REFERENCE Iteration = 28   Scaled Residual = 8.208036e-03
REFERENCE Iteration = 29   Scaled Residual = 7.967442e-03
REFERENCE Iteration = 30   Scaled Residual = 7.747425e-03
REFERENCE Iteration = 31   Scaled Residual = 7.540287e-03
REFERENCE Iteration = 32   Scaled Residual = 7.342069e-03
REFERENCE Iteration = 33   Scaled Residual = 7.152558e-03
REFERENCE Iteration = 34   Scaled Residual = 6.974268e-03
REFERENCE Iteration = 35   Scaled Residual = 6.810041e-03
REFERENCE Iteration = 36   Scaled Residual = 6.658881e-03
REFERENCE Iteration = 37   Scaled Residual = 6.514921e-03
REFERENCE Iteration = 38   Scaled Residual = 6.369313e-03
REFERENCE Iteration = 39   Scaled Residual = 6.213743e-03
REFERENCE Iteration = 40   Scaled Residual = 6.046036e-03
REFERENCE Iteration = 41   Scaled Residual = 5.871921e-03
REFERENCE Iteration = 42   Scaled Residual = 5.701125e-03
REFERENCE Iteration = 43   Scaled Residual = 5.542951e-03
REFERENCE Iteration = 44   Scaled Residual = 5.402462e-03
REFERENCE Iteration = 45   Scaled Residual = 5.278820e-03
REFERENCE Iteration = 46   Scaled Residual = 5.167627e-03
REFERENCE Iteration = 47   Scaled Residual = 5.063800e-03
REFERENCE Iteration = 48   Scaled Residual = 4.963888e-03
REFERENCE Iteration = 49   Scaled Residual = 4.867951e-03
REFERENCE Iteration = 50   Scaled Residual = 4.778236e-03

Optimization Phase took 39.70 sec

Validation Testing Phase ...

Optimized CG Setup ...

HIP Initial Residual = 2.999889e+04
HIP Iteration = 1   Scaled Residual = 2.183681e-01
HIP Iteration = 2   Scaled Residual = 1.182790e-01
HIP Iteration = 3   Scaled Residual = 8.066544e-02
HIP Iteration = 4   Scaled Residual = 6.113056e-02
HIP Iteration = 5   Scaled Residual = 4.928717e-02
HIP Iteration = 6   Scaled Residual = 4.128205e-02
HIP Iteration = 7   Scaled Residual = 3.554070e-02
HIP Iteration = 8   Scaled Residual = 3.121305e-02
HIP Iteration = 9   Scaled Residual = 2.783691e-02
HIP Iteration = 10   Scaled Residual = 2.512985e-02
HIP Iteration = 11   Scaled Residual = 2.291813e-02
HIP Iteration = 12   Scaled Residual = 2.107625e-02
HIP Iteration = 13   Scaled Residual = 1.952696e-02
HIP Iteration = 14   Scaled Residual = 1.820948e-02
HIP Iteration = 15   Scaled Residual = 1.708072e-02
HIP Iteration = 16   Scaled Residual = 1.610835e-02
HIP Iteration = 17   Scaled Residual = 1.526514e-02
HIP Iteration = 18   Scaled Residual = 1.452717e-02
HIP Iteration = 19   Scaled Residual = 1.387046e-02
HIP Iteration = 20   Scaled Residual = 1.327151e-02
HIP Iteration = 21   Scaled Residual = 1.270888e-02
HIP Iteration = 22   Scaled Residual = 1.216558e-02
HIP Iteration = 23   Scaled Residual = 1.163437e-02
HIP Iteration = 24   Scaled Residual = 1.111700e-02
HIP Iteration = 25   Scaled Residual = 1.062092e-02
HIP Iteration = 26   Scaled Residual = 1.015642e-02
HIP Iteration = 27   Scaled Residual = 9.729954e-03
HIP Iteration = 28   Scaled Residual = 9.343801e-03
HIP Iteration = 29   Scaled Residual = 8.997738e-03
HIP Iteration = 30   Scaled Residual = 8.688362e-03
HIP Iteration = 31   Scaled Residual = 8.411525e-03
HIP Iteration = 32   Scaled Residual = 8.163427e-03
HIP Iteration = 33   Scaled Residual = 7.939007e-03
HIP Iteration = 34   Scaled Residual = 7.733410e-03
HIP Iteration = 35   Scaled Residual = 7.541975e-03
HIP Iteration = 36   Scaled Residual = 7.358861e-03
HIP Iteration = 37   Scaled Residual = 7.179205e-03
HIP Iteration = 38   Scaled Residual = 6.999776e-03
HIP Iteration = 39   Scaled Residual = 6.818625e-03
HIP Iteration = 40   Scaled Residual = 6.636802e-03
HIP Iteration = 41   Scaled Residual = 6.457288e-03
HIP Iteration = 42   Scaled Residual = 6.282944e-03
HIP Iteration = 43   Scaled Residual = 6.117187e-03
HIP Iteration = 44   Scaled Residual = 5.962360e-03
HIP Iteration = 45   Scaled Residual = 5.819079e-03
HIP Iteration = 46   Scaled Residual = 5.687698e-03
HIP Iteration = 47   Scaled Residual = 5.567635e-03
HIP Iteration = 48   Scaled Residual = 5.457247e-03
HIP Iteration = 49   Scaled Residual = 5.355359e-03
HIP Iteration = 50   Scaled Residual = 5.259868e-03
HIP Iteration = 51   Scaled Residual = 5.168174e-03
HIP Iteration = 52   Scaled Residual = 5.078253e-03
HIP Iteration = 53   Scaled Residual = 4.987941e-03
HIP Iteration = 54   Scaled Residual = 4.895610e-03
HIP Iteration = 55   Scaled Residual = 4.801439e-03
HIP Iteration = 56   Scaled Residual = 4.705953e-03

Total device memory usage: 181142 MByte (262128 MByte)

Starting Benchmarking Phase ...

Performing (at least) 349 CG sets in 3600.0 seconds ...
CG set 1 / 349    2251.3683 GFlop/s     (281.4210 GFlop/s per process)    0%    3583.1 sec left
CG set 2 / 349    2557.0597 GFlop/s     (319.6325 GFlop/s per process)    0%    3571.2 sec left
CG set 3 / 349    2700.3782 GFlop/s     (337.5473 GFlop/s per process)    0%    3559.7 sec left
CG set 4 / 349    2815.2192 GFlop/s     (351.9024 GFlop/s per process)    1%    3549.1 sec left
CG set 5 / 349    2859.4267 GFlop/s     (357.4283 GFlop/s per process)    1%    3537.6 sec left
CG set 6 / 349    2913.4529 GFlop/s     (364.1816 GFlop/s per process)    1%    3527.0 sec left
CG set 7 / 349    2934.1167 GFlop/s     (366.7646 GFlop/s per process)    2%    3515.6 sec left
CG set 8 / 349    2943.0274 GFlop/s     (367.8784 GFlop/s per process)    2%    3504.0 sec left
CG set 9 / 349    2939.7240 GFlop/s     (367.4655 GFlop/s per process)    2%    3491.8 sec left
CG set 10 / 349    2964.9749 GFlop/s     (370.6219 GFlop/s per process)    2%    3481.1 sec left
CG set 11 / 349    2985.0502 GFlop/s     (373.1313 GFlop/s per process)    3%    3470.4 sec left
CG set 12 / 349    3001.3814 GFlop/s     (375.1727 GFlop/s per process)    3%    3459.7 sec left
CG set 13 / 349    3014.8420 GFlop/s     (376.8553 GFlop/s per process)    3%    3448.9 sec left
CG set 14 / 349    3026.4116 GFlop/s     (378.3015 GFlop/s per process)    4%    3438.1 sec left
CG set 15 / 349    3005.2356 GFlop/s     (375.6544 GFlop/s per process)    4%    3424.9 sec left
CG set 16 / 349    3016.7215 GFlop/s     (377.0902 GFlop/s per process)    4%    3414.2 sec left
CG set 17 / 349    2772.7453 GFlop/s     (346.5932 GFlop/s per process)    4%    3379.2 sec left
CG set 18 / 349    2794.7937 GFlop/s     (349.3492 GFlop/s per process)    5%    3368.6 sec left
CG set 19 / 349    2814.0880 GFlop/s     (351.7610 GFlop/s per process)    5%    3358.0 sec left
CG set 20 / 349    2830.5935 GFlop/s     (353.8242 GFlop/s per process)    5%    3347.2 sec left
CG set 21 / 349    2827.3123 GFlop/s     (353.4140 GFlop/s per process)    6%    3334.1 sec left
CG set 22 / 349    2806.4650 GFlop/s     (350.8081 GFlop/s per process)    6%    3318.8 sec left
CG set 23 / 349    2805.3059 GFlop/s     (350.6632 GFlop/s per process)    6%    3305.8 sec left
CG set 24 / 349    2807.9207 GFlop/s     (350.9901 GFlop/s per process)    6%    3293.4 sec left
CG set 25 / 349    2821.0405 GFlop/s     (352.6301 GFlop/s per process)    7%    3282.6 sec left
CG set 26 / 349    2833.0457 GFlop/s     (354.1307 GFlop/s per process)    7%    3271.7 sec left
CG set 27 / 349    2844.3589 GFlop/s     (355.5449 GFlop/s per process)    7%    3260.9 sec left
CG set 28 / 349    2834.2197 GFlop/s     (354.2775 GFlop/s per process)    8%    3246.7 sec left
CG set 29 / 349    2844.9915 GFlop/s     (355.6239 GFlop/s per process)    8%    3235.9 sec left
CG set 30 / 349    2842.1506 GFlop/s     (355.2688 GFlop/s per process)    8%    3222.8 sec left
CG set 31 / 349    2851.5497 GFlop/s     (356.4437 GFlop/s per process)    8%    3211.9 sec left
CG set 32 / 349    2860.3652 GFlop/s     (357.5457 GFlop/s per process)    9%    3201.1 sec left
CG set 33 / 349    2868.6497 GFlop/s     (358.5812 GFlop/s per process)    9%    3190.2 sec left
CG set 34 / 349    2876.5080 GFlop/s     (359.5635 GFlop/s per process)    9%    3179.3 sec left
CG set 35 / 349    2883.9140 GFlop/s     (360.4893 GFlop/s per process)    10%    3168.4 sec left
CG set 36 / 349    2891.0324 GFlop/s     (361.3791 GFlop/s per process)    10%    3157.5 sec left
CG set 37 / 349    2897.7796 GFlop/s     (362.2225 GFlop/s per process)    10%    3146.6 sec left
CG set 38 / 349    2904.2387 GFlop/s     (363.0298 GFlop/s per process)    10%    3135.7 sec left
CG set 39 / 349    2910.4483 GFlop/s     (363.8060 GFlop/s per process)    11%    3124.8 sec left
CG set 40 / 349    2916.4353 GFlop/s     (364.5544 GFlop/s per process)    11%    3114.0 sec left
CG set 41 / 349    2913.4040 GFlop/s     (364.1755 GFlop/s per process)    11%    3101.1 sec left
CG set 42 / 349    2919.1326 GFlop/s     (364.8916 GFlop/s per process)    12%    3090.3 sec left
CG set 43 / 349    2924.5849 GFlop/s     (365.5731 GFlop/s per process)    12%    3079.5 sec left
CG set 44 / 349    2929.7752 GFlop/s     (366.2219 GFlop/s per process)    12%    3068.6 sec left
CG set 45 / 349    2934.6866 GFlop/s     (366.8358 GFlop/s per process)    12%    3057.8 sec left
CG set 46 / 349    2939.3537 GFlop/s     (367.4192 GFlop/s per process)    13%    3046.9 sec left
CG set 47 / 349    2943.8667 GFlop/s     (367.9833 GFlop/s per process)    13%    3036.0 sec left
CG set 48 / 349    2948.1860 GFlop/s     (368.5232 GFlop/s per process)    13%    3025.1 sec left
CG set 49 / 349    2952.3276 GFlop/s     (369.0410 GFlop/s per process)    14%    3014.3 sec left
CG set 50 / 349    2956.3221 GFlop/s     (369.5403 GFlop/s per process)    14%    3003.4 sec left
CG set 51 / 349    2960.1546 GFlop/s     (370.0193 GFlop/s per process)    14%    2992.5 sec left
CG set 52 / 349    2963.8641 GFlop/s     (370.4830 GFlop/s per process)    14%    2981.6 sec left
CG set 53 / 349    2967.4040 GFlop/s     (370.9255 GFlop/s per process)    15%    2970.7 sec left
CG set 54 / 349    2970.8574 GFlop/s     (371.3572 GFlop/s per process)    15%    2959.9 sec left
CG set 55 / 349    2974.1529 GFlop/s     (371.7691 GFlop/s per process)    15%    2949.0 sec left
CG set 56 / 349    2977.3453 GFlop/s     (372.1682 GFlop/s per process)    16%    2938.1 sec left
CG set 57 / 349    2980.4461 GFlop/s     (372.5558 GFlop/s per process)    16%    2927.2 sec left
CG set 58 / 349    2983.4197 GFlop/s     (372.9275 GFlop/s per process)    16%    2916.3 sec left
CG set 59 / 349    2986.3124 GFlop/s     (373.2891 GFlop/s per process)    16%    2905.4 sec left
CG set 60 / 349    2989.1020 GFlop/s     (373.6377 GFlop/s per process)    17%    2894.5 sec left
CG set 61 / 349    2991.8173 GFlop/s     (373.9772 GFlop/s per process)    17%    2883.7 sec left
CG set 62 / 349    2994.4385 GFlop/s     (374.3048 GFlop/s per process)    17%    2872.8 sec left
CG set 63 / 349    2996.9783 GFlop/s     (374.6223 GFlop/s per process)    18%    2861.9 sec left
CG set 64 / 349    2999.4394 GFlop/s     (374.9299 GFlop/s per process)    18%    2851.0 sec left
CG set 65 / 349    3001.8677 GFlop/s     (375.2335 GFlop/s per process)    18%    2840.1 sec left
CG set 66 / 349    3004.2487 GFlop/s     (375.5311 GFlop/s per process)    18%    2829.2 sec left
CG set 67 / 349    3006.5422 GFlop/s     (375.8178 GFlop/s per process)    19%    2818.4 sec left
CG set 68 / 349    3008.8005 GFlop/s     (376.1001 GFlop/s per process)    19%    2807.5 sec left
CG set 69 / 349    3010.9752 GFlop/s     (376.3719 GFlop/s per process)    19%    2796.6 sec left
CG set 70 / 349    3013.1077 GFlop/s     (376.6385 GFlop/s per process)    20%    2785.8 sec left
CG set 71 / 349    3015.1855 GFlop/s     (376.8982 GFlop/s per process)    20%    2774.9 sec left
CG set 72 / 349    3017.2126 GFlop/s     (377.1516 GFlop/s per process)    20%    2764.0 sec left
CG set 73 / 349    3019.1840 GFlop/s     (377.3980 GFlop/s per process)    20%    2753.2 sec left
CG set 74 / 349    3021.0814 GFlop/s     (377.6352 GFlop/s per process)    21%    2742.3 sec left
CG set 75 / 349    3022.9533 GFlop/s     (377.8692 GFlop/s per process)    21%    2731.4 sec left
CG set 76 / 349    3024.7584 GFlop/s     (378.0948 GFlop/s per process)    21%    2720.5 sec left
CG set 77 / 349    3026.5310 GFlop/s     (378.3164 GFlop/s per process)    22%    2709.7 sec left
CG set 78 / 349    3028.2604 GFlop/s     (378.5325 GFlop/s per process)    22%    2698.8 sec left
CG set 79 / 349    3029.9569 GFlop/s     (378.7446 GFlop/s per process)    22%    2687.9 sec left
CG set 80 / 349    3031.6016 GFlop/s     (378.9502 GFlop/s per process)    22%    2677.1 sec left
CG set 81 / 349    3033.2081 GFlop/s     (379.1510 GFlop/s per process)    23%    2666.2 sec left
CG set 82 / 349    3034.7915 GFlop/s     (379.3489 GFlop/s per process)    23%    2655.3 sec left
CG set 83 / 349    3036.3236 GFlop/s     (379.5405 GFlop/s per process)    23%    2644.5 sec left
CG set 84 / 349    3037.8340 GFlop/s     (379.7293 GFlop/s per process)    24%    2633.6 sec left
CG set 85 / 349    3039.3115 GFlop/s     (379.9139 GFlop/s per process)    24%    2622.7 sec left
CG set 86 / 349    3040.7474 GFlop/s     (380.0934 GFlop/s per process)    24%    2611.9 sec left
CG set 87 / 349    3042.1490 GFlop/s     (380.2686 GFlop/s per process)    24%    2601.0 sec left
CG set 88 / 349    3043.5062 GFlop/s     (380.4383 GFlop/s per process)    25%    2590.1 sec left
CG set 89 / 349    3044.8464 GFlop/s     (380.6058 GFlop/s per process)    25%    2579.2 sec left
CG set 90 / 349    3046.1399 GFlop/s     (380.7675 GFlop/s per process)    25%    2568.4 sec left
CG set 91 / 349    3047.4443 GFlop/s     (380.9305 GFlop/s per process)    26%    2557.5 sec left
CG set 92 / 349    3048.6925 GFlop/s     (381.0866 GFlop/s per process)    26%    2546.6 sec left
CG set 93 / 349    3049.9283 GFlop/s     (381.2410 GFlop/s per process)    26%    2535.8 sec left
CG set 94 / 349    3051.1445 GFlop/s     (381.3931 GFlop/s per process)    26%    2524.9 sec left
CG set 95 / 349    3052.3245 GFlop/s     (381.5406 GFlop/s per process)    27%    2514.0 sec left
CG set 96 / 349    3053.4881 GFlop/s     (381.6860 GFlop/s per process)    27%    2503.2 sec left
CG set 97 / 349    3054.6114 GFlop/s     (381.8264 GFlop/s per process)    27%    2492.3 sec left
CG set 98 / 349    3055.7252 GFlop/s     (381.9656 GFlop/s per process)    28%    2481.4 sec left
CG set 99 / 349    3056.8034 GFlop/s     (382.1004 GFlop/s per process)    28%    2470.5 sec left
CG set 100 / 349    3057.8758 GFlop/s     (382.2345 GFlop/s per process)    28%    2459.7 sec left
CG set 101 / 349    3058.9180 GFlop/s     (382.3647 GFlop/s per process)    28%    2448.8 sec left
CG set 102 / 349    3059.9432 GFlop/s     (382.4929 GFlop/s per process)    29%    2437.9 sec left
CG set 103 / 349    3060.9519 GFlop/s     (382.6190 GFlop/s per process)    29%    2427.1 sec left
CG set 104 / 349    3061.9288 GFlop/s     (382.7411 GFlop/s per process)    29%    2416.2 sec left
CG set 105 / 349    3062.9039 GFlop/s     (382.8630 GFlop/s per process)    30%    2405.3 sec left
CG set 106 / 349    3063.8542 GFlop/s     (382.9818 GFlop/s per process)    30%    2394.4 sec left
CG set 107 / 349    3064.7975 GFlop/s     (383.0997 GFlop/s per process)    30%    2383.6 sec left
CG set 108 / 349    3065.7142 GFlop/s     (383.2143 GFlop/s per process)    30%    2372.7 sec left
CG set 109 / 349    3066.6080 GFlop/s     (383.3260 GFlop/s per process)    31%    2361.8 sec left
CG set 110 / 349    3067.4953 GFlop/s     (383.4369 GFlop/s per process)    31%    2351.0 sec left
CG set 111 / 349    3068.3570 GFlop/s     (383.5446 GFlop/s per process)    31%    2340.1 sec left
CG set 112 / 349    3069.2179 GFlop/s     (383.6522 GFlop/s per process)    32%    2329.2 sec left
CG set 113 / 349    3070.0373 GFlop/s     (383.7547 GFlop/s per process)    32%    2318.3 sec left
CG set 114 / 349    3070.8688 GFlop/s     (383.8586 GFlop/s per process)    32%    2307.5 sec left
CG set 115 / 349    3071.6839 GFlop/s     (383.9605 GFlop/s per process)    32%    2296.6 sec left
CG set 116 / 349    3072.4864 GFlop/s     (384.0608 GFlop/s per process)    33%    2285.7 sec left
CG set 117 / 349    3073.2704 GFlop/s     (384.1588 GFlop/s per process)    33%    2274.9 sec left
CG set 118 / 349    3074.0489 GFlop/s     (384.2561 GFlop/s per process)    33%    2264.0 sec left
CG set 119 / 349    3074.8162 GFlop/s     (384.3520 GFlop/s per process)    34%    2253.1 sec left
CG set 120 / 349    3075.5574 GFlop/s     (384.4447 GFlop/s per process)    34%    2242.2 sec left
CG set 121 / 349    3076.2989 GFlop/s     (384.5374 GFlop/s per process)    34%    2231.4 sec left
CG set 122 / 349    3077.0208 GFlop/s     (384.6276 GFlop/s per process)    34%    2220.5 sec left
CG set 123 / 349    3077.7362 GFlop/s     (384.7170 GFlop/s per process)    35%    2209.6 sec left
CG set 124 / 349    3078.4379 GFlop/s     (384.8047 GFlop/s per process)    35%    2198.8 sec left
CG set 125 / 349    3079.1331 GFlop/s     (384.8916 GFlop/s per process)    35%    2187.9 sec left
CG set 126 / 349    3079.8251 GFlop/s     (384.9781 GFlop/s per process)    36%    2177.0 sec left
CG set 127 / 349    3080.4781 GFlop/s     (385.0598 GFlop/s per process)    36%    2166.2 sec left
CG set 128 / 349    3081.1419 GFlop/s     (385.1427 GFlop/s per process)    36%    2155.3 sec left
CG set 129 / 349    3081.7857 GFlop/s     (385.2232 GFlop/s per process)    36%    2144.4 sec left
CG set 130 / 349    3082.4304 GFlop/s     (385.3038 GFlop/s per process)    37%    2133.5 sec left
CG set 131 / 349    3082.9630 GFlop/s     (385.3704 GFlop/s per process)    37%    2122.6 sec left
CG set 132 / 349    3083.3382 GFlop/s     (385.4173 GFlop/s per process)    37%    2111.6 sec left
CG set 133 / 349    3083.6165 GFlop/s     (385.4521 GFlop/s per process)    38%    2100.5 sec left
CG set 134 / 349    3083.8893 GFlop/s     (385.4862 GFlop/s per process)    38%    2089.4 sec left
CG set 135 / 349    3084.2494 GFlop/s     (385.5312 GFlop/s per process)    38%    2078.4 sec left
CG set 136 / 349    3084.6799 GFlop/s     (385.5850 GFlop/s per process)    38%    2067.4 sec left
CG set 137 / 349    3085.1814 GFlop/s     (385.6477 GFlop/s per process)    39%    2056.4 sec left
CG set 138 / 349    3085.6788 GFlop/s     (385.7099 GFlop/s per process)    39%    2045.5 sec left
CG set 139 / 349    3086.1610 GFlop/s     (385.7701 GFlop/s per process)    39%    2034.6 sec left
CG set 140 / 349    3086.6215 GFlop/s     (385.8277 GFlop/s per process)    40%    2023.6 sec left
CG set 141 / 349    3087.0879 GFlop/s     (385.8860 GFlop/s per process)    40%    2012.7 sec left
CG set 142 / 349    3087.5765 GFlop/s     (385.9471 GFlop/s per process)    40%    2001.8 sec left
CG set 143 / 349    3088.0495 GFlop/s     (386.0062 GFlop/s per process)    40%    1990.9 sec left
CG set 144 / 349    3088.5273 GFlop/s     (386.0659 GFlop/s per process)    41%    1980.0 sec left
CG set 145 / 349    3088.9986 GFlop/s     (386.1248 GFlop/s per process)    41%    1969.0 sec left
CG set 146 / 349    3089.4737 GFlop/s     (386.1842 GFlop/s per process)    41%    1958.1 sec left
CG set 147 / 349    3089.9369 GFlop/s     (386.2421 GFlop/s per process)    42%    1947.2 sec left
CG set 148 / 349    3090.4041 GFlop/s     (386.3005 GFlop/s per process)    42%    1936.3 sec left
CG set 149 / 349    3090.8810 GFlop/s     (386.3601 GFlop/s per process)    42%    1925.4 sec left
CG set 150 / 349    3091.3320 GFlop/s     (386.4165 GFlop/s per process)    42%    1914.5 sec left
CG set 151 / 349    3091.7848 GFlop/s     (386.4731 GFlop/s per process)    43%    1903.6 sec left
CG set 152 / 349    3092.2170 GFlop/s     (386.5271 GFlop/s per process)    43%    1892.7 sec left
CG set 153 / 349    3092.6722 GFlop/s     (386.5840 GFlop/s per process)    43%    1881.8 sec left
CG set 154 / 349    3093.1346 GFlop/s     (386.6418 GFlop/s per process)    44%    1871.0 sec left
CG set 155 / 349    3093.6049 GFlop/s     (386.7006 GFlop/s per process)    44%    1860.1 sec left
CG set 156 / 349    3094.0662 GFlop/s     (386.7583 GFlop/s per process)    44%    1849.2 sec left
CG set 157 / 349    3094.5185 GFlop/s     (386.8148 GFlop/s per process)    44%    1838.3 sec left
CG set 158 / 349    3094.9647 GFlop/s     (386.8706 GFlop/s per process)    45%    1827.5 sec left
CG set 159 / 349    3095.3899 GFlop/s     (386.9237 GFlop/s per process)    45%    1816.6 sec left
CG set 160 / 349    3095.8229 GFlop/s     (386.9779 GFlop/s per process)    45%    1805.7 sec left
CG set 161 / 349    3096.2398 GFlop/s     (387.0300 GFlop/s per process)    46%    1794.8 sec left
CG set 162 / 349    3096.6528 GFlop/s     (387.0816 GFlop/s per process)    46%    1783.9 sec left
CG set 163 / 349    3097.0577 GFlop/s     (387.1322 GFlop/s per process)    46%    1773.1 sec left
CG set 164 / 349    3097.4674 GFlop/s     (387.1834 GFlop/s per process)    46%    1762.2 sec left
CG set 165 / 349    3097.8698 GFlop/s     (387.2337 GFlop/s per process)    47%    1751.3 sec left
CG set 166 / 349    3098.2581 GFlop/s     (387.2823 GFlop/s per process)    47%    1740.4 sec left
CG set 167 / 349    3098.6513 GFlop/s     (387.3314 GFlop/s per process)    47%    1729.5 sec left
CG set 168 / 349    3099.0311 GFlop/s     (387.3789 GFlop/s per process)    48%    1718.6 sec left
CG set 169 / 349    3099.4154 GFlop/s     (387.4269 GFlop/s per process)    48%    1707.8 sec left
CG set 170 / 349    3099.7921 GFlop/s     (387.4740 GFlop/s per process)    48%    1696.9 sec left
CG set 171 / 349    3100.1609 GFlop/s     (387.5201 GFlop/s per process)    48%    1686.0 sec left
CG set 172 / 349    3100.5292 GFlop/s     (387.5661 GFlop/s per process)    49%    1675.1 sec left
CG set 173 / 349    3100.8862 GFlop/s     (387.6108 GFlop/s per process)    49%    1664.2 sec left
CG set 174 / 349    3101.2480 GFlop/s     (387.6560 GFlop/s per process)    49%    1653.3 sec left
CG set 175 / 349    3101.6023 GFlop/s     (387.7003 GFlop/s per process)    50%    1642.5 sec left
CG set 176 / 349    3101.9733 GFlop/s     (387.7467 GFlop/s per process)    50%    1631.6 sec left
CG set 177 / 349    3102.3433 GFlop/s     (387.7929 GFlop/s per process)    50%    1620.7 sec left
CG set 178 / 349    3102.7056 GFlop/s     (387.8382 GFlop/s per process)    51%    1609.9 sec left
CG set 179 / 349    3103.0722 GFlop/s     (387.8840 GFlop/s per process)    51%    1599.0 sec left
CG set 180 / 349    3103.4236 GFlop/s     (387.9279 GFlop/s per process)    51%    1588.1 sec left
CG set 181 / 349    3103.7793 GFlop/s     (387.9724 GFlop/s per process)    51%    1577.3 sec left
CG set 182 / 349    3104.1245 GFlop/s     (388.0156 GFlop/s per process)    52%    1566.4 sec left
CG set 183 / 349    3104.4677 GFlop/s     (388.0585 GFlop/s per process)    52%    1555.5 sec left
CG set 184 / 349    3104.8005 GFlop/s     (388.1001 GFlop/s per process)    52%    1544.7 sec left
CG set 185 / 349    3105.1379 GFlop/s     (388.1422 GFlop/s per process)    53%    1533.8 sec left
CG set 186 / 349    3105.4708 GFlop/s     (388.1838 GFlop/s per process)    53%    1522.9 sec left
CG set 187 / 349    3105.7808 GFlop/s     (388.2226 GFlop/s per process)    53%    1512.0 sec left
CG set 188 / 349    3105.9915 GFlop/s     (388.2489 GFlop/s per process)    53%    1501.1 sec left
CG set 189 / 349    3106.0940 GFlop/s     (388.2617 GFlop/s per process)    54%    1490.0 sec left
CG set 190 / 349    3106.1662 GFlop/s     (388.2708 GFlop/s per process)    54%    1478.9 sec left
CG set 191 / 349    3106.2490 GFlop/s     (388.2811 GFlop/s per process)    54%    1467.8 sec left
CG set 192 / 349    3106.4172 GFlop/s     (388.3021 GFlop/s per process)    55%    1456.8 sec left
CG set 193 / 349    3106.6497 GFlop/s     (388.3312 GFlop/s per process)    55%    1445.9 sec left
CG set 194 / 349    3106.9068 GFlop/s     (388.3633 GFlop/s per process)    55%    1435.0 sec left
CG set 195 / 349    3107.1559 GFlop/s     (388.3945 GFlop/s per process)    55%    1424.0 sec left
CG set 196 / 349    3107.3724 GFlop/s     (388.4215 GFlop/s per process)    56%    1413.1 sec left
CG set 197 / 349    3107.5732 GFlop/s     (388.4466 GFlop/s per process)    56%    1402.1 sec left
CG set 198 / 349    3107.7573 GFlop/s     (388.4697 GFlop/s per process)    56%    1391.1 sec left
CG set 199 / 349    3107.9715 GFlop/s     (388.4964 GFlop/s per process)    57%    1380.2 sec left
CG set 200 / 349    3108.2177 GFlop/s     (388.5272 GFlop/s per process)    57%    1369.3 sec left
CG set 201 / 349    3108.4812 GFlop/s     (388.5601 GFlop/s per process)    57%    1358.4 sec left
CG set 202 / 349    3108.7265 GFlop/s     (388.5908 GFlop/s per process)    57%    1347.5 sec left
CG set 203 / 349    3108.9612 GFlop/s     (388.6201 GFlop/s per process)    58%    1336.5 sec left
CG set 204 / 349    3109.1805 GFlop/s     (388.6476 GFlop/s per process)    58%    1325.6 sec left
CG set 205 / 349    3109.3796 GFlop/s     (388.6725 GFlop/s per process)    58%    1314.7 sec left
CG set 206 / 349    3109.6001 GFlop/s     (388.7000 GFlop/s per process)    59%    1303.7 sec left
CG set 207 / 349    3109.8249 GFlop/s     (388.7281 GFlop/s per process)    59%    1292.8 sec left
CG set 208 / 349    3110.0698 GFlop/s     (388.7587 GFlop/s per process)    59%    1281.9 sec left
CG set 209 / 349    3110.3279 GFlop/s     (388.7910 GFlop/s per process)    59%    1271.0 sec left
CG set 210 / 349    3110.5868 GFlop/s     (388.8233 GFlop/s per process)    60%    1260.2 sec left
CG set 211 / 349    3110.8332 GFlop/s     (388.8542 GFlop/s per process)    60%    1249.3 sec left
CG set 212 / 349    3111.0662 GFlop/s     (388.8833 GFlop/s per process)    60%    1238.4 sec left
CG set 213 / 349    3111.3083 GFlop/s     (388.9135 GFlop/s per process)    61%    1227.5 sec left
CG set 214 / 349    3111.5340 GFlop/s     (388.9417 GFlop/s per process)    61%    1216.6 sec left
CG set 215 / 349    3111.7662 GFlop/s     (388.9708 GFlop/s per process)    61%    1205.7 sec left
CG set 216 / 349    3111.9902 GFlop/s     (388.9988 GFlop/s per process)    61%    1194.8 sec left
CG set 217 / 349    3112.2171 GFlop/s     (389.0271 GFlop/s per process)    62%    1183.9 sec left
CG set 218 / 349    3112.4386 GFlop/s     (389.0548 GFlop/s per process)    62%    1173.0 sec left
CG set 219 / 349    3112.6552 GFlop/s     (389.0819 GFlop/s per process)    62%    1162.1 sec left
CG set 220 / 349    3112.8752 GFlop/s     (389.1094 GFlop/s per process)    63%    1151.2 sec left
CG set 221 / 349    3113.0884 GFlop/s     (389.1361 GFlop/s per process)    63%    1140.3 sec left
CG set 222 / 349    3113.3036 GFlop/s     (389.1630 GFlop/s per process)    63%    1129.4 sec left
CG set 223 / 349    3113.5149 GFlop/s     (389.1894 GFlop/s per process)    63%    1118.5 sec left
CG set 224 / 349    3113.7326 GFlop/s     (389.2166 GFlop/s per process)    64%    1107.6 sec left
CG set 225 / 349    3113.9540 GFlop/s     (389.2442 GFlop/s per process)    64%    1096.7 sec left
CG set 226 / 349    3114.1762 GFlop/s     (389.2720 GFlop/s per process)    64%    1085.8 sec left
CG set 227 / 349    3114.4095 GFlop/s     (389.3012 GFlop/s per process)    65%    1075.0 sec left
CG set 228 / 349    3114.6278 GFlop/s     (389.3285 GFlop/s per process)    65%    1064.1 sec left
CG set 229 / 349    3114.8519 GFlop/s     (389.3565 GFlop/s per process)    65%    1053.2 sec left
CG set 230 / 349    3115.0613 GFlop/s     (389.3827 GFlop/s per process)    65%    1042.3 sec left
CG set 231 / 349    3115.2826 GFlop/s     (389.4103 GFlop/s per process)    66%    1031.5 sec left
CG set 232 / 349    3115.4937 GFlop/s     (389.4367 GFlop/s per process)    66%    1020.6 sec left
CG set 233 / 349    3115.7048 GFlop/s     (389.4631 GFlop/s per process)    66%    1009.7 sec left
CG set 234 / 349    3115.9186 GFlop/s     (389.4898 GFlop/s per process)    67%    998.8 sec left
CG set 235 / 349    3116.1239 GFlop/s     (389.5155 GFlop/s per process)    67%    987.9 sec left
CG set 236 / 349    3116.3375 GFlop/s     (389.5422 GFlop/s per process)    67%    977.1 sec left
CG set 237 / 349    3116.5373 GFlop/s     (389.5672 GFlop/s per process)    67%    966.2 sec left
CG set 238 / 349    3116.7430 GFlop/s     (389.5929 GFlop/s per process)    68%    955.3 sec left
CG set 239 / 349    3116.9418 GFlop/s     (389.6177 GFlop/s per process)    68%    944.4 sec left
CG set 240 / 349    3117.1435 GFlop/s     (389.6429 GFlop/s per process)    68%    933.5 sec left
CG set 241 / 349    3117.3459 GFlop/s     (389.6682 GFlop/s per process)    69%    922.7 sec left
CG set 242 / 349    3117.5412 GFlop/s     (389.6926 GFlop/s per process)    69%    911.8 sec left
CG set 243 / 349    3117.7349 GFlop/s     (389.7169 GFlop/s per process)    69%    900.9 sec left
CG set 244 / 349    3117.8681 GFlop/s     (389.7335 GFlop/s per process)    69%    890.0 sec left
CG set 245 / 349    3117.9250 GFlop/s     (389.7406 GFlop/s per process)    70%    878.9 sec left
CG set 246 / 349    3117.9364 GFlop/s     (389.7421 GFlop/s per process)    70%    867.8 sec left
CG set 247 / 349    3117.9722 GFlop/s     (389.7465 GFlop/s per process)    70%    856.8 sec left
CG set 248 / 349    3118.0421 GFlop/s     (389.7553 GFlop/s per process)    71%    845.7 sec left
CG set 249 / 349    3118.1526 GFlop/s     (389.7691 GFlop/s per process)    71%    834.8 sec left
CG set 250 / 349    3118.2769 GFlop/s     (389.7846 GFlop/s per process)    71%    823.8 sec left
CG set 251 / 349    3118.3987 GFlop/s     (389.7998 GFlop/s per process)    71%    812.9 sec left
CG set 252 / 349    3118.5313 GFlop/s     (389.8164 GFlop/s per process)    72%    801.9 sec left
CG set 253 / 349    3118.6597 GFlop/s     (389.8325 GFlop/s per process)    72%    791.0 sec left
CG set 254 / 349    3118.8015 GFlop/s     (389.8502 GFlop/s per process)    72%    780.0 sec left
CG set 255 / 349    3118.9358 GFlop/s     (389.8670 GFlop/s per process)    73%    769.1 sec left
CG set 256 / 349    3119.0655 GFlop/s     (389.8832 GFlop/s per process)    73%    758.2 sec left
CG set 257 / 349    3119.2040 GFlop/s     (389.9005 GFlop/s per process)    73%    747.2 sec left
CG set 258 / 349    3119.3605 GFlop/s     (389.9201 GFlop/s per process)    73%    736.3 sec left
CG set 259 / 349    3119.5306 GFlop/s     (389.9413 GFlop/s per process)    74%    725.4 sec left
CG set 260 / 349    3119.7023 GFlop/s     (389.9628 GFlop/s per process)    74%    714.6 sec left
CG set 261 / 349    3119.8649 GFlop/s     (389.9831 GFlop/s per process)    74%    703.7 sec left
CG set 262 / 349    3120.0169 GFlop/s     (390.0021 GFlop/s per process)    75%    692.8 sec left
CG set 263 / 349    3120.1667 GFlop/s     (390.0208 GFlop/s per process)    75%    681.9 sec left
CG set 264 / 349    3120.3180 GFlop/s     (390.0398 GFlop/s per process)    75%    671.0 sec left
CG set 265 / 349    3120.4669 GFlop/s     (390.0584 GFlop/s per process)    75%    660.1 sec left
CG set 266 / 349    3120.6139 GFlop/s     (390.0767 GFlop/s per process)    76%    649.2 sec left
CG set 267 / 349    3120.7573 GFlop/s     (390.0947 GFlop/s per process)    76%    638.2 sec left
CG set 268 / 349    3120.9001 GFlop/s     (390.1125 GFlop/s per process)    76%    627.3 sec left
CG set 269 / 349    3121.0369 GFlop/s     (390.1296 GFlop/s per process)    77%    616.4 sec left
CG set 270 / 349    3121.1917 GFlop/s     (390.1490 GFlop/s per process)    77%    605.5 sec left
CG set 271 / 349    3121.3489 GFlop/s     (390.1686 GFlop/s per process)    77%    594.6 sec left
CG set 272 / 349    3121.5052 GFlop/s     (390.1882 GFlop/s per process)    77%    583.8 sec left
CG set 273 / 349    3121.6596 GFlop/s     (390.2075 GFlop/s per process)    78%    572.9 sec left
CG set 274 / 349    3121.8052 GFlop/s     (390.2257 GFlop/s per process)    78%    562.0 sec left
CG set 275 / 349    3121.9543 GFlop/s     (390.2443 GFlop/s per process)    78%    551.1 sec left
CG set 276 / 349    3122.0972 GFlop/s     (390.2621 GFlop/s per process)    79%    540.2 sec left
CG set 277 / 349    3122.2409 GFlop/s     (390.2801 GFlop/s per process)    79%    529.3 sec left
CG set 278 / 349    3122.3823 GFlop/s     (390.2978 GFlop/s per process)    79%    518.4 sec left
CG set 279 / 349    3122.5267 GFlop/s     (390.3158 GFlop/s per process)    79%    507.5 sec left
CG set 280 / 349    3122.6675 GFlop/s     (390.3334 GFlop/s per process)    80%    496.6 sec left
CG set 281 / 349    3122.7982 GFlop/s     (390.3498 GFlop/s per process)    80%    485.7 sec left
CG set 282 / 349    3122.9378 GFlop/s     (390.3672 GFlop/s per process)    80%    474.8 sec left
CG set 283 / 349    3123.0663 GFlop/s     (390.3833 GFlop/s per process)    81%    463.9 sec left
CG set 284 / 349    3123.2045 GFlop/s     (390.4006 GFlop/s per process)    81%    453.0 sec left
CG set 285 / 349    3123.3439 GFlop/s     (390.4180 GFlop/s per process)    81%    442.1 sec left
CG set 286 / 349    3123.4941 GFlop/s     (390.4368 GFlop/s per process)    81%    431.3 sec left
CG set 287 / 349    3123.6427 GFlop/s     (390.4553 GFlop/s per process)    82%    420.4 sec left
CG set 288 / 349    3123.7918 GFlop/s     (390.4740 GFlop/s per process)    82%    409.5 sec left
CG set 289 / 349    3123.9383 GFlop/s     (390.4923 GFlop/s per process)    82%    398.6 sec left
CG set 290 / 349    3124.0783 GFlop/s     (390.5098 GFlop/s per process)    83%    387.8 sec left
CG set 291 / 349    3124.2241 GFlop/s     (390.5280 GFlop/s per process)    83%    376.9 sec left
CG set 292 / 349    3124.3636 GFlop/s     (390.5455 GFlop/s per process)    83%    366.0 sec left
CG set 293 / 349    3124.5048 GFlop/s     (390.5631 GFlop/s per process)    83%    355.1 sec left
CG set 294 / 349    3124.6444 GFlop/s     (390.5805 GFlop/s per process)    84%    344.3 sec left
CG set 295 / 349    3124.7881 GFlop/s     (390.5985 GFlop/s per process)    84%    333.4 sec left
CG set 296 / 349    3124.9297 GFlop/s     (390.6162 GFlop/s per process)    84%    322.5 sec left
CG set 297 / 349    3125.0614 GFlop/s     (390.6327 GFlop/s per process)    85%    311.6 sec left
CG set 298 / 349    3125.1996 GFlop/s     (390.6500 GFlop/s per process)    85%    300.8 sec left
CG set 299 / 349    3125.3307 GFlop/s     (390.6663 GFlop/s per process)    85%    289.9 sec left
CG set 300 / 349    3125.4646 GFlop/s     (390.6831 GFlop/s per process)    85%    279.0 sec left
CG set 301 / 349    3125.5457 GFlop/s     (390.6932 GFlop/s per process)    86%    268.1 sec left
CG set 302 / 349    3125.5584 GFlop/s     (390.6948 GFlop/s per process)    86%    257.0 sec left
CG set 303 / 349    3125.5338 GFlop/s     (390.6917 GFlop/s per process)    86%    245.9 sec left
CG set 304 / 349    3125.5068 GFlop/s     (390.6884 GFlop/s per process)    87%    234.8 sec left
CG set 305 / 349    3125.5265 GFlop/s     (390.6908 GFlop/s per process)    87%    223.7 sec left
CG set 306 / 349    3125.5786 GFlop/s     (390.6973 GFlop/s per process)    87%    212.8 sec left
CG set 307 / 349    3125.6759 GFlop/s     (390.7095 GFlop/s per process)    87%    201.8 sec left
CG set 308 / 349    3125.7820 GFlop/s     (390.7227 GFlop/s per process)    88%    190.9 sec left
CG set 309 / 349    3125.8987 GFlop/s     (390.7373 GFlop/s per process)    88%    180.0 sec left
CG set 310 / 349    3125.9990 GFlop/s     (390.7499 GFlop/s per process)    88%    169.1 sec left
CG set 311 / 349    3126.0763 GFlop/s     (390.7595 GFlop/s per process)    89%    158.2 sec left
CG set 312 / 349    3126.1354 GFlop/s     (390.7669 GFlop/s per process)    89%    147.2 sec left
CG set 313 / 349    3126.1785 GFlop/s     (390.7723 GFlop/s per process)    89%    136.2 sec left
CG set 314 / 349    3126.2332 GFlop/s     (390.7791 GFlop/s per process)    89%    125.2 sec left
CG set 315 / 349    3126.3034 GFlop/s     (390.7879 GFlop/s per process)    90%    114.2 sec left
CG set 316 / 349    3126.4012 GFlop/s     (390.8002 GFlop/s per process)    90%    103.3 sec left
CG set 317 / 349    3126.5102 GFlop/s     (390.8138 GFlop/s per process)    90%    92.4 sec left
CG set 318 / 349    3126.6240 GFlop/s     (390.8280 GFlop/s per process)    91%    81.5 sec left
CG set 319 / 349    3126.7284 GFlop/s     (390.8410 GFlop/s per process)    91%    70.6 sec left
CG set 320 / 349    3126.8303 GFlop/s     (390.8538 GFlop/s per process)    91%    59.7 sec left
CG set 321 / 349    3126.9318 GFlop/s     (390.8665 GFlop/s per process)    91%    48.8 sec left
CG set 322 / 349    3127.0313 GFlop/s     (390.8789 GFlop/s per process)    92%    37.9 sec left
CG set 323 / 349    3127.1388 GFlop/s     (390.8923 GFlop/s per process)    92%    27.0 sec left
CG set 324 / 349    3127.2502 GFlop/s     (390.9063 GFlop/s per process)    92%    16.1 sec left
CG set 325 / 349    3127.3595 GFlop/s     (390.9199 GFlop/s per process)    93%    5.2 sec left
CG set 326 / 349    3127.4657 GFlop/s     (390.9332 GFlop/s per process)    93%    0.0 sec left
CG set 327 / 349    3127.5698 GFlop/s     (390.9462 GFlop/s per process)    93%    0.0 sec left
CG set 328 / 349    3127.6721 GFlop/s     (390.9590 GFlop/s per process)    93%    0.0 sec left
CG set 329 / 349    3127.7702 GFlop/s     (390.9713 GFlop/s per process)    94%    0.0 sec left
CG set 330 / 349    3127.8716 GFlop/s     (390.9839 GFlop/s per process)    94%    0.0 sec left
CG set 331 / 349    3127.9729 GFlop/s     (390.9966 GFlop/s per process)    94%    0.0 sec left
CG set 332 / 349    3128.0851 GFlop/s     (391.0106 GFlop/s per process)    95%    0.0 sec left
CG set 333 / 349    3128.1904 GFlop/s     (391.0238 GFlop/s per process)    95%    0.0 sec left
CG set 334 / 349    3128.3005 GFlop/s     (391.0376 GFlop/s per process)    95%    0.0 sec left
CG set 335 / 349    3128.4112 GFlop/s     (391.0514 GFlop/s per process)    95%    0.0 sec left
CG set 336 / 349    3128.5200 GFlop/s     (391.0650 GFlop/s per process)    96%    0.0 sec left
CG set 337 / 349    3128.6340 GFlop/s     (391.0792 GFlop/s per process)    96%    0.0 sec left
CG set 338 / 349    3128.7457 GFlop/s     (391.0932 GFlop/s per process)    96%    0.0 sec left
CG set 339 / 349    3128.8571 GFlop/s     (391.1071 GFlop/s per process)    97%    0.0 sec left
CG set 340 / 349    3128.9633 GFlop/s     (391.1204 GFlop/s per process)    97%    0.0 sec left
CG set 341 / 349    3129.0751 GFlop/s     (391.1344 GFlop/s per process)    97%    0.0 sec left
CG set 342 / 349    3129.1875 GFlop/s     (391.1484 GFlop/s per process)    97%    0.0 sec left
CG set 343 / 349    3129.2958 GFlop/s     (391.1620 GFlop/s per process)    98%    0.0 sec left
CG set 344 / 349    3129.4072 GFlop/s     (391.1759 GFlop/s per process)    98%    0.0 sec left
CG set 345 / 349    3129.5120 GFlop/s     (391.1890 GFlop/s per process)    98%    0.0 sec left
CG set 346 / 349    3129.6207 GFlop/s     (391.2026 GFlop/s per process)    99%    0.0 sec left
CG set 347 / 349    3129.7267 GFlop/s     (391.2158 GFlop/s per process)    99%    0.0 sec left
CG set 348 / 349    3129.8306 GFlop/s     (391.2288 GFlop/s per process)    99%    0.0 sec left
CG set 349 / 349    3129.9368 GFlop/s     (391.2421 GFlop/s per process)    100%    0.0 sec left

Local domain: 680 x 680 x 680
Global domain: 1360 x 1360 x 1360
Process domain: 2 x 2 x 2

Total Time: 3855.91 sec
Setup Time: 0.35 sec
Optimization Time: 39.70 sec

DDOT   =  2157.6 GFlop/s (17260.5 GB/s)     269.7 GFlop/s per process ( 2157.6 GB/s per process)
WAXPBY =  1937.9 GFlop/s (23255.4 GB/s)     242.2 GFlop/s per process ( 2906.9 GB/s per process)
SpMV   =  3675.7 GFlop/s (30496.4 GB/s)     459.5 GFlop/s per process ( 3812.1 GB/s per process)
MG     =  5464.5 GFlop/s (53102.3 GB/s)     683.1 GFlop/s per process ( 6637.8 GB/s per process)
Total  =  4776.2 GFlop/s (45462.9 GB/s)     597.0 GFlop/s per process ( 5682.9 GB/s per process)
Final  =  3129.9 GFlop/s (29792.5 GB/s)     391.2 GFlop/s per process ( 3724.1 GB/s per process)
