rocHPCG version: 0.8.6-0c708bb (based on hpcg-3.1)
Using HIP device (0): AMD Instinct MI300X (196592 MB global memory)

Setup Phase took 0.23 sec

Copying GPU assembled data to host for reference computations

Checking assembled data ...

Starting Reference CG Phase ...

REFERENCE Initial Residual = 2.470799e+04
REFERENCE Iteration = 1   Scaled Residual = 1.861879e-01
REFERENCE Iteration = 2   Scaled Residual = 1.022297e-01
REFERENCE Iteration = 3   Scaled Residual = 7.056202e-02
REFERENCE Iteration = 4   Scaled Residual = 5.390333e-02
REFERENCE Iteration = 5   Scaled Residual = 4.358777e-02
REFERENCE Iteration = 6   Scaled Residual = 3.656913e-02
REFERENCE Iteration = 7   Scaled Residual = 3.149429e-02
REFERENCE Iteration = 8   Scaled Residual = 2.766937e-02
REFERENCE Iteration = 9   Scaled Residual = 2.469520e-02
REFERENCE Iteration = 10   Scaled Residual = 2.231877e-02
REFERENCE Iteration = 11   Scaled Residual = 2.037060e-02
REFERENCE Iteration = 12   Scaled Residual = 1.873420e-02
REFERENCE Iteration = 13   Scaled Residual = 1.732925e-02
REFERENCE Iteration = 14   Scaled Residual = 1.610509e-02
REFERENCE Iteration = 15   Scaled Residual = 1.503106e-02
REFERENCE Iteration = 16   Scaled Residual = 1.408718e-02
REFERENCE Iteration = 17   Scaled Residual = 1.325936e-02
REFERENCE Iteration = 18   Scaled Residual = 1.253398e-02
REFERENCE Iteration = 19   Scaled Residual = 1.189518e-02
REFERENCE Iteration = 20   Scaled Residual = 1.132662e-02
REFERENCE Iteration = 21   Scaled Residual = 1.081230e-02
REFERENCE Iteration = 22   Scaled Residual = 1.033878e-02
REFERENCE Iteration = 23   Scaled Residual = 9.898860e-03
REFERENCE Iteration = 24   Scaled Residual = 9.490710e-03
REFERENCE Iteration = 25   Scaled Residual = 9.115612e-03
REFERENCE Iteration = 26   Scaled Residual = 8.776405e-03
REFERENCE Iteration = 27   Scaled Residual = 8.474056e-03
REFERENCE Iteration = 28   Scaled Residual = 8.205903e-03
REFERENCE Iteration = 29   Scaled Residual = 7.966466e-03
REFERENCE Iteration = 30   Scaled Residual = 7.747772e-03
REFERENCE Iteration = 31   Scaled Residual = 7.541999e-03
REFERENCE Iteration = 32   Scaled Residual = 7.345034e-03
REFERENCE Iteration = 33   Scaled Residual = 7.156464e-03
REFERENCE Iteration = 34   Scaled Residual = 6.978478e-03
REFERENCE Iteration = 35   Scaled Residual = 6.813380e-03
REFERENCE Iteration = 36   Scaled Residual = 6.659481e-03
REFERENCE Iteration = 37   Scaled Residual = 6.510385e-03
REFERENCE Iteration = 38   Scaled Residual = 6.357403e-03
REFERENCE Iteration = 39   Scaled Residual = 6.193416e-03
REFERENCE Iteration = 40   Scaled Residual = 6.018132e-03
REFERENCE Iteration = 41   Scaled Residual = 5.838871e-03
REFERENCE Iteration = 42   Scaled Residual = 5.665939e-03
REFERENCE Iteration = 43   Scaled Residual = 5.508189e-03
REFERENCE Iteration = 44   Scaled Residual = 5.369732e-03
REFERENCE Iteration = 45   Scaled Residual = 5.248828e-03
REFERENCE Iteration = 46   Scaled Residual = 5.140480e-03
REFERENCE Iteration = 47   Scaled Residual = 5.039309e-03
REFERENCE Iteration = 48   Scaled Residual = 4.941774e-03
REFERENCE Iteration = 49   Scaled Residual = 4.847863e-03
REFERENCE Iteration = 50   Scaled Residual = 4.759639e-03

Optimization Phase took 0.53 sec

Validation Testing Phase ...

Optimized CG Setup ...

HIP Initial Residual = 2.470799e+04
HIP Iteration = 1   Scaled Residual = 2.184180e-01
HIP Iteration = 2   Scaled Residual = 1.183134e-01
HIP Iteration = 3   Scaled Residual = 8.069165e-02
HIP Iteration = 4   Scaled Residual = 6.115063e-02
HIP Iteration = 5   Scaled Residual = 4.930300e-02
HIP Iteration = 6   Scaled Residual = 4.129383e-02
HIP Iteration = 7   Scaled Residual = 3.554955e-02
HIP Iteration = 8   Scaled Residual = 3.121959e-02
HIP Iteration = 9   Scaled Residual = 2.784200e-02
HIP Iteration = 10   Scaled Residual = 2.513346e-02
HIP Iteration = 11   Scaled Residual = 2.292038e-02
HIP Iteration = 12   Scaled Residual = 2.107739e-02
HIP Iteration = 13   Scaled Residual = 1.952731e-02
HIP Iteration = 14   Scaled Residual = 1.820914e-02
HIP Iteration = 15   Scaled Residual = 1.707964e-02
HIP Iteration = 16   Scaled Residual = 1.610647e-02
HIP Iteration = 17   Scaled Residual = 1.526252e-02
HIP Iteration = 18   Scaled Residual = 1.452389e-02
HIP Iteration = 19   Scaled Residual = 1.386639e-02
HIP Iteration = 20   Scaled Residual = 1.326630e-02
HIP Iteration = 21   Scaled Residual = 1.270215e-02
HIP Iteration = 22   Scaled Residual = 1.215704e-02
HIP Iteration = 23   Scaled Residual = 1.162396e-02
HIP Iteration = 24   Scaled Residual = 1.110480e-02
HIP Iteration = 25   Scaled Residual = 1.060723e-02
HIP Iteration = 26   Scaled Residual = 1.014157e-02
HIP Iteration = 27   Scaled Residual = 9.714375e-03
HIP Iteration = 28   Scaled Residual = 9.327809e-03
HIP Iteration = 29   Scaled Residual = 8.981533e-03
HIP Iteration = 30   Scaled Residual = 8.672023e-03
HIP Iteration = 31   Scaled Residual = 8.395093e-03
HIP Iteration = 32   Scaled Residual = 8.146903e-03
HIP Iteration = 33   Scaled Residual = 7.922328e-03
HIP Iteration = 34   Scaled Residual = 7.716350e-03
HIP Iteration = 35   Scaled Residual = 7.524182e-03
HIP Iteration = 36   Scaled Residual = 7.339871e-03
HIP Iteration = 37   Scaled Residual = 7.158570e-03
HIP Iteration = 38   Scaled Residual = 6.977142e-03
HIP Iteration = 39   Scaled Residual = 6.793883e-03
HIP Iteration = 40   Scaled Residual = 6.610092e-03
HIP Iteration = 41   Scaled Residual = 6.429020e-03
HIP Iteration = 42   Scaled Residual = 6.253636e-03
HIP Iteration = 43   Scaled Residual = 6.087378e-03
HIP Iteration = 44   Scaled Residual = 5.932439e-03
HIP Iteration = 45   Scaled Residual = 5.789337e-03
HIP Iteration = 46   Scaled Residual = 5.658251e-03
HIP Iteration = 47   Scaled Residual = 5.538508e-03
HIP Iteration = 48   Scaled Residual = 5.428301e-03
HIP Iteration = 49   Scaled Residual = 5.326321e-03
HIP Iteration = 50   Scaled Residual = 5.230260e-03
HIP Iteration = 51   Scaled Residual = 5.137464e-03
HIP Iteration = 52   Scaled Residual = 5.045839e-03
HIP Iteration = 53   Scaled Residual = 4.953384e-03
HIP Iteration = 54   Scaled Residual = 4.858682e-03
HIP Iteration = 55   Scaled Residual = 4.762271e-03
HIP Iteration = 56   Scaled Residual = 4.664945e-03

Total device memory usage: 101572 MByte (196592 MByte)

Starting Benchmarking Phase ...

Performing (at least) 306 CG sets in 3600.0 seconds ...
CG set 1 / 306    2487.7593 GFlop/s     (310.9699 GFlop/s per process)    0%    3589.5 sec left
CG set 2 / 306    2421.3210 GFlop/s     (302.6651 GFlop/s per process)    0%    3578.4 sec left
CG set 3 / 306    2376.9218 GFlop/s     (297.1152 GFlop/s per process)    0%    3567.0 sec left
CG set 4 / 306    2340.5662 GFlop/s     (292.5708 GFlop/s per process)    1%    3555.3 sec left
CG set 5 / 306    2356.4262 GFlop/s     (294.5533 GFlop/s per process)    1%    3544.6 sec left
CG set 6 / 306    2342.6837 GFlop/s     (292.8355 GFlop/s per process)    1%    3533.1 sec left
CG set 7 / 306    2428.3720 GFlop/s     (303.5465 GFlop/s per process)    2%    3524.7 sec left
CG set 8 / 306    2463.5754 GFlop/s     (307.9469 GFlop/s per process)    2%    3515.2 sec left
CG set 9 / 306    2429.1529 GFlop/s     (303.6441 GFlop/s per process)    2%    3503.2 sec left
CG set 10 / 306    2379.4743 GFlop/s     (297.4343 GFlop/s per process)    3%    3490.2 sec left
CG set 11 / 306    2342.7007 GFlop/s     (292.8376 GFlop/s per process)    3%    3477.3 sec left
CG set 12 / 306    2349.1210 GFlop/s     (293.6401 GFlop/s per process)    3%    3466.5 sec left
CG set 13 / 306    2316.4634 GFlop/s     (289.5579 GFlop/s per process)    4%    3453.4 sec left
CG set 14 / 306    2334.4985 GFlop/s     (291.8123 GFlop/s per process)    4%    3443.3 sec left
CG set 15 / 306    2344.8901 GFlop/s     (293.1113 GFlop/s per process)    4%    3432.9 sec left
CG set 16 / 306    2348.7189 GFlop/s     (293.5899 GFlop/s per process)    5%    3422.0 sec left
CG set 17 / 306    2326.8127 GFlop/s     (290.8516 GFlop/s per process)    5%    3409.1 sec left
CG set 18 / 306    2341.5473 GFlop/s     (292.6934 GFlop/s per process)    5%    3399.2 sec left
CG set 19 / 306    2326.1645 GFlop/s     (290.7706 GFlop/s per process)    6%    3386.6 sec left
CG set 20 / 306    2314.2864 GFlop/s     (289.2858 GFlop/s per process)    6%    3374.2 sec left
CG set 21 / 306    2283.9023 GFlop/s     (285.4878 GFlop/s per process)    6%    3359.7 sec left
CG set 22 / 306    2306.9449 GFlop/s     (288.3681 GFlop/s per process)    7%    3350.8 sec left
CG set 23 / 306    2322.0298 GFlop/s     (290.2537 GFlop/s per process)    7%    3341.2 sec left
CG set 24 / 306    2332.3696 GFlop/s     (291.5462 GFlop/s per process)    7%    3331.1 sec left
CG set 25 / 306    2320.1199 GFlop/s     (290.0150 GFlop/s per process)    8%    3318.4 sec left
CG set 26 / 306    2325.1135 GFlop/s     (290.6392 GFlop/s per process)    8%    3307.8 sec left
CG set 27 / 306    2326.7172 GFlop/s     (290.8397 GFlop/s per process)    8%    3296.8 sec left
CG set 28 / 306    2319.0984 GFlop/s     (289.8873 GFlop/s per process)    9%    3284.5 sec left
CG set 29 / 306    2335.0169 GFlop/s     (291.8771 GFlop/s per process)    9%    3275.5 sec left
CG set 30 / 306    2329.6269 GFlop/s     (291.2034 GFlop/s per process)    9%    3263.5 sec left
CG set 31 / 306    2315.1328 GFlop/s     (289.3916 GFlop/s per process)    10%    3250.1 sec left
CG set 32 / 306    2315.2887 GFlop/s     (289.4111 GFlop/s per process)    10%    3238.9 sec left
CG set 33 / 306    2314.4491 GFlop/s     (289.3061 GFlop/s per process)    10%    3227.4 sec left
CG set 34 / 306    2290.8255 GFlop/s     (286.3532 GFlop/s per process)    11%    3212.2 sec left
CG set 35 / 306    2283.4769 GFlop/s     (285.4346 GFlop/s per process)    11%    3199.5 sec left
CG set 36 / 306    2281.3865 GFlop/s     (285.1733 GFlop/s per process)    11%    3187.6 sec left
CG set 37 / 306    2285.5223 GFlop/s     (285.6903 GFlop/s per process)    12%    3177.0 sec left
CG set 38 / 306    2276.6734 GFlop/s     (284.5842 GFlop/s per process)    12%    3163.8 sec left
CG set 39 / 306    2269.1290 GFlop/s     (283.6411 GFlop/s per process)    12%    3150.8 sec left
CG set 40 / 306    2269.9408 GFlop/s     (283.7426 GFlop/s per process)    13%    3139.5 sec left
CG set 41 / 306    2274.7762 GFlop/s     (284.3470 GFlop/s per process)    13%    3129.0 sec left
CG set 42 / 306    2266.7358 GFlop/s     (283.3420 GFlop/s per process)    13%    3115.8 sec left
CG set 43 / 306    2273.2238 GFlop/s     (284.1530 GFlop/s per process)    14%    3105.7 sec left
CG set 44 / 306    2284.0929 GFlop/s     (285.5116 GFlop/s per process)    14%    3096.6 sec left
CG set 45 / 306    2288.8730 GFlop/s     (286.1091 GFlop/s per process)    14%    3086.2 sec left
CG set 46 / 306    2294.6704 GFlop/s     (286.8338 GFlop/s per process)    15%    3076.2 sec left
CG set 47 / 306    2305.2006 GFlop/s     (288.1501 GFlop/s per process)    15%    3067.2 sec left
CG set 48 / 306    2307.3912 GFlop/s     (288.4239 GFlop/s per process)    15%    3056.4 sec left
CG set 49 / 306    2308.4875 GFlop/s     (288.5609 GFlop/s per process)    16%    3045.4 sec left
CG set 50 / 306    2310.3739 GFlop/s     (288.7967 GFlop/s per process)    16%    3034.5 sec left
CG set 51 / 306    2317.5886 GFlop/s     (289.6986 GFlop/s per process)    16%    3025.0 sec left
CG set 52 / 306    2323.9260 GFlop/s     (290.4907 GFlop/s per process)    16%    3015.3 sec left
CG set 53 / 306    2328.4976 GFlop/s     (291.0622 GFlop/s per process)    17%    3005.3 sec left
CG set 54 / 306    2330.2293 GFlop/s     (291.2787 GFlop/s per process)    17%    2994.5 sec left
CG set 55 / 306    2333.4608 GFlop/s     (291.6826 GFlop/s per process)    17%    2984.2 sec left
CG set 56 / 306    2340.3030 GFlop/s     (292.5379 GFlop/s per process)    18%    2974.8 sec left
CG set 57 / 306    2342.7975 GFlop/s     (292.8497 GFlop/s per process)    18%    2964.3 sec left
CG set 58 / 306    2342.2296 GFlop/s     (292.7787 GFlop/s per process)    18%    2953.0 sec left
CG set 59 / 306    2349.6801 GFlop/s     (293.7100 GFlop/s per process)    19%    2944.0 sec left
CG set 60 / 306    2358.9897 GFlop/s     (294.8737 GFlop/s per process)    19%    2935.5 sec left
CG set 61 / 306    2360.4623 GFlop/s     (295.0578 GFlop/s per process)    19%    2924.8 sec left
CG set 62 / 306    2366.6385 GFlop/s     (295.8298 GFlop/s per process)    20%    2915.6 sec left
CG set 63 / 306    2375.6272 GFlop/s     (296.9534 GFlop/s per process)    20%    2907.2 sec left
CG set 64 / 306    2381.0404 GFlop/s     (297.6301 GFlop/s per process)    20%    2897.8 sec left
CG set 65 / 306    2382.4697 GFlop/s     (297.8087 GFlop/s per process)    21%    2887.3 sec left
CG set 66 / 306    2377.9556 GFlop/s     (297.2444 GFlop/s per process)    21%    2874.9 sec left
CG set 67 / 306    2382.6456 GFlop/s     (297.8307 GFlop/s per process)    21%    2865.4 sec left
CG set 68 / 306    2378.6751 GFlop/s     (297.3344 GFlop/s per process)    22%    2853.2 sec left
CG set 69 / 306    2370.0316 GFlop/s     (296.2540 GFlop/s per process)    22%    2839.4 sec left
CG set 70 / 306    2374.0071 GFlop/s     (296.7509 GFlop/s per process)    22%    2829.7 sec left
CG set 71 / 306    2375.7177 GFlop/s     (296.9647 GFlop/s per process)    23%    2819.2 sec left
CG set 72 / 306    2375.5360 GFlop/s     (296.9420 GFlop/s per process)    23%    2808.2 sec left
CG set 73 / 306    2378.5378 GFlop/s     (297.3172 GFlop/s per process)    23%    2798.2 sec left
CG set 74 / 306    2381.6803 GFlop/s     (297.7100 GFlop/s per process)    24%    2788.3 sec left
CG set 75 / 306    2384.7479 GFlop/s     (298.0935 GFlop/s per process)    24%    2778.4 sec left
CG set 76 / 306    2391.2233 GFlop/s     (298.9029 GFlop/s per process)    24%    2769.7 sec left
CG set 77 / 306    2397.3390 GFlop/s     (299.6674 GFlop/s per process)    25%    2760.9 sec left
CG set 78 / 306    2396.6935 GFlop/s     (299.5867 GFlop/s per process)    25%    2749.8 sec left
CG set 79 / 306    2395.1117 GFlop/s     (299.3890 GFlop/s per process)    25%    2738.3 sec left
CG set 80 / 306    2390.5737 GFlop/s     (298.8217 GFlop/s per process)    26%    2725.8 sec left
CG set 81 / 306    2387.1411 GFlop/s     (298.3926 GFlop/s per process)    26%    2713.6 sec left
CG set 82 / 306    2383.4949 GFlop/s     (297.9369 GFlop/s per process)    26%    2701.2 sec left
CG set 83 / 306    2380.3836 GFlop/s     (297.5480 GFlop/s per process)    27%    2689.1 sec left
CG set 84 / 306    2379.1488 GFlop/s     (297.3936 GFlop/s per process)    27%    2677.6 sec left
CG set 85 / 306    2373.8313 GFlop/s     (296.7289 GFlop/s per process)    27%    2664.5 sec left
CG set 86 / 306    2366.8805 GFlop/s     (295.8601 GFlop/s per process)    28%    2650.7 sec left
CG set 87 / 306    2359.3992 GFlop/s     (294.9249 GFlop/s per process)    28%    2636.6 sec left
CG set 88 / 306    2354.8098 GFlop/s     (294.3512 GFlop/s per process)    28%    2623.6 sec left
CG set 89 / 306    2355.3859 GFlop/s     (294.4232 GFlop/s per process)    29%    2612.8 sec left
CG set 90 / 306    2350.2330 GFlop/s     (293.7791 GFlop/s per process)    29%    2599.5 sec left
CG set 91 / 306    2344.9466 GFlop/s     (293.1183 GFlop/s per process)    29%    2586.1 sec left
CG set 92 / 306    2344.6341 GFlop/s     (293.0793 GFlop/s per process)    30%    2574.8 sec left
CG set 93 / 306    2341.4257 GFlop/s     (292.6782 GFlop/s per process)    30%    2562.2 sec left
CG set 94 / 306    2337.8689 GFlop/s     (292.2336 GFlop/s per process)    30%    2549.5 sec left
CG set 95 / 306    2336.8627 GFlop/s     (292.1078 GFlop/s per process)    31%    2537.8 sec left
CG set 96 / 306    2336.1496 GFlop/s     (292.0187 GFlop/s per process)    31%    2526.3 sec left
CG set 97 / 306    2334.9886 GFlop/s     (291.8736 GFlop/s per process)    31%    2514.6 sec left
CG set 98 / 306    2336.0324 GFlop/s     (292.0040 GFlop/s per process)    32%    2503.9 sec left
CG set 99 / 306    2337.7261 GFlop/s     (292.2158 GFlop/s per process)    32%    2493.5 sec left
CG set 100 / 306    2337.3222 GFlop/s     (292.1653 GFlop/s per process)    32%    2482.1 sec left
CG set 101 / 306    2333.9178 GFlop/s     (291.7397 GFlop/s per process)    33%    2469.3 sec left
CG set 102 / 306    2331.3722 GFlop/s     (291.4215 GFlop/s per process)    33%    2456.9 sec left
CG set 103 / 306    2330.6284 GFlop/s     (291.3286 GFlop/s per process)    33%    2445.3 sec left
CG set 104 / 306    2331.3653 GFlop/s     (291.4207 GFlop/s per process)    33%    2434.4 sec left
CG set 105 / 306    2324.6399 GFlop/s     (290.5800 GFlop/s per process)    34%    2419.8 sec left
CG set 106 / 306    2319.6012 GFlop/s     (289.9501 GFlop/s per process)    34%    2406.0 sec left
CG set 107 / 306    2309.7303 GFlop/s     (288.7163 GFlop/s per process)    34%    2389.5 sec left
CG set 108 / 306    2310.0959 GFlop/s     (288.7620 GFlop/s per process)    35%    2378.4 sec left
CG set 109 / 306    2310.1964 GFlop/s     (288.7745 GFlop/s per process)    35%    2367.1 sec left
CG set 110 / 306    2311.2252 GFlop/s     (288.9032 GFlop/s per process)    35%    2356.4 sec left
CG set 111 / 306    2310.8117 GFlop/s     (288.8515 GFlop/s per process)    36%    2344.8 sec left
CG set 112 / 306    2310.0329 GFlop/s     (288.7541 GFlop/s per process)    36%    2333.1 sec left
CG set 113 / 306    2310.1781 GFlop/s     (288.7723 GFlop/s per process)    36%    2321.9 sec left
CG set 114 / 306    2312.8104 GFlop/s     (289.1013 GFlop/s per process)    37%    2312.0 sec left
CG set 115 / 306    2311.3378 GFlop/s     (288.9172 GFlop/s per process)    37%    2299.9 sec left
CG set 116 / 306    2312.1794 GFlop/s     (289.0224 GFlop/s per process)    37%    2289.1 sec left
CG set 117 / 306    2315.4611 GFlop/s     (289.4326 GFlop/s per process)    38%    2279.7 sec left
CG set 118 / 306    2315.9329 GFlop/s     (289.4916 GFlop/s per process)    38%    2268.7 sec left
CG set 119 / 306    2316.0251 GFlop/s     (289.5031 GFlop/s per process)    38%    2257.4 sec left
CG set 120 / 306    2318.1916 GFlop/s     (289.7739 GFlop/s per process)    39%    2247.4 sec left
CG set 121 / 306    2321.9329 GFlop/s     (290.2416 GFlop/s per process)    39%    2238.4 sec left
CG set 122 / 306    2323.2593 GFlop/s     (290.4074 GFlop/s per process)    39%    2227.9 sec left
CG set 123 / 306    2323.8020 GFlop/s     (290.4752 GFlop/s per process)    40%    2217.0 sec left
CG set 124 / 306    2326.1687 GFlop/s     (290.7711 GFlop/s per process)    40%    2207.2 sec left
CG set 125 / 306    2321.4117 GFlop/s     (290.1765 GFlop/s per process)    40%    2193.0 sec left
CG set 126 / 306    2325.4134 GFlop/s     (290.6767 GFlop/s per process)    41%    2184.2 sec left
CG set 127 / 306    2327.8764 GFlop/s     (290.9846 GFlop/s per process)    41%    2174.5 sec left
CG set 128 / 306    2330.8638 GFlop/s     (291.3580 GFlop/s per process)    41%    2165.2 sec left
CG set 129 / 306    2334.4161 GFlop/s     (291.8020 GFlop/s per process)    42%    2156.2 sec left
CG set 130 / 306    2337.2688 GFlop/s     (292.1586 GFlop/s per process)    42%    2146.8 sec left
CG set 131 / 306    2337.8228 GFlop/s     (292.2278 GFlop/s per process)    42%    2135.9 sec left
CG set 132 / 306    2339.3713 GFlop/s     (292.4214 GFlop/s per process)    43%    2125.7 sec left
CG set 133 / 306    2342.8344 GFlop/s     (292.8543 GFlop/s per process)    43%    2116.8 sec left
CG set 134 / 306    2345.3342 GFlop/s     (293.1668 GFlop/s per process)    43%    2107.2 sec left
CG set 135 / 306    2344.3731 GFlop/s     (293.0466 GFlop/s per process)    44%    2095.5 sec left
CG set 136 / 306    2345.7159 GFlop/s     (293.2145 GFlop/s per process)    44%    2085.2 sec left
CG set 137 / 306    2348.2802 GFlop/s     (293.5350 GFlop/s per process)    44%    2075.7 sec left
CG set 138 / 306    2352.1620 GFlop/s     (294.0202 GFlop/s per process)    45%    2067.2 sec left
CG set 139 / 306    2355.6700 GFlop/s     (294.4588 GFlop/s per process)    45%    2058.4 sec left
CG set 140 / 306    2357.2924 GFlop/s     (294.6616 GFlop/s per process)    45%    2048.4 sec left
CG set 141 / 306    2360.7064 GFlop/s     (295.0883 GFlop/s per process)    46%    2039.5 sec left
CG set 142 / 306    2362.9571 GFlop/s     (295.3696 GFlop/s per process)    46%    2030.0 sec left
CG set 143 / 306    2364.9776 GFlop/s     (295.6222 GFlop/s per process)    46%    2020.3 sec left
CG set 144 / 306    2367.0241 GFlop/s     (295.8780 GFlop/s per process)    47%    2010.6 sec left
CG set 145 / 306    2369.2645 GFlop/s     (296.1581 GFlop/s per process)    47%    2001.1 sec left
CG set 146 / 306    2372.4591 GFlop/s     (296.5574 GFlop/s per process)    47%    1992.3 sec left
CG set 147 / 306    2375.7839 GFlop/s     (296.9730 GFlop/s per process)    48%    1983.5 sec left
CG set 148 / 306    2378.7939 GFlop/s     (297.3492 GFlop/s per process)    48%    1974.6 sec left
CG set 149 / 306    2381.9832 GFlop/s     (297.7479 GFlop/s per process)    48%    1965.8 sec left
CG set 150 / 306    2384.9449 GFlop/s     (298.1181 GFlop/s per process)    49%    1956.9 sec left
CG set 151 / 306    2388.1327 GFlop/s     (298.5166 GFlop/s per process)    49%    1948.2 sec left
CG set 152 / 306    2391.1922 GFlop/s     (298.8990 GFlop/s per process)    49%    1939.4 sec left
CG set 153 / 306    2394.7628 GFlop/s     (299.3454 GFlop/s per process)    50%    1931.0 sec left
CG set 154 / 306    2397.9906 GFlop/s     (299.7488 GFlop/s per process)    50%    1922.4 sec left
CG set 155 / 306    2400.8805 GFlop/s     (300.1101 GFlop/s per process)    50%    1913.5 sec left
CG set 156 / 306    2404.0267 GFlop/s     (300.5033 GFlop/s per process)    50%    1904.9 sec left
CG set 157 / 306    2407.2224 GFlop/s     (300.9028 GFlop/s per process)    51%    1896.3 sec left
CG set 158 / 306    2410.2419 GFlop/s     (301.2802 GFlop/s per process)    51%    1887.6 sec left
CG set 159 / 306    2413.3037 GFlop/s     (301.6630 GFlop/s per process)    51%    1879.0 sec left
CG set 160 / 306    2415.7083 GFlop/s     (301.9635 GFlop/s per process)    52%    1869.9 sec left
CG set 161 / 306    2418.8158 GFlop/s     (302.3520 GFlop/s per process)    52%    1861.3 sec left
CG set 162 / 306    2422.0802 GFlop/s     (302.7600 GFlop/s per process)    52%    1852.9 sec left
CG set 163 / 306    2424.7391 GFlop/s     (303.0924 GFlop/s per process)    53%    1844.0 sec left
CG set 164 / 306    2427.7459 GFlop/s     (303.4682 GFlop/s per process)    53%    1835.5 sec left
CG set 165 / 306    2429.1935 GFlop/s     (303.6492 GFlop/s per process)    53%    1825.8 sec left
CG set 166 / 306    2429.5424 GFlop/s     (303.6928 GFlop/s per process)    54%    1815.3 sec left
CG set 167 / 306    2427.9700 GFlop/s     (303.4962 GFlop/s per process)    54%    1803.4 sec left
CG set 168 / 306    2426.6478 GFlop/s     (303.3310 GFlop/s per process)    54%    1791.6 sec left
CG set 169 / 306    2429.2237 GFlop/s     (303.6530 GFlop/s per process)    55%    1782.8 sec left
CG set 170 / 306    2432.0836 GFlop/s     (304.0104 GFlop/s per process)    55%    1774.2 sec left
CG set 171 / 306    2434.3644 GFlop/s     (304.2956 GFlop/s per process)    55%    1765.2 sec left
CG set 172 / 306    2435.8896 GFlop/s     (304.4862 GFlop/s per process)    56%    1755.6 sec left
CG set 173 / 306    2438.4672 GFlop/s     (304.8084 GFlop/s per process)    56%    1746.9 sec left
CG set 174 / 306    2441.2425 GFlop/s     (305.1553 GFlop/s per process)    56%    1738.3 sec left
CG set 175 / 306    2443.9234 GFlop/s     (305.4904 GFlop/s per process)    57%    1729.7 sec left
CG set 176 / 306    2446.1125 GFlop/s     (305.7641 GFlop/s per process)    57%    1720.7 sec left
CG set 177 / 306    2448.7362 GFlop/s     (306.0920 GFlop/s per process)    57%    1712.0 sec left
CG set 178 / 306    2450.9716 GFlop/s     (306.3714 GFlop/s per process)    58%    1703.1 sec left
CG set 179 / 306    2453.3681 GFlop/s     (306.6710 GFlop/s per process)    58%    1694.3 sec left
CG set 180 / 306    2456.0588 GFlop/s     (307.0074 GFlop/s per process)    58%    1685.8 sec left
CG set 181 / 306    2458.5552 GFlop/s     (307.3194 GFlop/s per process)    59%    1677.1 sec left
CG set 182 / 306    2460.7885 GFlop/s     (307.5986 GFlop/s per process)    59%    1668.3 sec left
CG set 183 / 306    2462.9754 GFlop/s     (307.8719 GFlop/s per process)    59%    1659.4 sec left
CG set 184 / 306    2465.1706 GFlop/s     (308.1463 GFlop/s per process)    60%    1650.5 sec left
CG set 185 / 306    2467.3201 GFlop/s     (308.4150 GFlop/s per process)    60%    1641.7 sec left
CG set 186 / 306    2469.4491 GFlop/s     (308.6811 GFlop/s per process)    60%    1632.8 sec left
CG set 187 / 306    2471.5545 GFlop/s     (308.9443 GFlop/s per process)    61%    1623.9 sec left
CG set 188 / 306    2473.7309 GFlop/s     (309.2164 GFlop/s per process)    61%    1615.1 sec left
CG set 189 / 306    2476.0286 GFlop/s     (309.5036 GFlop/s per process)    61%    1606.4 sec left
CG set 190 / 306    2478.0173 GFlop/s     (309.7522 GFlop/s per process)    62%    1597.5 sec left
CG set 191 / 306    2480.1330 GFlop/s     (310.0166 GFlop/s per process)    62%    1588.7 sec left
CG set 192 / 306    2482.0826 GFlop/s     (310.2603 GFlop/s per process)    62%    1579.7 sec left
CG set 193 / 306    2484.3868 GFlop/s     (310.5484 GFlop/s per process)    63%    1571.1 sec left
CG set 194 / 306    2486.8191 GFlop/s     (310.8524 GFlop/s per process)    63%    1562.6 sec left
CG set 195 / 306    2488.7288 GFlop/s     (311.0911 GFlop/s per process)    63%    1553.7 sec left
CG set 196 / 306    2490.5589 GFlop/s     (311.3199 GFlop/s per process)    64%    1544.7 sec left
CG set 197 / 306    2492.4677 GFlop/s     (311.5585 GFlop/s per process)    64%    1535.8 sec left
CG set 198 / 306    2494.1940 GFlop/s     (311.7743 GFlop/s per process)    64%    1526.8 sec left
CG set 199 / 306    2496.2108 GFlop/s     (312.0264 GFlop/s per process)    65%    1518.0 sec left
CG set 200 / 306    2497.7210 GFlop/s     (312.2151 GFlop/s per process)    65%    1508.8 sec left
CG set 201 / 306    2499.7807 GFlop/s     (312.4726 GFlop/s per process)    65%    1500.1 sec left
CG set 202 / 306    2502.1262 GFlop/s     (312.7658 GFlop/s per process)    66%    1491.7 sec left
CG set 203 / 306    2504.1249 GFlop/s     (313.0156 GFlop/s per process)    66%    1482.9 sec left
CG set 204 / 306    2506.0326 GFlop/s     (313.2541 GFlop/s per process)    66%    1474.1 sec left
CG set 205 / 306    2508.0126 GFlop/s     (313.5016 GFlop/s per process)    66%    1465.4 sec left
CG set 206 / 306    2510.1102 GFlop/s     (313.7638 GFlop/s per process)    67%    1456.8 sec left
CG set 207 / 306    2511.9462 GFlop/s     (313.9933 GFlop/s per process)    67%    1448.0 sec left
CG set 208 / 306    2513.7236 GFlop/s     (314.2155 GFlop/s per process)    67%    1439.1 sec left
CG set 209 / 306    2513.3680 GFlop/s     (314.1710 GFlop/s per process)    68%    1428.4 sec left
CG set 210 / 306    2512.9170 GFlop/s     (314.1146 GFlop/s per process)    68%    1417.7 sec left
CG set 211 / 306    2514.0986 GFlop/s     (314.2623 GFlop/s per process)    68%    1408.3 sec left
CG set 212 / 306    2515.2240 GFlop/s     (314.4030 GFlop/s per process)    69%    1398.9 sec left
CG set 213 / 306    2515.4757 GFlop/s     (314.4345 GFlop/s per process)    69%    1388.7 sec left
CG set 214 / 306    2516.8674 GFlop/s     (314.6084 GFlop/s per process)    69%    1379.6 sec left
CG set 215 / 306    2518.6337 GFlop/s     (314.8292 GFlop/s per process)    70%    1370.8 sec left
CG set 216 / 306    2520.3798 GFlop/s     (315.0475 GFlop/s per process)    70%    1362.0 sec left
CG set 217 / 306    2521.8393 GFlop/s     (315.2299 GFlop/s per process)    70%    1353.0 sec left
CG set 218 / 306    2523.5345 GFlop/s     (315.4418 GFlop/s per process)    71%    1344.1 sec left
CG set 219 / 306    2525.7153 GFlop/s     (315.7144 GFlop/s per process)    71%    1335.7 sec left
CG set 220 / 306    2527.5062 GFlop/s     (315.9383 GFlop/s per process)    71%    1327.0 sec left
CG set 221 / 306    2529.1057 GFlop/s     (316.1382 GFlop/s per process)    72%    1318.2 sec left
CG set 222 / 306    2531.0080 GFlop/s     (316.3760 GFlop/s per process)    72%    1309.6 sec left
CG set 223 / 306    2532.7446 GFlop/s     (316.5931 GFlop/s per process)    72%    1300.8 sec left
CG set 224 / 306    2534.0185 GFlop/s     (316.7523 GFlop/s per process)    73%    1291.7 sec left
CG set 225 / 306    2535.8634 GFlop/s     (316.9829 GFlop/s per process)    73%    1283.1 sec left
CG set 226 / 306    2537.4589 GFlop/s     (317.1824 GFlop/s per process)    73%    1274.3 sec left
CG set 227 / 306    2539.0586 GFlop/s     (317.3823 GFlop/s per process)    74%    1265.5 sec left
CG set 228 / 306    2538.5927 GFlop/s     (317.3241 GFlop/s per process)    74%    1254.7 sec left
CG set 229 / 306    2536.3077 GFlop/s     (317.0385 GFlop/s per process)    74%    1242.3 sec left
CG set 230 / 306    2533.8495 GFlop/s     (316.7312 GFlop/s per process)    75%    1229.7 sec left
CG set 231 / 306    2532.2512 GFlop/s     (316.5314 GFlop/s per process)    75%    1217.9 sec left
CG set 232 / 306    2530.6582 GFlop/s     (316.3323 GFlop/s per process)    75%    1206.1 sec left
CG set 233 / 306    2529.0649 GFlop/s     (316.1331 GFlop/s per process)    76%    1194.2 sec left
CG set 234 / 306    2527.3765 GFlop/s     (315.9221 GFlop/s per process)    76%    1182.3 sec left
CG set 235 / 306    2525.8174 GFlop/s     (315.7272 GFlop/s per process)    76%    1170.4 sec left
CG set 236 / 306    2524.8927 GFlop/s     (315.6116 GFlop/s per process)    77%    1159.2 sec left
CG set 237 / 306    2526.7489 GFlop/s     (315.8436 GFlop/s per process)    77%    1150.7 sec left
CG set 238 / 306    2528.4057 GFlop/s     (316.0507 GFlop/s per process)    77%    1141.9 sec left
CG set 239 / 306    2529.6511 GFlop/s     (316.2064 GFlop/s per process)    78%    1132.8 sec left
CG set 240 / 306    2531.3407 GFlop/s     (316.4176 GFlop/s per process)    78%    1124.2 sec left
CG set 241 / 306    2533.0532 GFlop/s     (316.6317 GFlop/s per process)    78%    1115.6 sec left
CG set 242 / 306    2534.5184 GFlop/s     (316.8148 GFlop/s per process)    79%    1106.7 sec left
CG set 243 / 306    2535.9973 GFlop/s     (316.9997 GFlop/s per process)    79%    1097.9 sec left
CG set 244 / 306    2537.3538 GFlop/s     (317.1692 GFlop/s per process)    79%    1088.9 sec left
CG set 245 / 306    2538.6812 GFlop/s     (317.3352 GFlop/s per process)    80%    1080.0 sec left
CG set 246 / 306    2540.2694 GFlop/s     (317.5337 GFlop/s per process)    80%    1071.3 sec left
CG set 247 / 306    2541.8146 GFlop/s     (317.7268 GFlop/s per process)    80%    1062.5 sec left
CG set 248 / 306    2543.4758 GFlop/s     (317.9345 GFlop/s per process)    81%    1053.9 sec left
CG set 249 / 306    2545.0114 GFlop/s     (318.1264 GFlop/s per process)    81%    1045.2 sec left
CG set 250 / 306    2546.5016 GFlop/s     (318.3127 GFlop/s per process)    81%    1036.5 sec left
CG set 251 / 306    2547.8855 GFlop/s     (318.4857 GFlop/s per process)    82%    1027.6 sec left
CG set 252 / 306    2549.1427 GFlop/s     (318.6428 GFlop/s per process)    82%    1018.7 sec left
CG set 253 / 306    2550.6610 GFlop/s     (318.8326 GFlop/s per process)    82%    1010.0 sec left
CG set 254 / 306    2552.0489 GFlop/s     (319.0061 GFlop/s per process)    83%    1001.2 sec left
CG set 255 / 306    2553.4128 GFlop/s     (319.1766 GFlop/s per process)    83%    992.3 sec left
CG set 256 / 306    2554.6575 GFlop/s     (319.3322 GFlop/s per process)    83%    983.4 sec left
CG set 257 / 306    2555.8546 GFlop/s     (319.4818 GFlop/s per process)    83%    974.4 sec left
CG set 258 / 306    2556.4949 GFlop/s     (319.5619 GFlop/s per process)    84%    964.9 sec left
CG set 259 / 306    2556.7871 GFlop/s     (319.5984 GFlop/s per process)    84%    955.0 sec left
CG set 260 / 306    2556.4439 GFlop/s     (319.5555 GFlop/s per process)    84%    944.4 sec left
CG set 261 / 306    2556.3583 GFlop/s     (319.5448 GFlop/s per process)    85%    934.1 sec left
CG set 262 / 306    2556.0998 GFlop/s     (319.5125 GFlop/s per process)    85%    923.6 sec left
CG set 263 / 306    2554.0635 GFlop/s     (319.2579 GFlop/s per process)    85%    911.2 sec left
CG set 264 / 306    2554.3648 GFlop/s     (319.2956 GFlop/s per process)    86%    901.3 sec left
CG set 265 / 306    2555.7039 GFlop/s     (319.4630 GFlop/s per process)    86%    892.5 sec left
CG set 266 / 306    2557.0346 GFlop/s     (319.6293 GFlop/s per process)    86%    883.7 sec left
CG set 267 / 306    2558.4181 GFlop/s     (319.8023 GFlop/s per process)    87%    875.0 sec left
CG set 268 / 306    2559.4776 GFlop/s     (319.9347 GFlop/s per process)    87%    866.0 sec left
CG set 269 / 306    2560.7629 GFlop/s     (320.0954 GFlop/s per process)    87%    857.1 sec left
CG set 270 / 306    2561.8628 GFlop/s     (320.2328 GFlop/s per process)    88%    848.1 sec left
CG set 271 / 306    2563.1588 GFlop/s     (320.3948 GFlop/s per process)    88%    839.3 sec left
CG set 272 / 306    2564.3020 GFlop/s     (320.5377 GFlop/s per process)    88%    830.4 sec left
CG set 273 / 306    2565.6387 GFlop/s     (320.7048 GFlop/s per process)    89%    821.7 sec left
CG set 274 / 306    2566.1888 GFlop/s     (320.7736 GFlop/s per process)    89%    812.1 sec left
CG set 275 / 306    2567.3422 GFlop/s     (320.9178 GFlop/s per process)    89%    803.2 sec left
CG set 276 / 306    2568.4033 GFlop/s     (321.0504 GFlop/s per process)    90%    794.2 sec left
CG set 277 / 306    2569.6919 GFlop/s     (321.2115 GFlop/s per process)    90%    785.5 sec left
CG set 278 / 306    2571.2304 GFlop/s     (321.4038 GFlop/s per process)    90%    777.0 sec left
CG set 279 / 306    2572.3628 GFlop/s     (321.5454 GFlop/s per process)    91%    768.1 sec left
CG set 280 / 306    2573.6604 GFlop/s     (321.7075 GFlop/s per process)    91%    759.4 sec left
CG set 281 / 306    2574.9479 GFlop/s     (321.8685 GFlop/s per process)    91%    750.7 sec left
CG set 282 / 306    2575.8351 GFlop/s     (321.9794 GFlop/s per process)    92%    741.5 sec left
CG set 283 / 306    2577.1583 GFlop/s     (322.1448 GFlop/s per process)    92%    732.9 sec left
CG set 284 / 306    2578.0944 GFlop/s     (322.2618 GFlop/s per process)    92%    723.8 sec left
CG set 285 / 306    2579.3996 GFlop/s     (322.4249 GFlop/s per process)    93%    715.1 sec left
CG set 286 / 306    2580.9907 GFlop/s     (322.6238 GFlop/s per process)    93%    706.8 sec left
CG set 287 / 306    2582.4046 GFlop/s     (322.8006 GFlop/s per process)    93%    698.3 sec left
CG set 288 / 306    2583.4681 GFlop/s     (322.9335 GFlop/s per process)    94%    689.4 sec left
CG set 289 / 306    2584.5369 GFlop/s     (323.0671 GFlop/s per process)    94%    680.5 sec left
CG set 290 / 306    2585.7003 GFlop/s     (323.2125 GFlop/s per process)    94%    671.7 sec left
CG set 291 / 306    2586.9857 GFlop/s     (323.3732 GFlop/s per process)    95%    663.1 sec left
CG set 292 / 306    2587.9546 GFlop/s     (323.4943 GFlop/s per process)    95%    654.1 sec left
CG set 293 / 306    2588.8159 GFlop/s     (323.6020 GFlop/s per process)    95%    645.0 sec left
CG set 294 / 306    2589.7780 GFlop/s     (323.7222 GFlop/s per process)    96%    636.1 sec left
CG set 295 / 306    2590.8281 GFlop/s     (323.8535 GFlop/s per process)    96%    627.2 sec left
CG set 296 / 306    2591.9518 GFlop/s     (323.9940 GFlop/s per process)    96%    618.4 sec left
CG set 297 / 306    2593.1569 GFlop/s     (324.1446 GFlop/s per process)    97%    609.7 sec left
CG set 298 / 306    2594.4113 GFlop/s     (324.3014 GFlop/s per process)    97%    601.1 sec left
CG set 299 / 306    2595.0951 GFlop/s     (324.3869 GFlop/s per process)    97%    591.9 sec left
CG set 300 / 306    2596.4112 GFlop/s     (324.5514 GFlop/s per process)    98%    583.4 sec left
CG set 301 / 306    2597.2913 GFlop/s     (324.6614 GFlop/s per process)    98%    574.3 sec left
CG set 302 / 306    2598.6757 GFlop/s     (324.8345 GFlop/s per process)    98%    565.9 sec left
CG set 303 / 306    2597.1458 GFlop/s     (324.6432 GFlop/s per process)    99%    554.1 sec left
CG set 304 / 306    2595.1714 GFlop/s     (324.3964 GFlop/s per process)    99%    541.7 sec left
CG set 305 / 306    2593.6381 GFlop/s     (324.2048 GFlop/s per process)    99%    529.8 sec left
CG set 306 / 306    2587.6461 GFlop/s     (323.4558 GFlop/s per process)    100%    512.5 sec left
-- Performing additional CG sets, to match time requirement of 3600.0 seconds ...
CG set 307 / 306    2585.1629 GFlop/s     (323.1454 GFlop/s per process)    100%    499.4 sec left
CG set 308 / 306    2583.0587 GFlop/s     (322.8823 GFlop/s per process)    100%    486.8 sec left
CG set 309 / 306    2582.2273 GFlop/s     (322.7784 GFlop/s per process)    100%    475.7 sec left
CG set 310 / 306    2581.9372 GFlop/s     (322.7422 GFlop/s per process)    101%    465.2 sec left
CG set 311 / 306    2583.2288 GFlop/s     (322.9036 GFlop/s per process)    101%    456.7 sec left
CG set 312 / 306    2583.9421 GFlop/s     (322.9928 GFlop/s per process)    101%    447.4 sec left
CG set 313 / 306    2584.9640 GFlop/s     (323.1205 GFlop/s per process)    102%    438.6 sec left
CG set 314 / 306    2586.0884 GFlop/s     (323.2611 GFlop/s per process)    102%    429.9 sec left
CG set 315 / 306    2587.0570 GFlop/s     (323.3821 GFlop/s per process)    102%    421.0 sec left
CG set 316 / 306    2588.0273 GFlop/s     (323.5034 GFlop/s per process)    103%    412.1 sec left
CG set 317 / 306    2588.9986 GFlop/s     (323.6248 GFlop/s per process)    103%    403.2 sec left
CG set 318 / 306    2589.4668 GFlop/s     (323.6834 GFlop/s per process)    103%    393.7 sec left
CG set 319 / 306    2589.4218 GFlop/s     (323.6777 GFlop/s per process)    104%    383.6 sec left
CG set 320 / 306    2586.5533 GFlop/s     (323.3192 GFlop/s per process)    104%    369.9 sec left
CG set 321 / 306    2585.2678 GFlop/s     (323.1585 GFlop/s per process)    104%    358.2 sec left
CG set 322 / 306    2584.5228 GFlop/s     (323.0653 GFlop/s per process)    105%    347.1 sec left
CG set 323 / 306    2584.1282 GFlop/s     (323.0160 GFlop/s per process)    105%    336.5 sec left
CG set 324 / 306    2584.0642 GFlop/s     (323.0080 GFlop/s per process)    105%    326.3 sec left
CG set 325 / 306    2585.0794 GFlop/s     (323.1349 GFlop/s per process)    106%    317.5 sec left
CG set 326 / 306    2586.0165 GFlop/s     (323.2521 GFlop/s per process)    106%    308.6 sec left
CG set 327 / 306    2587.0340 GFlop/s     (323.3792 GFlop/s per process)    106%    299.9 sec left
CG set 328 / 306    2588.1897 GFlop/s     (323.5237 GFlop/s per process)    107%    291.2 sec left
CG set 329 / 306    2589.3108 GFlop/s     (323.6638 GFlop/s per process)    107%    282.6 sec left
CG set 330 / 306    2590.2774 GFlop/s     (323.7847 GFlop/s per process)    107%    273.8 sec left
CG set 331 / 306    2591.2843 GFlop/s     (323.9105 GFlop/s per process)    108%    265.0 sec left
CG set 332 / 306    2592.3526 GFlop/s     (324.0441 GFlop/s per process)    108%    256.3 sec left
CG set 333 / 306    2593.4600 GFlop/s     (324.1825 GFlop/s per process)    108%    247.7 sec left
CG set 334 / 306    2594.6653 GFlop/s     (324.3332 GFlop/s per process)    109%    239.2 sec left
CG set 335 / 306    2595.0276 GFlop/s     (324.3785 GFlop/s per process)    109%    229.6 sec left
CG set 336 / 306    2596.2112 GFlop/s     (324.5264 GFlop/s per process)    109%    221.1 sec left
CG set 337 / 306    2597.1548 GFlop/s     (324.6444 GFlop/s per process)    110%    212.3 sec left
CG set 338 / 306    2598.2814 GFlop/s     (324.7852 GFlop/s per process)    110%    203.7 sec left
CG set 339 / 306    2599.1226 GFlop/s     (324.8903 GFlop/s per process)    110%    194.8 sec left
CG set 340 / 306    2599.7788 GFlop/s     (324.9723 GFlop/s per process)    111%    185.6 sec left
CG set 341 / 306    2600.0436 GFlop/s     (325.0054 GFlop/s per process)    111%    175.9 sec left
CG set 342 / 306    2600.8917 GFlop/s     (325.1115 GFlop/s per process)    111%    167.0 sec left
CG set 343 / 306    2601.7540 GFlop/s     (325.2193 GFlop/s per process)    112%    158.1 sec left
CG set 344 / 306    2602.7643 GFlop/s     (325.3455 GFlop/s per process)    112%    149.4 sec left
CG set 345 / 306    2603.5297 GFlop/s     (325.4412 GFlop/s per process)    112%    140.4 sec left
CG set 346 / 306    2604.4309 GFlop/s     (325.5539 GFlop/s per process)    113%    131.6 sec left
CG set 347 / 306    2605.2620 GFlop/s     (325.6577 GFlop/s per process)    113%    122.7 sec left
CG set 348 / 306    2606.2680 GFlop/s     (325.7835 GFlop/s per process)    113%    114.0 sec left
CG set 349 / 306    2606.0775 GFlop/s     (325.7597 GFlop/s per process)    114%    103.8 sec left
CG set 350 / 306    2603.7534 GFlop/s     (325.4692 GFlop/s per process)    114%    90.6 sec left
CG set 351 / 306    2598.9704 GFlop/s     (324.8713 GFlop/s per process)    114%    74.0 sec left
CG set 352 / 306    2594.6590 GFlop/s     (324.3324 GFlop/s per process)    115%    58.1 sec left
CG set 353 / 306    2592.6962 GFlop/s     (324.0870 GFlop/s per process)    115%    45.3 sec left
CG set 354 / 306    2593.2880 GFlop/s     (324.1610 GFlop/s per process)    115%    36.0 sec left
CG set 355 / 306    2594.0260 GFlop/s     (324.2533 GFlop/s per process)    116%    27.0 sec left
CG set 356 / 306    2593.5767 GFlop/s     (324.1971 GFlop/s per process)    116%    16.3 sec left
CG set 357 / 306    2592.7303 GFlop/s     (324.0913 GFlop/s per process)    116%    5.1 sec left
CG set 358 / 306    2592.7342 GFlop/s     (324.0918 GFlop/s per process)    116%    0.0 sec left

Local domain: 560 x 560 x 560
Global domain: 1120 x 1120 x 1120
Process domain: 2 x 2 x 2

Total Time: 3605.00 sec
Setup Time: 0.23 sec
Optimization Time: 0.53 sec

DDOT   =   582.2 GFlop/s ( 4657.2 GB/s)      72.8 GFlop/s per process (  582.2 GB/s per process)
WAXPBY =  1283.8 GFlop/s (15405.8 GB/s)     160.5 GFlop/s per process ( 1925.7 GB/s per process)
SpMV   =  3506.1 GFlop/s (29089.7 GB/s)     438.3 GFlop/s per process ( 3636.2 GB/s per process)
MG     =  4054.6 GFlop/s (39401.6 GB/s)     506.8 GFlop/s per process ( 4925.2 GB/s per process)
Total  =  2925.8 GFlop/s (27850.0 GB/s)     365.7 GFlop/s per process ( 3481.2 GB/s per process)
Final  =  2592.7 GFlop/s (24679.3 GB/s)     324.1 GFlop/s per process ( 3084.9 GB/s per process)
