rocHPCG version: 0.8.6-0c708bb (based on hpcg-3.1)
Using HIP device (0): AMD Instinct MI300X (196592 MB global memory)

Setup Phase took 0.28 sec

Copying GPU assembled data to host for reference computations

Checking assembled data ...

Starting Reference CG Phase ...

REFERENCE Initial Residual = 2.752980e+04
REFERENCE Iteration = 1   Scaled Residual = 1.861450e-01
REFERENCE Iteration = 2   Scaled Residual = 1.022003e-01
REFERENCE Iteration = 3   Scaled Residual = 7.053906e-02
REFERENCE Iteration = 4   Scaled Residual = 5.388435e-02
REFERENCE Iteration = 5   Scaled Residual = 4.357163e-02
REFERENCE Iteration = 6   Scaled Residual = 3.655518e-02
REFERENCE Iteration = 7   Scaled Residual = 3.148213e-02
REFERENCE Iteration = 8   Scaled Residual = 2.765878e-02
REFERENCE Iteration = 9   Scaled Residual = 2.468607e-02
REFERENCE Iteration = 10   Scaled Residual = 2.231102e-02
REFERENCE Iteration = 11   Scaled Residual = 2.036412e-02
REFERENCE Iteration = 12   Scaled Residual = 1.872888e-02
REFERENCE Iteration = 13   Scaled Residual = 1.732498e-02
REFERENCE Iteration = 14   Scaled Residual = 1.610176e-02
REFERENCE Iteration = 15   Scaled Residual = 1.502858e-02
REFERENCE Iteration = 16   Scaled Residual = 1.408548e-02
REFERENCE Iteration = 17   Scaled Residual = 1.325842e-02
REFERENCE Iteration = 18   Scaled Residual = 1.253377e-02
REFERENCE Iteration = 19   Scaled Residual = 1.189568e-02
REFERENCE Iteration = 20   Scaled Residual = 1.132780e-02
REFERENCE Iteration = 21   Scaled Residual = 1.081405e-02
REFERENCE Iteration = 22   Scaled Residual = 1.034100e-02
REFERENCE Iteration = 23   Scaled Residual = 9.901406e-03
REFERENCE Iteration = 24   Scaled Residual = 9.493420e-03
REFERENCE Iteration = 25   Scaled Residual = 9.118315e-03
REFERENCE Iteration = 26   Scaled Residual = 8.778936e-03
REFERENCE Iteration = 27   Scaled Residual = 8.476247e-03
REFERENCE Iteration = 28   Scaled Residual = 8.207590e-03
REFERENCE Iteration = 29   Scaled Residual = 7.967510e-03
REFERENCE Iteration = 30   Scaled Residual = 7.748084e-03
REFERENCE Iteration = 31   Scaled Residual = 7.541568e-03
REFERENCE Iteration = 32   Scaled Residual = 7.343939e-03
REFERENCE Iteration = 33   Scaled Residual = 7.154907e-03
REFERENCE Iteration = 34   Scaled Residual = 6.976854e-03
REFERENCE Iteration = 35   Scaled Residual = 6.812393e-03
REFERENCE Iteration = 36   Scaled Residual = 6.660221e-03
REFERENCE Iteration = 37   Scaled Residual = 6.514213e-03
REFERENCE Iteration = 38   Scaled Residual = 6.365542e-03
REFERENCE Iteration = 39   Scaled Residual = 6.206363e-03
REFERENCE Iteration = 40   Scaled Residual = 6.035304e-03
REFERENCE Iteration = 41   Scaled Residual = 5.858817e-03
REFERENCE Iteration = 42   Scaled Residual = 5.686935e-03
REFERENCE Iteration = 43   Scaled Residual = 5.528812e-03
REFERENCE Iteration = 44   Scaled Residual = 5.389118e-03
REFERENCE Iteration = 45   Scaled Residual = 5.266623e-03
REFERENCE Iteration = 46   Scaled Residual = 5.156659e-03
REFERENCE Iteration = 47   Scaled Residual = 5.054009e-03
REFERENCE Iteration = 48   Scaled Residual = 4.955179e-03
REFERENCE Iteration = 49   Scaled Residual = 4.860201e-03
REFERENCE Iteration = 50   Scaled Residual = 4.771245e-03

Optimization Phase took 2.03 sec

Validation Testing Phase ...

Optimized CG Setup ...

HIP Initial Residual = 2.752980e+04
HIP Iteration = 1   Scaled Residual = 2.183896e-01
HIP Iteration = 2   Scaled Residual = 1.182941e-01
HIP Iteration = 3   Scaled Residual = 8.067610e-02
HIP Iteration = 4   Scaled Residual = 6.113781e-02
HIP Iteration = 5   Scaled Residual = 4.929238e-02
HIP Iteration = 6   Scaled Residual = 4.128503e-02
HIP Iteration = 7   Scaled Residual = 3.554227e-02
HIP Iteration = 8   Scaled Residual = 3.121358e-02
HIP Iteration = 9   Scaled Residual = 2.783710e-02
HIP Iteration = 10   Scaled Residual = 2.512960e-02
HIP Iteration = 11   Scaled Residual = 2.291752e-02
HIP Iteration = 12   Scaled Residual = 2.107543e-02
HIP Iteration = 13   Scaled Residual = 1.952619e-02
HIP Iteration = 14   Scaled Residual = 1.820882e-02
HIP Iteration = 15   Scaled Residual = 1.708012e-02
HIP Iteration = 16   Scaled Residual = 1.610775e-02
HIP Iteration = 17   Scaled Residual = 1.526459e-02
HIP Iteration = 18   Scaled Residual = 1.452671e-02
HIP Iteration = 19   Scaled Residual = 1.386996e-02
HIP Iteration = 20   Scaled Residual = 1.327062e-02
HIP Iteration = 21   Scaled Residual = 1.270721e-02
HIP Iteration = 22   Scaled Residual = 1.216282e-02
HIP Iteration = 23   Scaled Residual = 1.163044e-02
HIP Iteration = 24   Scaled Residual = 1.111196e-02
HIP Iteration = 25   Scaled Residual = 1.061500e-02
HIP Iteration = 26   Scaled Residual = 1.014989e-02
HIP Iteration = 27   Scaled Residual = 9.723168e-03
HIP Iteration = 28   Scaled Residual = 9.337016e-03
HIP Iteration = 29   Scaled Residual = 8.991112e-03
HIP Iteration = 30   Scaled Residual = 8.681939e-03
HIP Iteration = 31   Scaled Residual = 8.405317e-03
HIP Iteration = 32   Scaled Residual = 8.157431e-03
HIP Iteration = 33   Scaled Residual = 7.933174e-03
HIP Iteration = 34   Scaled Residual = 7.727578e-03
HIP Iteration = 35   Scaled Residual = 7.535887e-03
HIP Iteration = 36   Scaled Residual = 7.352197e-03
HIP Iteration = 37   Scaled Residual = 7.171667e-03
HIP Iteration = 38   Scaled Residual = 6.991147e-03
HIP Iteration = 39   Scaled Residual = 6.808832e-03
HIP Iteration = 40   Scaled Residual = 6.625931e-03
HIP Iteration = 41   Scaled Residual = 6.445592e-03
HIP Iteration = 42   Scaled Residual = 6.270753e-03
HIP Iteration = 43   Scaled Residual = 6.104831e-03
HIP Iteration = 44   Scaled Residual = 5.950073e-03
HIP Iteration = 45   Scaled Residual = 5.807019e-03
HIP Iteration = 46   Scaled Residual = 5.675933e-03
HIP Iteration = 47   Scaled Residual = 5.556181e-03
HIP Iteration = 48   Scaled Residual = 5.446039e-03
HIP Iteration = 49   Scaled Residual = 5.344251e-03
HIP Iteration = 50   Scaled Residual = 5.248609e-03
HIP Iteration = 51   Scaled Residual = 5.156485e-03
HIP Iteration = 52   Scaled Residual = 5.065829e-03
HIP Iteration = 53   Scaled Residual = 4.974544e-03
HIP Iteration = 54   Scaled Residual = 4.881109e-03
HIP Iteration = 55   Scaled Residual = 4.785878e-03
HIP Iteration = 56   Scaled Residual = 4.689525e-03

Total device memory usage: 140164 MByte (196592 MByte)

Starting Benchmarking Phase ...

Performing (at least) 306 CG sets in 3600.0 seconds ...
CG set 1 / 306    2589.6286 GFlop/s     (323.7036 GFlop/s per process)    0%    3586.2 sec left
CG set 2 / 306    2482.9416 GFlop/s     (310.3677 GFlop/s per process)    0%    3571.1 sec left
CG set 3 / 306    2434.0796 GFlop/s     (304.2599 GFlop/s per process)    0%    3555.8 sec left
CG set 4 / 306    2373.8934 GFlop/s     (296.7367 GFlop/s per process)    1%    3539.6 sec left
CG set 5 / 306    2429.2896 GFlop/s     (303.6612 GFlop/s per process)    1%    3526.2 sec left
CG set 6 / 306    2520.4485 GFlop/s     (315.0561 GFlop/s per process)    1%    3514.7 sec left
CG set 7 / 306    2586.8479 GFlop/s     (323.3560 GFlop/s per process)    2%    3503.1 sec left
CG set 8 / 306    2565.8348 GFlop/s     (320.7293 GFlop/s per process)    2%    3488.3 sec left
CG set 9 / 306    2582.0192 GFlop/s     (322.7524 GFlop/s per process)    2%    3475.2 sec left
CG set 10 / 306    2618.2280 GFlop/s     (327.2785 GFlop/s per process)    3%    3463.3 sec left
CG set 11 / 306    2642.9821 GFlop/s     (330.3728 GFlop/s per process)    3%    3451.0 sec left
CG set 12 / 306    2647.4073 GFlop/s     (330.9259 GFlop/s per process)    3%    3437.8 sec left
CG set 13 / 306    2625.8162 GFlop/s     (328.2270 GFlop/s per process)    4%    3422.8 sec left
CG set 14 / 306    2611.3952 GFlop/s     (326.4244 GFlop/s per process)    4%    3408.1 sec left
CG set 15 / 306    2609.8625 GFlop/s     (326.2328 GFlop/s per process)    4%    3394.2 sec left
CG set 16 / 306    2546.2309 GFlop/s     (318.2789 GFlop/s per process)    5%    3374.9 sec left
CG set 17 / 306    2545.2059 GFlop/s     (318.1507 GFlop/s per process)    5%    3360.8 sec left
CG set 18 / 306    2569.0391 GFlop/s     (321.1299 GFlop/s per process)    5%    3349.1 sec left
CG set 19 / 306    2599.2158 GFlop/s     (324.9020 GFlop/s per process)    6%    3338.3 sec left
CG set 20 / 306    2617.0781 GFlop/s     (327.1348 GFlop/s per process)    6%    3326.4 sec left
CG set 21 / 306    2605.0002 GFlop/s     (325.6250 GFlop/s per process)    6%    3311.4 sec left
CG set 22 / 306    2625.9242 GFlop/s     (328.2405 GFlop/s per process)    7%    3300.1 sec left
CG set 23 / 306    2644.4957 GFlop/s     (330.5620 GFlop/s per process)    7%    3288.7 sec left
CG set 24 / 306    2650.8752 GFlop/s     (331.3594 GFlop/s per process)    7%    3276.0 sec left
CG set 25 / 306    2665.3637 GFlop/s     (333.1705 GFlop/s per process)    8%    3264.3 sec left
CG set 26 / 306    2677.6558 GFlop/s     (334.7070 GFlop/s per process)    8%    3252.5 sec left
CG set 27 / 306    2672.8831 GFlop/s     (334.1104 GFlop/s per process)    8%    3238.5 sec left
CG set 28 / 306    2680.7018 GFlop/s     (335.0877 GFlop/s per process)    9%    3226.2 sec left
CG set 29 / 306    2682.3716 GFlop/s     (335.2965 GFlop/s per process)    9%    3213.1 sec left
CG set 30 / 306    2683.2927 GFlop/s     (335.4116 GFlop/s per process)    9%    3199.9 sec left
CG set 31 / 306    2693.9877 GFlop/s     (336.7485 GFlop/s per process)    10%    3188.3 sec left
CG set 32 / 306    2701.8805 GFlop/s     (337.7351 GFlop/s per process)    10%    3176.2 sec left
CG set 33 / 306    2714.9722 GFlop/s     (339.3715 GFlop/s per process)    10%    3165.1 sec left
CG set 34 / 306    2712.4097 GFlop/s     (339.0512 GFlop/s per process)    11%    3151.5 sec left
CG set 35 / 306    2697.4390 GFlop/s     (337.1799 GFlop/s per process)    11%    3135.7 sec left
CG set 36 / 306    2699.0488 GFlop/s     (337.3811 GFlop/s per process)    11%    3122.8 sec left
CG set 37 / 306    2702.5188 GFlop/s     (337.8148 GFlop/s per process)    12%    3110.1 sec left
CG set 38 / 306    2687.8978 GFlop/s     (335.9872 GFlop/s per process)    12%    3094.1 sec left
CG set 39 / 306    2673.1971 GFlop/s     (334.1496 GFlop/s per process)    12%    3077.9 sec left
CG set 40 / 306    2670.2530 GFlop/s     (333.7816 GFlop/s per process)    13%    3063.9 sec left
CG set 41 / 306    2665.7298 GFlop/s     (333.2162 GFlop/s per process)    13%    3049.6 sec left
CG set 42 / 306    2667.3471 GFlop/s     (333.4184 GFlop/s per process)    13%    3036.5 sec left
CG set 43 / 306    2658.6510 GFlop/s     (332.3314 GFlop/s per process)    14%    3021.1 sec left
CG set 44 / 306    2661.7955 GFlop/s     (332.7244 GFlop/s per process)    14%    3008.4 sec left
CG set 45 / 306    2657.3609 GFlop/s     (332.1701 GFlop/s per process)    14%    2993.9 sec left
CG set 46 / 306    2665.8114 GFlop/s     (333.2264 GFlop/s per process)    15%    2982.5 sec left
CG set 47 / 306    2676.6099 GFlop/s     (334.5762 GFlop/s per process)    15%    2971.6 sec left
CG set 48 / 306    2685.4309 GFlop/s     (335.6789 GFlop/s per process)    15%    2960.4 sec left
CG set 49 / 306    2683.8099 GFlop/s     (335.4762 GFlop/s per process)    16%    2946.7 sec left
CG set 50 / 306    2684.0394 GFlop/s     (335.5049 GFlop/s per process)    16%    2933.4 sec left
CG set 51 / 306    2673.8951 GFlop/s     (334.2369 GFlop/s per process)    16%    2917.4 sec left
CG set 52 / 306    2677.6826 GFlop/s     (334.7103 GFlop/s per process)    16%    2905.1 sec left
CG set 53 / 306    2676.5538 GFlop/s     (334.5692 GFlop/s per process)    17%    2891.4 sec left
CG set 54 / 306    2681.1469 GFlop/s     (335.1434 GFlop/s per process)    17%    2879.3 sec left
CG set 55 / 306    2688.8276 GFlop/s     (336.1035 GFlop/s per process)    17%    2868.1 sec left
CG set 56 / 306    2694.6538 GFlop/s     (336.8317 GFlop/s per process)    18%    2856.4 sec left
CG set 57 / 306    2690.8353 GFlop/s     (336.3544 GFlop/s per process)    18%    2842.0 sec left
CG set 58 / 306    2686.5402 GFlop/s     (335.8175 GFlop/s per process)    18%    2827.5 sec left
CG set 59 / 306    2691.4223 GFlop/s     (336.4278 GFlop/s per process)    19%    2815.6 sec left
CG set 60 / 306    2697.0964 GFlop/s     (337.1370 GFlop/s per process)    19%    2804.0 sec left
CG set 61 / 306    2701.9417 GFlop/s     (337.7427 GFlop/s per process)    19%    2792.2 sec left
CG set 62 / 306    2705.6136 GFlop/s     (338.2017 GFlop/s per process)    20%    2780.1 sec left
CG set 63 / 306    2707.7632 GFlop/s     (338.4704 GFlop/s per process)    20%    2767.6 sec left
CG set 64 / 306    2713.5671 GFlop/s     (339.1959 GFlop/s per process)    20%    2756.2 sec left
CG set 65 / 306    2717.6795 GFlop/s     (339.7099 GFlop/s per process)    21%    2744.3 sec left
CG set 66 / 306    2723.9623 GFlop/s     (340.4953 GFlop/s per process)    21%    2733.2 sec left
CG set 67 / 306    2729.8617 GFlop/s     (341.2327 GFlop/s per process)    21%    2722.0 sec left
CG set 68 / 306    2731.4503 GFlop/s     (341.4313 GFlop/s per process)    22%    2709.4 sec left
CG set 69 / 306    2737.3201 GFlop/s     (342.1650 GFlop/s per process)    22%    2698.3 sec left
CG set 70 / 306    2742.5121 GFlop/s     (342.8140 GFlop/s per process)    22%    2687.0 sec left
CG set 71 / 306    2747.8051 GFlop/s     (343.4756 GFlop/s per process)    23%    2675.8 sec left
CG set 72 / 306    2751.9426 GFlop/s     (343.9928 GFlop/s per process)    23%    2664.2 sec left
CG set 73 / 306    2756.9012 GFlop/s     (344.6127 GFlop/s per process)    23%    2652.9 sec left
CG set 74 / 306    2761.3287 GFlop/s     (345.1661 GFlop/s per process)    24%    2641.5 sec left
CG set 75 / 306    2765.9273 GFlop/s     (345.7409 GFlop/s per process)    24%    2630.2 sec left
CG set 76 / 306    2770.0833 GFlop/s     (346.2604 GFlop/s per process)    24%    2618.8 sec left
CG set 77 / 306    2774.0022 GFlop/s     (346.7503 GFlop/s per process)    25%    2607.3 sec left
CG set 78 / 306    2778.3771 GFlop/s     (347.2971 GFlop/s per process)    25%    2596.0 sec left
CG set 79 / 306    2782.7899 GFlop/s     (347.8487 GFlop/s per process)    25%    2584.8 sec left
CG set 80 / 306    2786.4486 GFlop/s     (348.3061 GFlop/s per process)    26%    2573.3 sec left
CG set 81 / 306    2790.2425 GFlop/s     (348.7803 GFlop/s per process)    26%    2561.9 sec left
CG set 82 / 306    2794.1170 GFlop/s     (349.2646 GFlop/s per process)    26%    2550.6 sec left
CG set 83 / 306    2795.5122 GFlop/s     (349.4390 GFlop/s per process)    27%    2538.3 sec left
CG set 84 / 306    2799.2948 GFlop/s     (349.9118 GFlop/s per process)    27%    2527.0 sec left
CG set 85 / 306    2802.8583 GFlop/s     (350.3573 GFlop/s per process)    27%    2515.6 sec left
CG set 86 / 306    2805.8872 GFlop/s     (350.7359 GFlop/s per process)    28%    2504.1 sec left
CG set 87 / 306    2809.5696 GFlop/s     (351.1962 GFlop/s per process)    28%    2492.8 sec left
CG set 88 / 306    2812.8612 GFlop/s     (351.6076 GFlop/s per process)    28%    2481.4 sec left
CG set 89 / 306    2816.7095 GFlop/s     (352.0887 GFlop/s per process)    29%    2470.3 sec left
CG set 90 / 306    2819.5634 GFlop/s     (352.4454 GFlop/s per process)    29%    2458.8 sec left
CG set 91 / 306    2822.7117 GFlop/s     (352.8390 GFlop/s per process)    29%    2447.4 sec left
CG set 92 / 306    2825.7287 GFlop/s     (353.2161 GFlop/s per process)    30%    2436.0 sec left
CG set 93 / 306    2829.9042 GFlop/s     (353.7380 GFlop/s per process)    30%    2425.1 sec left
CG set 94 / 306    2833.4616 GFlop/s     (354.1827 GFlop/s per process)    30%    2414.0 sec left
CG set 95 / 306    2835.8991 GFlop/s     (354.4874 GFlop/s per process)    31%    2402.4 sec left
CG set 96 / 306    2838.4714 GFlop/s     (354.8089 GFlop/s per process)    31%    2391.0 sec left
CG set 97 / 306    2841.5926 GFlop/s     (355.1991 GFlop/s per process)    31%    2379.7 sec left
CG set 98 / 306    2843.8052 GFlop/s     (355.4756 GFlop/s per process)    32%    2368.1 sec left
CG set 99 / 306    2846.2728 GFlop/s     (355.7841 GFlop/s per process)    32%    2356.7 sec left
CG set 100 / 306    2849.5274 GFlop/s     (356.1909 GFlop/s per process)    32%    2345.6 sec left
CG set 101 / 306    2851.5915 GFlop/s     (356.4489 GFlop/s per process)    33%    2333.9 sec left
CG set 102 / 306    2854.0780 GFlop/s     (356.7598 GFlop/s per process)    33%    2322.5 sec left
CG set 103 / 306    2856.4911 GFlop/s     (357.0614 GFlop/s per process)    33%    2311.1 sec left
CG set 104 / 306    2857.6842 GFlop/s     (357.2105 GFlop/s per process)    33%    2299.2 sec left
CG set 105 / 306    2860.1405 GFlop/s     (357.5176 GFlop/s per process)    34%    2287.8 sec left
CG set 106 / 306    2863.1059 GFlop/s     (357.8882 GFlop/s per process)    34%    2276.7 sec left
CG set 107 / 306    2866.2378 GFlop/s     (358.2797 GFlop/s per process)    34%    2265.7 sec left
CG set 108 / 306    2868.5626 GFlop/s     (358.5703 GFlop/s per process)    35%    2254.4 sec left
CG set 109 / 306    2870.5094 GFlop/s     (358.8137 GFlop/s per process)    35%    2242.8 sec left
CG set 110 / 306    2871.9124 GFlop/s     (358.9890 GFlop/s per process)    35%    2231.1 sec left
CG set 111 / 306    2874.5007 GFlop/s     (359.3126 GFlop/s per process)    36%    2219.9 sec left
CG set 112 / 306    2876.2575 GFlop/s     (359.5322 GFlop/s per process)    36%    2208.3 sec left
CG set 113 / 306    2878.4366 GFlop/s     (359.8046 GFlop/s per process)    36%    2197.0 sec left
CG set 114 / 306    2880.3576 GFlop/s     (360.0447 GFlop/s per process)    37%    2185.5 sec left
CG set 115 / 306    2881.1738 GFlop/s     (360.1467 GFlop/s per process)    37%    2173.5 sec left
CG set 116 / 306    2883.4951 GFlop/s     (360.4369 GFlop/s per process)    37%    2162.3 sec left
CG set 117 / 306    2885.9855 GFlop/s     (360.7482 GFlop/s per process)    38%    2151.2 sec left
CG set 118 / 306    2887.7699 GFlop/s     (360.9712 GFlop/s per process)    38%    2139.7 sec left
CG set 119 / 306    2890.3699 GFlop/s     (361.2962 GFlop/s per process)    38%    2128.7 sec left
CG set 120 / 306    2891.7961 GFlop/s     (361.4745 GFlop/s per process)    39%    2117.1 sec left
CG set 121 / 306    2892.5749 GFlop/s     (361.5719 GFlop/s per process)    39%    2105.1 sec left
CG set 122 / 306    2893.6874 GFlop/s     (361.7109 GFlop/s per process)    39%    2093.4 sec left
CG set 123 / 306    2895.9127 GFlop/s     (361.9891 GFlop/s per process)    40%    2082.2 sec left
CG set 124 / 306    2897.8827 GFlop/s     (362.2353 GFlop/s per process)    40%    2070.9 sec left
CG set 125 / 306    2898.9255 GFlop/s     (362.3657 GFlop/s per process)    40%    2059.2 sec left
CG set 126 / 306    2900.6770 GFlop/s     (362.5846 GFlop/s per process)    41%    2047.8 sec left
CG set 127 / 306    2902.3375 GFlop/s     (362.7922 GFlop/s per process)    41%    2036.4 sec left
CG set 128 / 306    2903.9285 GFlop/s     (362.9911 GFlop/s per process)    41%    2024.9 sec left
CG set 129 / 306    2905.9974 GFlop/s     (363.2497 GFlop/s per process)    42%    2013.8 sec left
CG set 130 / 306    2907.5984 GFlop/s     (363.4498 GFlop/s per process)    42%    2002.4 sec left
CG set 131 / 306    2908.5996 GFlop/s     (363.5750 GFlop/s per process)    42%    1990.7 sec left
CG set 132 / 306    2910.1378 GFlop/s     (363.7672 GFlop/s per process)    43%    1979.3 sec left
CG set 133 / 306    2911.8265 GFlop/s     (363.9783 GFlop/s per process)    43%    1967.9 sec left
CG set 134 / 306    2913.2213 GFlop/s     (364.1527 GFlop/s per process)    43%    1956.5 sec left
CG set 135 / 306    2914.8139 GFlop/s     (364.3517 GFlop/s per process)    44%    1945.1 sec left
CG set 136 / 306    2916.2227 GFlop/s     (364.5278 GFlop/s per process)    44%    1933.7 sec left
CG set 137 / 306    2917.4069 GFlop/s     (364.6759 GFlop/s per process)    44%    1922.1 sec left
CG set 138 / 306    2918.1631 GFlop/s     (364.7704 GFlop/s per process)    45%    1910.3 sec left
CG set 139 / 306    2920.0806 GFlop/s     (365.0101 GFlop/s per process)    45%    1899.2 sec left
CG set 140 / 306    2921.6082 GFlop/s     (365.2010 GFlop/s per process)    45%    1887.9 sec left
CG set 141 / 306    2923.3587 GFlop/s     (365.4198 GFlop/s per process)    46%    1876.7 sec left
CG set 142 / 306    2924.5572 GFlop/s     (365.5697 GFlop/s per process)    46%    1865.2 sec left
CG set 143 / 306    2925.6395 GFlop/s     (365.7049 GFlop/s per process)    46%    1853.7 sec left
CG set 144 / 306    2927.2576 GFlop/s     (365.9072 GFlop/s per process)    47%    1842.4 sec left
CG set 145 / 306    2928.6258 GFlop/s     (366.0782 GFlop/s per process)    47%    1831.1 sec left
CG set 146 / 306    2929.5178 GFlop/s     (366.1897 GFlop/s per process)    47%    1819.4 sec left
CG set 147 / 306    2930.5192 GFlop/s     (366.3149 GFlop/s per process)    48%    1807.9 sec left
CG set 148 / 306    2931.7063 GFlop/s     (366.4633 GFlop/s per process)    48%    1796.4 sec left
CG set 149 / 306    2932.0464 GFlop/s     (366.5058 GFlop/s per process)    48%    1784.4 sec left
CG set 150 / 306    2932.4141 GFlop/s     (366.5518 GFlop/s per process)    49%    1772.5 sec left
CG set 151 / 306    2933.7933 GFlop/s     (366.7242 GFlop/s per process)    49%    1761.2 sec left
CG set 152 / 306    2935.1017 GFlop/s     (366.8877 GFlop/s per process)    49%    1749.9 sec left
CG set 153 / 306    2935.9598 GFlop/s     (366.9950 GFlop/s per process)    50%    1738.2 sec left
CG set 154 / 306    2936.8186 GFlop/s     (367.1023 GFlop/s per process)    50%    1726.6 sec left
CG set 155 / 306    2937.4065 GFlop/s     (367.1758 GFlop/s per process)    50%    1714.8 sec left
CG set 156 / 306    2938.7637 GFlop/s     (367.3455 GFlop/s per process)    50%    1703.6 sec left
CG set 157 / 306    2926.8683 GFlop/s     (365.8585 GFlop/s per process)    51%    1683.5 sec left
CG set 158 / 306    2926.5425 GFlop/s     (365.8178 GFlop/s per process)    51%    1671.1 sec left
CG set 159 / 306    2922.4858 GFlop/s     (365.3107 GFlop/s per process)    51%    1656.1 sec left
CG set 160 / 306    2923.6359 GFlop/s     (365.4545 GFlop/s per process)    52%    1644.7 sec left
CG set 161 / 306    2924.3714 GFlop/s     (365.5464 GFlop/s per process)    52%    1633.0 sec left
CG set 162 / 306    2924.7472 GFlop/s     (365.5934 GFlop/s per process)    52%    1621.0 sec left
CG set 163 / 306    2925.3980 GFlop/s     (365.6747 GFlop/s per process)    53%    1609.3 sec left
CG set 164 / 306    2925.7913 GFlop/s     (365.7239 GFlop/s per process)    53%    1597.3 sec left
CG set 165 / 306    2926.4103 GFlop/s     (365.8013 GFlop/s per process)    53%    1585.5 sec left
CG set 166 / 306    2927.2260 GFlop/s     (365.9032 GFlop/s per process)    54%    1573.9 sec left
CG set 167 / 306    2927.4013 GFlop/s     (365.9252 GFlop/s per process)    54%    1561.8 sec left
CG set 168 / 306    2928.4050 GFlop/s     (366.0506 GFlop/s per process)    54%    1550.3 sec left
CG set 169 / 306    2929.9036 GFlop/s     (366.2380 GFlop/s per process)    55%    1539.2 sec left
CG set 170 / 306    2931.0853 GFlop/s     (366.3857 GFlop/s per process)    55%    1527.9 sec left
CG set 171 / 306    2931.2867 GFlop/s     (366.4108 GFlop/s per process)    55%    1515.8 sec left
CG set 172 / 306    2930.9059 GFlop/s     (366.3632 GFlop/s per process)    56%    1503.4 sec left
CG set 173 / 306    2931.0904 GFlop/s     (366.3863 GFlop/s per process)    56%    1491.3 sec left
CG set 174 / 306    2932.5851 GFlop/s     (366.5731 GFlop/s per process)    56%    1480.2 sec left
CG set 175 / 306    2933.6094 GFlop/s     (366.7012 GFlop/s per process)    57%    1468.8 sec left
CG set 176 / 306    2934.8056 GFlop/s     (366.8507 GFlop/s per process)    57%    1457.5 sec left
CG set 177 / 306    2935.7081 GFlop/s     (366.9635 GFlop/s per process)    57%    1446.0 sec left
CG set 178 / 306    2936.8649 GFlop/s     (367.1081 GFlop/s per process)    58%    1434.7 sec left
CG set 179 / 306    2937.5166 GFlop/s     (367.1896 GFlop/s per process)    58%    1423.0 sec left
CG set 180 / 306    2938.1046 GFlop/s     (367.2631 GFlop/s per process)    58%    1411.3 sec left
CG set 181 / 306    2937.9887 GFlop/s     (367.2486 GFlop/s per process)    59%    1399.1 sec left
CG set 182 / 306    2938.6736 GFlop/s     (367.3342 GFlop/s per process)    59%    1387.4 sec left
CG set 183 / 306    2939.5334 GFlop/s     (367.4417 GFlop/s per process)    59%    1375.9 sec left
CG set 184 / 306    2940.0873 GFlop/s     (367.5109 GFlop/s per process)    60%    1364.2 sec left
CG set 185 / 306    2940.4925 GFlop/s     (367.5616 GFlop/s per process)    60%    1352.4 sec left
CG set 186 / 306    2941.4384 GFlop/s     (367.6798 GFlop/s per process)    60%    1341.0 sec left
CG set 187 / 306    2941.6576 GFlop/s     (367.7072 GFlop/s per process)    61%    1329.0 sec left
CG set 188 / 306    2942.1745 GFlop/s     (367.7718 GFlop/s per process)    61%    1317.3 sec left
CG set 189 / 306    2942.5774 GFlop/s     (367.8222 GFlop/s per process)    61%    1305.4 sec left
CG set 190 / 306    2942.9861 GFlop/s     (367.8733 GFlop/s per process)    62%    1293.6 sec left
CG set 191 / 306    2942.9818 GFlop/s     (367.8727 GFlop/s per process)    62%    1281.5 sec left
CG set 192 / 306    2943.8889 GFlop/s     (367.9861 GFlop/s per process)    62%    1270.1 sec left
CG set 193 / 306    2944.8499 GFlop/s     (368.1062 GFlop/s per process)    63%    1258.7 sec left
CG set 194 / 306    2945.5636 GFlop/s     (368.1955 GFlop/s per process)    63%    1247.2 sec left
CG set 195 / 306    2946.1880 GFlop/s     (368.2735 GFlop/s per process)    63%    1235.6 sec left
CG set 196 / 306    2946.7989 GFlop/s     (368.3499 GFlop/s per process)    64%    1223.9 sec left
CG set 197 / 306    2947.2168 GFlop/s     (368.4021 GFlop/s per process)    64%    1212.2 sec left
CG set 198 / 306    2947.8159 GFlop/s     (368.4770 GFlop/s per process)    64%    1200.5 sec left
CG set 199 / 306    2948.4216 GFlop/s     (368.5527 GFlop/s per process)    65%    1188.9 sec left
CG set 200 / 306    2948.9787 GFlop/s     (368.6223 GFlop/s per process)    65%    1177.3 sec left
CG set 201 / 306    2949.8780 GFlop/s     (368.7348 GFlop/s per process)    65%    1165.9 sec left
CG set 202 / 306    2950.5554 GFlop/s     (368.8194 GFlop/s per process)    66%    1154.4 sec left
CG set 203 / 306    2950.9047 GFlop/s     (368.8631 GFlop/s per process)    66%    1142.6 sec left
CG set 204 / 306    2951.3773 GFlop/s     (368.9222 GFlop/s per process)    66%    1130.9 sec left
CG set 205 / 306    2951.6972 GFlop/s     (368.9622 GFlop/s per process)    66%    1119.0 sec left
CG set 206 / 306    2952.4651 GFlop/s     (369.0581 GFlop/s per process)    67%    1107.6 sec left
CG set 207 / 306    2952.7392 GFlop/s     (369.0924 GFlop/s per process)    67%    1095.7 sec left
CG set 208 / 306    2952.9807 GFlop/s     (369.1226 GFlop/s per process)    67%    1083.8 sec left
CG set 209 / 306    2953.3565 GFlop/s     (369.1696 GFlop/s per process)    68%    1072.1 sec left
CG set 210 / 306    2954.0959 GFlop/s     (369.2620 GFlop/s per process)    68%    1060.6 sec left
CG set 211 / 306    2954.0813 GFlop/s     (369.2602 GFlop/s per process)    68%    1048.5 sec left
CG set 212 / 306    2954.3295 GFlop/s     (369.2912 GFlop/s per process)    69%    1036.6 sec left
CG set 213 / 306    2954.3345 GFlop/s     (369.2918 GFlop/s per process)    69%    1024.6 sec left
CG set 214 / 306    2954.2116 GFlop/s     (369.2764 GFlop/s per process)    69%    1012.4 sec left
CG set 215 / 306    2953.0596 GFlop/s     (369.1324 GFlop/s per process)    70%    999.2 sec left
CG set 216 / 306    2953.0176 GFlop/s     (369.1272 GFlop/s per process)    70%    987.1 sec left
CG set 217 / 306    2953.4769 GFlop/s     (369.1846 GFlop/s per process)    70%    975.4 sec left
CG set 218 / 306    2953.5964 GFlop/s     (369.1996 GFlop/s per process)    71%    963.4 sec left
CG set 219 / 306    2952.7600 GFlop/s     (369.0950 GFlop/s per process)    71%    950.6 sec left
CG set 220 / 306    2951.2875 GFlop/s     (368.9109 GFlop/s per process)    71%    937.1 sec left
CG set 221 / 306    2951.6210 GFlop/s     (368.9526 GFlop/s per process)    72%    925.3 sec left
CG set 222 / 306    2950.9717 GFlop/s     (368.8715 GFlop/s per process)    72%    912.6 sec left
CG set 223 / 306    2949.0143 GFlop/s     (368.6268 GFlop/s per process)    72%    898.7 sec left
CG set 224 / 306    2948.6158 GFlop/s     (368.5770 GFlop/s per process)    73%    886.2 sec left
CG set 225 / 306    2948.6037 GFlop/s     (368.5755 GFlop/s per process)    73%    874.1 sec left
CG set 226 / 306    2949.0705 GFlop/s     (368.6338 GFlop/s per process)    73%    862.4 sec left
CG set 227 / 306    2949.5171 GFlop/s     (368.6896 GFlop/s per process)    74%    850.7 sec left
CG set 228 / 306    2949.7762 GFlop/s     (368.7220 GFlop/s per process)    74%    838.9 sec left
CG set 229 / 306    2949.7993 GFlop/s     (368.7249 GFlop/s per process)    74%    826.8 sec left
CG set 230 / 306    2950.1551 GFlop/s     (368.7694 GFlop/s per process)    75%    815.0 sec left
CG set 231 / 306    2950.8171 GFlop/s     (368.8521 GFlop/s per process)    75%    803.5 sec left
CG set 232 / 306    2951.2562 GFlop/s     (368.9070 GFlop/s per process)    75%    791.8 sec left
CG set 233 / 306    2951.2020 GFlop/s     (368.9002 GFlop/s per process)    76%    779.7 sec left
CG set 234 / 306    2951.5805 GFlop/s     (368.9476 GFlop/s per process)    76%    768.0 sec left
CG set 235 / 306    2952.0733 GFlop/s     (369.0092 GFlop/s per process)    76%    756.3 sec left
CG set 236 / 306    2952.3992 GFlop/s     (369.0499 GFlop/s per process)    77%    744.6 sec left
CG set 237 / 306    2952.7601 GFlop/s     (369.0950 GFlop/s per process)    77%    732.8 sec left
CG set 238 / 306    2953.1405 GFlop/s     (369.1426 GFlop/s per process)    77%    721.1 sec left
CG set 239 / 306    2953.5906 GFlop/s     (369.1988 GFlop/s per process)    78%    709.4 sec left
CG set 240 / 306    2953.8444 GFlop/s     (369.2305 GFlop/s per process)    78%    697.6 sec left
CG set 241 / 306    2954.1266 GFlop/s     (369.2658 GFlop/s per process)    78%    685.8 sec left
CG set 242 / 306    2954.5131 GFlop/s     (369.3141 GFlop/s per process)    79%    674.1 sec left
CG set 243 / 306    2954.5612 GFlop/s     (369.3201 GFlop/s per process)    79%    662.1 sec left
CG set 244 / 306    2954.4630 GFlop/s     (369.3079 GFlop/s per process)    79%    649.9 sec left
CG set 245 / 306    2954.5292 GFlop/s     (369.3162 GFlop/s per process)    80%    637.8 sec left
CG set 246 / 306    2954.8228 GFlop/s     (369.3528 GFlop/s per process)    80%    626.0 sec left
CG set 247 / 306    2955.1211 GFlop/s     (369.3901 GFlop/s per process)    80%    614.3 sec left
CG set 248 / 306    2955.4144 GFlop/s     (369.4268 GFlop/s per process)    81%    602.5 sec left
CG set 249 / 306    2955.7698 GFlop/s     (369.4712 GFlop/s per process)    81%    590.8 sec left
CG set 250 / 306    2955.4000 GFlop/s     (369.4250 GFlop/s per process)    81%    578.3 sec left
CG set 251 / 306    2955.6969 GFlop/s     (369.4621 GFlop/s per process)    82%    566.5 sec left
CG set 252 / 306    2956.1047 GFlop/s     (369.5131 GFlop/s per process)    82%    554.9 sec left
CG set 253 / 306    2956.0387 GFlop/s     (369.5048 GFlop/s per process)    82%    542.7 sec left
CG set 254 / 306    2956.3982 GFlop/s     (369.5498 GFlop/s per process)    83%    531.0 sec left
CG set 255 / 306    2956.6304 GFlop/s     (369.5788 GFlop/s per process)    83%    519.2 sec left
CG set 256 / 306    2956.6624 GFlop/s     (369.5828 GFlop/s per process)    83%    507.1 sec left
CG set 257 / 306    2956.7737 GFlop/s     (369.5967 GFlop/s per process)    83%    495.2 sec left
CG set 258 / 306    2957.1564 GFlop/s     (369.6446 GFlop/s per process)    84%    483.5 sec left
CG set 259 / 306    2957.2026 GFlop/s     (369.6503 GFlop/s per process)    84%    471.5 sec left
CG set 260 / 306    2957.5932 GFlop/s     (369.6992 GFlop/s per process)    84%    459.8 sec left
CG set 261 / 306    2957.5370 GFlop/s     (369.6921 GFlop/s per process)    85%    447.7 sec left
CG set 262 / 306    2957.6483 GFlop/s     (369.7060 GFlop/s per process)    85%    435.7 sec left
CG set 263 / 306    2958.0100 GFlop/s     (369.7512 GFlop/s per process)    85%    424.0 sec left
CG set 264 / 306    2958.2152 GFlop/s     (369.7769 GFlop/s per process)    86%    412.2 sec left
CG set 265 / 306    2958.3549 GFlop/s     (369.7944 GFlop/s per process)    86%    400.3 sec left
CG set 266 / 306    2958.7707 GFlop/s     (369.8463 GFlop/s per process)    86%    388.6 sec left
CG set 267 / 306    2958.5925 GFlop/s     (369.8241 GFlop/s per process)    87%    376.4 sec left
CG set 268 / 306    2958.6274 GFlop/s     (369.8284 GFlop/s per process)    87%    364.3 sec left
CG set 269 / 306    2958.8707 GFlop/s     (369.8588 GFlop/s per process)    87%    352.5 sec left
CG set 270 / 306    2958.7463 GFlop/s     (369.8433 GFlop/s per process)    88%    340.3 sec left
CG set 271 / 306    2959.1453 GFlop/s     (369.8932 GFlop/s per process)    88%    328.7 sec left
CG set 272 / 306    2959.2027 GFlop/s     (369.9003 GFlop/s per process)    88%    316.7 sec left
CG set 273 / 306    2959.3308 GFlop/s     (369.9164 GFlop/s per process)    89%    304.8 sec left
CG set 274 / 306    2959.5838 GFlop/s     (369.9480 GFlop/s per process)    89%    293.0 sec left
CG set 275 / 306    2959.5221 GFlop/s     (369.9403 GFlop/s per process)    89%    280.8 sec left
CG set 276 / 306    2959.9627 GFlop/s     (369.9953 GFlop/s per process)    90%    269.3 sec left
CG set 277 / 306    2960.2689 GFlop/s     (370.0336 GFlop/s per process)    90%    257.6 sec left
CG set 278 / 306    2960.4456 GFlop/s     (370.0557 GFlop/s per process)    90%    245.7 sec left
CG set 279 / 306    2960.6718 GFlop/s     (370.0840 GFlop/s per process)    91%    233.9 sec left
CG set 280 / 306    2961.0371 GFlop/s     (370.1296 GFlop/s per process)    91%    222.3 sec left
CG set 281 / 306    2960.9358 GFlop/s     (370.1170 GFlop/s per process)    91%    210.1 sec left
CG set 282 / 306    2960.9455 GFlop/s     (370.1182 GFlop/s per process)    92%    198.0 sec left
CG set 283 / 306    2961.1218 GFlop/s     (370.1402 GFlop/s per process)    92%    186.2 sec left
CG set 284 / 306    2961.1071 GFlop/s     (370.1384 GFlop/s per process)    92%    174.1 sec left
CG set 285 / 306    2961.2837 GFlop/s     (370.1605 GFlop/s per process)    93%    162.2 sec left
CG set 286 / 306    2961.5689 GFlop/s     (370.1961 GFlop/s per process)    93%    150.5 sec left
CG set 287 / 306    2961.5850 GFlop/s     (370.1981 GFlop/s per process)    93%    138.5 sec left
CG set 288 / 306    2961.9029 GFlop/s     (370.2379 GFlop/s per process)    94%    126.8 sec left
CG set 289 / 306    2962.1814 GFlop/s     (370.2727 GFlop/s per process)    94%    115.1 sec left
CG set 290 / 306    2962.1516 GFlop/s     (370.2689 GFlop/s per process)    94%    103.0 sec left
CG set 291 / 306    2962.2603 GFlop/s     (370.2825 GFlop/s per process)    95%    91.0 sec left
CG set 292 / 306    2962.3031 GFlop/s     (370.2879 GFlop/s per process)    95%    79.0 sec left
CG set 293 / 306    2962.3902 GFlop/s     (370.2988 GFlop/s per process)    95%    67.1 sec left
CG set 294 / 306    2962.5621 GFlop/s     (370.3203 GFlop/s per process)    96%    55.2 sec left
CG set 295 / 306    2962.5880 GFlop/s     (370.3235 GFlop/s per process)    96%    43.2 sec left
CG set 296 / 306    2962.7525 GFlop/s     (370.3441 GFlop/s per process)    96%    31.3 sec left
CG set 297 / 306    2962.7260 GFlop/s     (370.3407 GFlop/s per process)    97%    19.3 sec left
CG set 298 / 306    2962.5991 GFlop/s     (370.3249 GFlop/s per process)    97%    7.0 sec left
CG set 299 / 306    2962.6313 GFlop/s     (370.3289 GFlop/s per process)    97%    0.0 sec left
CG set 300 / 306    2962.8563 GFlop/s     (370.3570 GFlop/s per process)    98%    0.0 sec left
CG set 301 / 306    2962.9973 GFlop/s     (370.3747 GFlop/s per process)    98%    0.0 sec left
CG set 302 / 306    2963.0388 GFlop/s     (370.3798 GFlop/s per process)    98%    0.0 sec left
CG set 303 / 306    2962.9697 GFlop/s     (370.3712 GFlop/s per process)    99%    0.0 sec left
CG set 304 / 306    2962.9703 GFlop/s     (370.3713 GFlop/s per process)    99%    0.0 sec left
CG set 305 / 306    2962.8299 GFlop/s     (370.3537 GFlop/s per process)    99%    0.0 sec left
CG set 306 / 306    2962.7258 GFlop/s     (370.3407 GFlop/s per process)    100%    0.0 sec left

Local domain: 624 x 624 x 624
Global domain: 1248 x 1248 x 1248
Process domain: 2 x 2 x 2

Total Time: 3689.25 sec
Setup Time: 0.28 sec
Optimization Time: 2.03 sec

DDOT   =   979.9 GFlop/s ( 7839.6 GB/s)     122.5 GFlop/s per process (  979.9 GB/s per process)
WAXPBY =  1542.3 GFlop/s (18508.1 GB/s)     192.8 GFlop/s per process ( 2313.5 GB/s per process)
SpMV   =  3468.6 GFlop/s (28778.5 GB/s)     433.6 GFlop/s per process ( 3597.3 GB/s per process)
MG     =  4333.7 GFlop/s (42113.1 GB/s)     541.7 GFlop/s per process ( 5264.1 GB/s per process)
Total  =  3381.7 GFlop/s (32188.9 GB/s)     422.7 GFlop/s per process ( 4023.6 GB/s per process)
Final  =  2962.7 GFlop/s (28201.0 GB/s)     370.3 GFlop/s per process ( 3525.1 GB/s per process)
